Archive member included to satisfy reference by file (symbol)

app/libapp.a(main.c.obj)      (--whole-archive)
zephyr/libzephyr.a(soc_nrf_common.S.obj)
                              (--whole-archive)
zephyr/libzephyr.a(bitarray.c.obj)
                              (--whole-archive)
zephyr/libzephyr.a(cbprintf.c.obj)
                              (--whole-archive)
zephyr/libzephyr.a(cbprintf_complete.c.obj)
                              (--whole-archive)
zephyr/libzephyr.a(cbprintf_packaged.c.obj)
                              (--whole-archive)
zephyr/libzephyr.a(configs.c.obj)
                              (--whole-archive)
zephyr/libzephyr.a(constraint.c.obj)
                              (--whole-archive)
zephyr/libzephyr.a(crc16_sw.c.obj)
                              (--whole-archive)
zephyr/libzephyr.a(crc32_sw.c.obj)
                              (--whole-archive)
zephyr/libzephyr.a(crc32c_sw.c.obj)
                              (--whole-archive)
zephyr/libzephyr.a(crc7_sw.c.obj)
                              (--whole-archive)
zephyr/libzephyr.a(crc8_sw.c.obj)
                              (--whole-archive)
zephyr/libzephyr.a(dec.c.obj)
                              (--whole-archive)
zephyr/libzephyr.a(fdtable.c.obj)
                              (--whole-archive)
zephyr/libzephyr.a(heap-validate.c.obj)
                              (--whole-archive)
zephyr/libzephyr.a(heap.c.obj)
                              (--whole-archive)
zephyr/libzephyr.a(hex.c.obj)
                              (--whole-archive)
zephyr/libzephyr.a(multi_heap.c.obj)
                              (--whole-archive)
zephyr/libzephyr.a(notify.c.obj)
                              (--whole-archive)
zephyr/libzephyr.a(nrf_cc3xx_platform_abort_zephyr.c.obj)
                              (--whole-archive)
zephyr/libzephyr.a(nrf_cc3xx_platform_mutex_zephyr.c.obj)
                              (--whole-archive)
zephyr/libzephyr.a(onoff.c.obj)
                              (--whole-archive)
zephyr/libzephyr.a(pm.c.obj)  (--whole-archive)
zephyr/libzephyr.a(printk.c.obj)
                              (--whole-archive)
zephyr/libzephyr.a(rb.c.obj)  (--whole-archive)
zephyr/libzephyr.a(reboot.c.obj)
                              (--whole-archive)
zephyr/libzephyr.a(residency.c.obj)
                              (--whole-archive)
zephyr/libzephyr.a(sem.c.obj)
                              (--whole-archive)
zephyr/libzephyr.a(thread_entry.c.obj)
                              (--whole-archive)
zephyr/libzephyr.a(timeutil.c.obj)
                              (--whole-archive)
zephyr/libzephyr.a(tracing_none.c.obj)
                              (--whole-archive)
zephyr/libzephyr.a(validate_base_addresses.c.obj)
                              (--whole-archive)
zephyr/libzephyr.a(validate_enabled_instances.c.obj)
                              (--whole-archive)
zephyr/arch/common/libarch__common.a(sw_isr_common.c.obj)
                              (--whole-archive)
zephyr/arch/arch/arm/core/aarch32/libarch__arm__core__aarch32.a(cpu_idle.S.obj)
                              (--whole-archive)
zephyr/arch/arch/arm/core/aarch32/libarch__arm__core__aarch32.a(isr_wrapper.S.obj)
                              (--whole-archive)
zephyr/arch/arch/arm/core/aarch32/libarch__arm__core__aarch32.a(nmi_on_reset.S.obj)
                              (--whole-archive)
zephyr/arch/arch/arm/core/aarch32/libarch__arm__core__aarch32.a(swap_helper.S.obj)
                              (--whole-archive)
zephyr/arch/arch/arm/core/aarch32/libarch__arm__core__aarch32.a(fatal.c.obj)
                              (--whole-archive)
zephyr/arch/arch/arm/core/aarch32/libarch__arm__core__aarch32.a(irq_manage.c.obj)
                              (--whole-archive)
zephyr/arch/arch/arm/core/aarch32/libarch__arm__core__aarch32.a(nmi.c.obj)
                              (--whole-archive)
zephyr/arch/arch/arm/core/aarch32/libarch__arm__core__aarch32.a(prep_c.c.obj)
                              (--whole-archive)
zephyr/arch/arch/arm/core/aarch32/libarch__arm__core__aarch32.a(swap.c.obj)
                              (--whole-archive)
zephyr/arch/arch/arm/core/aarch32/libarch__arm__core__aarch32.a(thread.c.obj)
                              (--whole-archive)
zephyr/arch/arch/arm/core/aarch32/cortex_m/libarch__arm__core__aarch32__cortex_m.a(exc_exit.S.obj)
                              (--whole-archive)
zephyr/arch/arch/arm/core/aarch32/cortex_m/libarch__arm__core__aarch32__cortex_m.a(fault_s.S.obj)
                              (--whole-archive)
zephyr/arch/arch/arm/core/aarch32/cortex_m/libarch__arm__core__aarch32__cortex_m.a(reset.S.obj)
                              (--whole-archive)
zephyr/arch/arch/arm/core/aarch32/cortex_m/libarch__arm__core__aarch32__cortex_m.a(vector_table.S.obj)
                              (--whole-archive)
zephyr/arch/arch/arm/core/aarch32/cortex_m/libarch__arm__core__aarch32__cortex_m.a(fault.c.obj)
                              (--whole-archive)
[...]
Memory Configuration

Name             Origin             Length             Attributes
FLASH            0x00000000         0x00100000         xr
SRAM             0x20000000         0x00040000         xw
IDT_LIST         0xfffff7ff         0x00000800         xw
*default*        0x00000000         0xffffffff

Linker script and memory map

LOAD zephyr/CMakeFiles/zephyr_pre1.dir/dev_handles.c.obj
LOAD zephyr/CMakeFiles/zephyr_pre1.dir/misc/empty_file.c.obj
                0x00000020                _region_min_align = 0x20

.rel.plt        0x00000000        0x0
 *(SORT_BY_ALIGNMENT(.rel.plt))
                [!provide]                PROVIDE (__rel_iplt_start = .)
 *(SORT_BY_ALIGNMENT(.rel.iplt))
 .rel.iplt      0x00000000        0x0 zephyr/CMakeFiles/zephyr_pre1.dir/dev_handles.c.obj
                [!provide]                PROVIDE (__rel_iplt_end = .)

.rela.plt       0x00000000        0x0
 *(SORT_BY_ALIGNMENT(.rela.plt))
                [!provide]                PROVIDE (__rela_iplt_start = .)
 *(SORT_BY_ALIGNMENT(.rela.iplt))
                [!provide]                PROVIDE (__rela_iplt_end = .)

.rel.dyn
 *(SORT_BY_ALIGNMENT(.rel.*))

.rela.dyn
 *(SORT_BY_ALIGNMENT(.rela.*))

/DISCARD/
 *(SORT_BY_ALIGNMENT(.plt))
 *(SORT_BY_ALIGNMENT(.iplt))
 *(SORT_BY_ALIGNMENT(.got.plt))
 *(SORT_BY_ALIGNMENT(.igot.plt))
 *(SORT_BY_ALIGNMENT(.got))
 *(SORT_BY_ALIGNMENT(.igot))
 *(SORT_BY_ALIGNMENT(.note.GNU-stack))
                0x00000000                __rom_region_start = 0x0

rom_start       0x00000000      0x100
                0x00000000                . = 0x0
                0x00000000                . = ALIGN (0x4)
                0x00000000                . = ALIGN (0x80)
                0x00000000                . = ALIGN (0x100)
                0x00000000                _vector_start = .
 *(SORT_BY_ALIGNMENT(.exc_vector_table))
 *(SORT_BY_ALIGNMENT(.exc_vector_table.*))
 .exc_vector_table._vector_table_section
                0x00000000       0x40 zephyr/arch/arch/arm/core/aarch32/cortex_m/libarch__arm__core__aarch32__cortex_m.a(vector_table.S.obj)
                0x00000000                _vector_table
 *(SORT_BY_ALIGNMENT(.gnu.linkonce.irq_vector_table*))
 .gnu.linkonce.irq_vector_table
                0x00000040       0xc0 zephyr/arch/common/libisr_tables.a(isr_tables.c.obj)
                0x00000040                _irq_vector_table
 *(SORT_BY_ALIGNMENT(.vectors))
                0x00000100                _vector_end = .

text            0x00000100     0x72c4
                0x00000100                __text_region_start = .
 *(SORT_BY_ALIGNMENT(.text))
 .text          0x00000100      0x378 c:/users/gabi_/ncs/v1.9.1/toolchain/opt/bin/../lib/gcc/arm-none-eabi/9.2.1/thumb/v7e-m/nofp\libgcc.a(_arm_addsubdf3.o)
                0x00000100                __aeabi_drsub
                0x00000108                __aeabi_dsub
                0x00000108                __subdf3
                0x0000010c                __aeabi_dadd
                0x0000010c                __adddf3
                0x00000384                __floatunsidf
                0x00000384                __aeabi_ui2d
                0x000003a4                __floatsidf
                0x000003a4                __aeabi_i2d
                0x000003c8                __aeabi_f2d
                0x000003c8                __extendsfdf2
                0x0000040c                __floatundidf
                0x0000040c                __aeabi_ul2d
                0x0000041c                __floatdidf
                0x0000041c                __aeabi_l2d
 .text          0x00000478      0x424 c:/users/gabi_/ncs/v1.9.1/toolchain/opt/bin/../lib/gcc/arm-none-eabi/9.2.1/thumb/v7e-m/nofp\libgcc.a(_arm_muldivdf3.o)
                0x00000478                __aeabi_dmul
                0x00000478                __muldf3
                0x000006cc                __divdf3
                0x000006cc                __aeabi_ddiv
 .text          0x0000089c       0x50 c:/users/gabi_/ncs/v1.9.1/toolchain/opt/bin/../lib/gcc/arm-none-eabi/9.2.1/thumb/v7e-m/nofp\libgcc.a(_arm_fixdfsi.o)
                0x0000089c                __aeabi_d2iz
                0x0000089c                __fixdfsi
 .text          0x000008ec      0x21c c:/users/gabi_/ncs/v1.9.1/toolchain/opt/bin/../lib/gcc/arm-none-eabi/9.2.1/thumb/v7e-m/nofp\libgcc.a(_arm_addsubsf3.o)
                0x000008ec                __aeabi_frsub
                0x000008f4                __subsf3
                0x000008f4                __aeabi_fsub
                0x000008f8                __aeabi_fadd
                0x000008f8                __addsf3
                0x00000a58                __aeabi_ui2f
                0x00000a58                __floatunsisf
                0x00000a60                __aeabi_i2f
                0x00000a60                __floatsisf
                0x00000a7c                __aeabi_ul2f
                0x00000a7c                __floatundisf
                0x00000a8c                __aeabi_l2f
                0x00000a8c                __floatdisf
 .text          0x00000b08      0x2a0 c:/users/gabi_/ncs/v1.9.1/toolchain/opt/bin/../lib/gcc/arm-none-eabi/9.2.1/thumb/v7e-m/nofp\libgcc.a(_arm_muldivsf3.o)
                0x00000b08                __mulsf3
                0x00000b08                __aeabi_fmul
                0x00000c70                __aeabi_fdiv
                0x00000c70                __divsf3
 .text          0x00000da8       0x40 c:/users/gabi_/ncs/v1.9.1/toolchain/opt/bin/../lib/gcc/arm-none-eabi/9.2.1/thumb/v7e-m/nofp\libgcc.a(_arm_fixunssfsi.o)
                0x00000da8                __fixunssfsi
                0x00000da8                __aeabi_f2uiz
 .text          0x00000de8       0x30 c:/users/gabi_/ncs/v1.9.1/toolchain/opt/bin/../lib/gcc/arm-none-eabi/9.2.1/thumb/v7e-m/nofp\libgcc.a(_aeabi_uldivmod.o)
                0x00000de8                __aeabi_uldivmod
 .text          0x00000e18      0x2c0 c:/users/gabi_/ncs/v1.9.1/toolchain/opt/bin/../lib/gcc/arm-none-eabi/9.2.1/thumb/v7e-m/nofp\libgcc.a(_udivmoddi4.o)
                0x00000e18                __udivmoddi4
 .text          0x000010d8        0x4 c:/users/gabi_/ncs/v1.9.1/toolchain/opt/bin/../lib/gcc/arm-none-eabi/9.2.1/thumb/v7e-m/nofp\libgcc.a(_dvmd_tls.o)
                0x000010d8                __aeabi_idiv0
                0x000010d8                __aeabi_ldiv0
 *(SORT_BY_ALIGNMENT(.text.*))
 *fill*         0x000010dc        0x4 
 .text.filter_thread_code
                0x000010e0      0x104 app/libapp.a(main.c.obj)
                0x000010e0                filter_thread_code
 .text.out_thread_code
                0x000011e4      0x110 app/libapp.a(main.c.obj)
                0x000011e4                out_thread_code
 .text.read_thread_code
                0x000012f4      0x150 app/libapp.a(main.c.obj)
                0x000012f4                read_thread_code
 .text.conf     0x00001444       0x8c app/libapp.a(main.c.obj)
                0x00001444                conf
 .text.adc_setup
                0x000014d0       0x50 app/libapp.a(main.c.obj)
                0x000014d0                adc_setup
 .text.main     0x00001520       0xc8 app/libapp.a(main.c.obj)
                0x00001520                main
 .text.cbvprintf
                0x000015e8      0x780 zephyr/libzephyr.a(cbprintf_complete.c.obj)
                0x000015e8                cbvprintf
 .text.nrf_cc3xx_platform_abort_init
                0x00001d68        0xc zephyr/libzephyr.a(nrf_cc3xx_platform_abort_zephyr.c.obj)
                0x00001d68                nrf_cc3xx_platform_abort_init
 .text.mutex_unlock_platform
                0x00001d74       0x4c zephyr/libzephyr.a(nrf_cc3xx_platform_mutex_zephyr.c.obj)
 .text.mutex_free_platform
                0x00001dc0       0x48 zephyr/libzephyr.a(nrf_cc3xx_platform_mutex_zephyr.c.obj)
 .text.mutex_init_platform
                0x00001e08       0x70 zephyr/libzephyr.a(nrf_cc3xx_platform_mutex_zephyr.c.obj)
 .text.mutex_lock_platform
                0x00001e78       0x58 zephyr/libzephyr.a(nrf_cc3xx_platform_mutex_zephyr.c.obj)
 .text.nrf_cc3xx_platform_mutex_init
                0x00001ed0       0x2c zephyr/libzephyr.a(nrf_cc3xx_platform_mutex_zephyr.c.obj)
                0x00001ed0                nrf_cc3xx_platform_mutex_init
 .text.process_event
                0x00001efc      0x1cc zephyr/libzephyr.a(onoff.c.obj)
 .text.pm_state_notify
                0x000020c8       0x64 zephyr/libzephyr.a(pm.c.obj)
 .text.atomic_test_and_set_bit.constprop.0
                0x0000212c       0x38 zephyr/libzephyr.a(pm.c.obj)
 .text.pm_system_resume
                0x00002164       0x88 zephyr/libzephyr.a(pm.c.obj)
                0x00002164                pm_system_resume
 .text.pm_system_suspend
                0x000021ec      0x100 zephyr/libzephyr.a(pm.c.obj)
                0x000021ec                pm_system_suspend
 .text.char_out
                0x000022ec       0x10 zephyr/libzephyr.a(printk.c.obj)
 .text.__printk_hook_install
                0x000022fc        0xc zephyr/libzephyr.a(printk.c.obj)
                0x000022fc                __printk_hook_install
 .text.vprintk  0x00002308       0x1c zephyr/libzephyr.a(printk.c.obj)
                0x00002308                vprintk
 .text.sys_reboot
                0x00002324       0x28 zephyr/libzephyr.a(reboot.c.obj)
                0x00002324                sys_reboot
 .text.z_arm_cpu_idle_init
                0x0000234c        0xc zephyr/arch/arch/arm/core/aarch32/libarch__arm__core__aarch32.a(cpu_idle.S.obj)
                0x0000234c                z_arm_cpu_idle_init
 .text.arch_cpu_idle
                0x00002358       0x1c zephyr/arch/arch/arm/core/aarch32/libarch__arm__core__aarch32.a(cpu_idle.S.obj)
                0x00002358                arch_cpu_idle
 .text.arch_cpu_atomic_idle
                0x00002374       0x14 zephyr/arch/arch/arm/core/aarch32/libarch__arm__core__aarch32.a(cpu_idle.S.obj)
                0x00002374                arch_cpu_atomic_idle
 .text._isr_wrapper
                0x00002388       0x40 zephyr/arch/arch/arm/core/aarch32/libarch__arm__core__aarch32.a(isr_wrapper.S.obj)
                0x00002388                _isr_wrapper
 .text.z_SysNmiOnReset
                0x000023c8        0x8 zephyr/arch/arch/arm/core/aarch32/libarch__arm__core__aarch32.a(nmi_on_reset.S.obj)
                0x000023c8                z_SysNmiOnReset
 .text.z_arm_pendsv
                0x000023d0       0x54 zephyr/arch/arch/arm/core/aarch32/libarch__arm__core__aarch32.a(swap_helper.S.obj)
                0x000023d0                z_arm_pendsv
 .text.z_arm_svc
                0x00002424       0x20 zephyr/arch/arch/arm/core/aarch32/libarch__arm__core__aarch32.a(swap_helper.S.obj)
                0x00002424                z_arm_svc
 .text.arch_irq_enable
                0x00002444       0x20 zephyr/arch/arch/arm/core/aarch32/libarch__arm__core__aarch32.a(irq_manage.c.obj)
                0x00002444                arch_irq_enable
 .text.arch_irq_is_enabled
                0x00002464       0x1c zephyr/arch/arch/arm/core/aarch32/libarch__arm__core__aarch32.a(irq_manage.c.obj)
                0x00002464                arch_irq_is_enabled
 .text.z_arm_irq_priority_set
                0x00002480       0x30 zephyr/arch/arch/arm/core/aarch32/libarch__arm__core__aarch32.a(irq_manage.c.obj)
                0x00002480                z_arm_irq_priority_set
 .text.z_arm_prep_c
                0x000024b0       0x38 zephyr/arch/arch/arm/core/aarch32/libarch__arm__core__aarch32.a(prep_c.c.obj)
                0x000024b0                z_arm_prep_c
 .text.arch_swap
                0x000024e8       0x34 zephyr/arch/arch/arm/core/aarch32/libarch__arm__core__aarch32.a(swap.c.obj)
                0x000024e8                arch_swap
 .text.arch_new_thread
                0x0000251c       0x38 zephyr/arch/arch/arm/core/aarch32/libarch__arm__core__aarch32.a(thread.c.obj)
                0x0000251c                arch_new_thread
 .text.z_check_thread_stack_fail
                0x00002554       0x34 zephyr/arch/arch/arm/core/aarch32/libarch__arm__core__aarch32.a(thread.c.obj)
                0x00002554                z_check_thread_stack_fail
 .text.arch_switch_to_main_thread
                0x00002588       0x2c zephyr/arch/arch/arm/core/aarch32/libarch__arm__core__aarch32.a(thread.c.obj)
                0x00002588                arch_switch_to_main_thread
 .text._HandlerModeExit
                0x000025b4       0x1c zephyr/arch/arch/arm/core/aarch32/cortex_m/libarch__arm__core__aarch32__cortex_m.a(exc_exit.S.obj)
                0x000025b4                z_arm_int_exit
                0x000025b4                z_arm_exc_exit
 .text.__fault  0x000025d0       0x14 zephyr/arch/arch/arm/core/aarch32/cortex_m/libarch__arm__core__aarch32__cortex_m.a(fault_s.S.obj)
                0x000025d0                z_arm_usage_fault
                0x000025d0                z_arm_mpu_fault
                0x000025d0                z_arm_exc_spurious
                0x000025d0                z_arm_debug_monitor
                0x000025d0                z_arm_hard_fault
                0x000025d0                z_arm_bus_fault
 .text._reset_section
                0x000025e4       0x54 zephyr/arch/arch/arm/core/aarch32/cortex_m/libarch__arm__core__aarch32__cortex_m.a(reset.S.obj)
                0x000025e4                __start
                0x000025e4                z_arm_reset
 .text.mem_manage_fault
                0x00002638       0x6c zephyr/arch/arch/arm/core/aarch32/cortex_m/libarch__arm__core__aarch32__cortex_m.a(fault.c.obj)
 .text.bus_fault.isra.0
                0x000026a4       0x3c zephyr/arch/arch/arm/core/aarch32/cortex_m/libarch__arm__core__aarch32__cortex_m.a(fault.c.obj)
 .text.usage_fault.isra.0
                0x000026e0       0x24 zephyr/arch/arch/arm/core/aarch32/cortex_m/libarch__arm__core__aarch32__cortex_m.a(fault.c.obj)
 .text.z_arm_fault
                0x00002704      0x108 zephyr/arch/arch/arm/core/aarch32/cortex_m/libarch__arm__core__aarch32__cortex_m.a(fault.c.obj)
                0x00002704                z_arm_fault
 .text.z_arm_fault_init
                0x0000280c       0x10 zephyr/arch/arch/arm/core/aarch32/cortex_m/libarch__arm__core__aarch32__cortex_m.a(fault.c.obj)
                0x0000280c                z_arm_fault_init
 .text.z_arm_interrupt_init
                0x0000281c       0x18 zephyr/arch/arch/arm/core/aarch32/cortex_m/libarch__arm__core__aarch32__cortex_m.a(irq_init.c.obj)
                0x0000281c                z_arm_interrupt_init
 .text.z_arm_clear_arm_mpu_config
                0x00002834       0x20 zephyr/arch/arch/arm/core/aarch32/cortex_m/libarch__arm__core__aarch32__cortex_m.a(scb.c.obj)
                0x00002834                z_arm_clear_arm_mpu_config
 .text.z_arm_init_arch_hw_at_boot
                0x00002854       0x64 zephyr/arch/arch/arm/core/aarch32/cortex_m/libarch__arm__core__aarch32__cortex_m.a(scb.c.obj)
                0x00002854                z_arm_init_arch_hw_at_boot
 .text.z_impl_k_thread_abort
                0x000028b8       0x24 zephyr/arch/arch/arm/core/aarch32/cortex_m/libarch__arm__core__aarch32__cortex_m.a(thread_abort.c.obj)
                0x000028b8                z_impl_k_thread_abort
 .text.z_arm_configure_static_mpu_regions
                0x000028dc       0x18 zephyr/arch/arch/arm/core/aarch32/mpu/libarch__arm__core__aarch32__mpu.a(arm_core_mpu.c.obj)
                0x000028dc                z_arm_configure_static_mpu_regions
 .text.z_arm_configure_dynamic_mpu_regions
                0x000028f4       0x20 zephyr/arch/arch/arm/core/aarch32/mpu/libarch__arm__core__aarch32__mpu.a(arm_core_mpu.c.obj)
                0x000028f4                z_arm_configure_dynamic_mpu_regions
 .text.mpu_configure_regions
                0x00002914       0x80 zephyr/arch/arch/arm/core/aarch32/mpu/libarch__arm__core__aarch32__mpu.a(arm_mpu.c.obj)
 .text.arm_core_mpu_enable
                0x00002994       0x14 zephyr/arch/arch/arm/core/aarch32/mpu/libarch__arm__core__aarch32__mpu.a(arm_mpu.c.obj)
                0x00002994                arm_core_mpu_enable
 .text.arm_core_mpu_disable
                0x000029a8       0x10 zephyr/arch/arch/arm/core/aarch32/mpu/libarch__arm__core__aarch32__mpu.a(arm_mpu.c.obj)
                0x000029a8                arm_core_mpu_disable
 .text.arm_core_mpu_configure_static_mpu_regions
                0x000029b8       0x14 zephyr/arch/arch/arm/core/aarch32/mpu/libarch__arm__core__aarch32__mpu.a(arm_mpu.c.obj)
                0x000029b8                arm_core_mpu_configure_static_mpu_regions
 .text.arm_core_mpu_configure_dynamic_mpu_regions
                0x000029cc       0x2c zephyr/arch/arch/arm/core/aarch32/mpu/libarch__arm__core__aarch32__mpu.a(arm_mpu.c.obj)
                0x000029cc                arm_core_mpu_configure_dynamic_mpu_regions
 .text.z_arm_mpu_init
                0x000029f8       0x5c zephyr/arch/arch/arm/core/aarch32/mpu/libarch__arm__core__aarch32__mpu.a(arm_mpu.c.obj)
                0x000029f8                z_arm_mpu_init
 .text.__stdout_hook_install
                0x00002a54        0xc zephyr/lib/libc/minimal/liblib__libc__minimal.a(stdout_console.c.obj)
                0x00002a54                __stdout_hook_install
 .text.nordicsemi_nrf52_init
                0x00002a60       0x64 zephyr/soc/arm/nordic_nrf/nrf52/libsoc__arm__nordic_nrf__nrf52.a(soc.c.obj)
 .text.sys_arch_reboot
                0x00002ac4       0x2c zephyr/soc/arm/nordic_nrf/nrf52/libsoc__arm__nordic_nrf__nrf52.a(soc.c.obj)
                0x00002ac4                sys_arch_reboot
 .text.arch_busy_wait
                0x00002af0       0x14 zephyr/soc/arm/nordic_nrf/nrf52/libsoc__arm__nordic_nrf__nrf52.a(soc.c.obj)
                0x00002af0                arch_busy_wait
 .text.adc_context_start_sampling.isra.0
                0x00002b04       0x20 zephyr/drivers/adc/libdrivers__adc.a(adc_nrfx_saadc.c.obj)
 .text.adc_nrfx_channel_setup
                0x00002b24       0xd4 zephyr/drivers/adc/libdrivers__adc.a(adc_nrfx_saadc.c.obj)
 .text.saadc_irq_handler
                0x00002bf8       0xd4 zephyr/drivers/adc/libdrivers__adc.a(adc_nrfx_saadc.c.obj)
 .text.adc_nrfx_read
                0x00002ccc      0x194 zephyr/drivers/adc/libdrivers__adc.a(adc_nrfx_saadc.c.obj)
 .text.init_saadc
                0x00002e60       0x48 zephyr/drivers/adc/libdrivers__adc.a(adc_nrfx_saadc.c.obj)
 .text.onoff_stop
                0x00002ea8       0x48 zephyr/drivers/clock_control/libdrivers__clock_control.a(clock_control_nrf.c.obj)
 .text.onoff_start
                0x00002ef0       0x58 zephyr/drivers/clock_control/libdrivers__clock_control.a(clock_control_nrf.c.obj)
 .text.clk_init
                0x00002f48       0x60 zephyr/drivers/clock_control/libdrivers__clock_control.a(clock_control_nrf.c.obj)
 .text.clkstarted_handle.constprop.0
                0x00002fa8       0x34 zephyr/drivers/clock_control/libdrivers__clock_control.a(clock_control_nrf.c.obj)
 .text.clock_event_handler
                0x00002fdc       0x1c zephyr/drivers/clock_control/libdrivers__clock_control.a(clock_control_nrf.c.obj)
 .text.generic_hfclk_start
                0x00002ff8       0x64 zephyr/drivers/clock_control/libdrivers__clock_control.a(clock_control_nrf.c.obj)
 .text.generic_hfclk_stop
                0x0000305c       0x2c zephyr/drivers/clock_control/libdrivers__clock_control.a(clock_control_nrf.c.obj)
 .text.api_blocking_start
                0x00003088       0x34 zephyr/drivers/clock_control/libdrivers__clock_control.a(clock_control_nrf.c.obj)
 .text.z_nrf_clock_control_lf_on
                0x000030bc      0x10c zephyr/drivers/clock_control/libdrivers__clock_control.a(clock_control_nrf.c.obj)
                0x000030bc                z_nrf_clock_control_lf_on
 .text.uart_console_init
                0x000031c8       0x30 zephyr/drivers/console/libdrivers__console.a(uart_console.c.obj)
 .text.console_out
                0x000031f8       0x28 zephyr/drivers/console/libdrivers__console.a(uart_console.c.obj)
 .text.nrfx_gpio_handler
                0x00003220       0x54 zephyr/drivers/gpio/libdrivers__gpio.a(gpio_nrfx.c.obj)
 .text.gpio_nrfx_pin_interrupt_configure
                0x00003274       0xd4 zephyr/drivers/gpio/libdrivers__gpio.a(gpio_nrfx.c.obj)
 .text.gpio_nrfx_init
                0x00003348       0x38 zephyr/drivers/gpio/libdrivers__gpio.a(gpio_nrfx.c.obj)
 .text.gpio_nrfx_pin_configure
                0x00003380      0x15c zephyr/drivers/gpio/libdrivers__gpio.a(gpio_nrfx.c.obj)
 .text.pwm_nrfx_get_cycles_per_sec
                0x000034dc       0x10 zephyr/drivers/pwm/libdrivers__pwm.a(pwm_nrfx.c.obj)
 .text.pwm_nrfx_init
                0x000034ec       0x44 zephyr/drivers/pwm/libdrivers__pwm.a(pwm_nrfx.c.obj)
 .text.pwm_nrfx_pin_set
                0x00003530      0x180 zephyr/drivers/pwm/libdrivers__pwm.a(pwm_nrfx.c.obj)
 .text.uarte_nrfx_configure
                0x000036b0      0x164 zephyr/drivers/serial/libdrivers__serial.a(uart_nrfx_uarte.c.obj)
 .text.nrf_gpio_cfg_input
                0x00003814       0x20 zephyr/drivers/serial/libdrivers__serial.a(uart_nrfx_uarte.c.obj)
 .text.uarte_nrfx_poll_out
                0x00003834       0xc4 zephyr/drivers/serial/libdrivers__serial.a(uart_nrfx_uarte.c.obj)
 .text.nrf_gpio_cfg_output
                0x000038f8       0x20 zephyr/drivers/serial/libdrivers__serial.a(uart_nrfx_uarte.c.obj)
 .text.nrf_gpio_pin_set
                0x00003918       0x20 zephyr/drivers/serial/libdrivers__serial.a(uart_nrfx_uarte.c.obj)
 .text.uarte_instance_init.isra.0
                0x00003938      0x130 zephyr/drivers/serial/libdrivers__serial.a(uart_nrfx_uarte.c.obj)
 .text.sys_clock_timeout_handler
                0x00003a68       0x78 zephyr/drivers/timer/libdrivers__timer.a(nrf_rtc_timer.c.obj)
 .text.compare_int_lock
                0x00003ae0       0x50 zephyr/drivers/timer/libdrivers__timer.a(nrf_rtc_timer.c.obj)
 .text.compare_int_unlock.part.0
                0x00003b30       0x5c zephyr/drivers/timer/libdrivers__timer.a(nrf_rtc_timer.c.obj)
 .text.z_nrf_rtc_timer_read
                0x00003b8c       0x44 zephyr/drivers/timer/libdrivers__timer.a(nrf_rtc_timer.c.obj)
                0x00003b8c                z_nrf_rtc_timer_read
 .text.compare_set
                0x00003bd0      0x154 zephyr/drivers/timer/libdrivers__timer.a(nrf_rtc_timer.c.obj)
 .text.sys_clock_driver_init
                0x00003d24       0x84 zephyr/drivers/timer/libdrivers__timer.a(nrf_rtc_timer.c.obj)
 .text.rtc_nrf_isr
                0x00003da8       0xf0 zephyr/drivers/timer/libdrivers__timer.a(nrf_rtc_timer.c.obj)
                0x00003da8                rtc_nrf_isr
 .text.sys_clock_set_timeout
                0x00003e98       0x60 zephyr/drivers/timer/libdrivers__timer.a(nrf_rtc_timer.c.obj)
                0x00003e98                sys_clock_set_timeout
 .text.sys_clock_elapsed
                0x00003ef8       0x14 zephyr/drivers/timer/libdrivers__timer.a(nrf_rtc_timer.c.obj)
                0x00003ef8                sys_clock_elapsed
 .text.nrfx_clock_init
                0x00003f0c       0x20 modules/hal_nordic/nrfx/libmodules__hal_nordic__nrfx.a(nrfx_clock.c.obj)
                0x00003f0c                nrfx_clock_init
 .text.nrfx_clock_start
                0x00003f2c       0x64 modules/hal_nordic/nrfx/libmodules__hal_nordic__nrfx.a(nrfx_clock.c.obj)
                0x00003f2c                nrfx_clock_start
 .text.nrfx_clock_stop
                0x00003f90       0x8c modules/hal_nordic/nrfx/libmodules__hal_nordic__nrfx.a(nrfx_clock.c.obj)
                0x00003f90                nrfx_clock_stop
 .text.nrfx_power_clock_irq_handler
                0x0000401c       0x68 modules/hal_nordic/nrfx/libmodules__hal_nordic__nrfx.a(nrfx_clock.c.obj)
                0x0000401c                nrfx_power_clock_irq_handler
 .text.nrfx_flag32_alloc
                0x00004084       0x48 modules/hal_nordic/nrfx/libmodules__hal_nordic__nrfx.a(nrfx_flag32_allocator.c.obj)
                0x00004084                nrfx_flag32_alloc
 .text.nrfx_flag32_free
                0x000040cc       0x44 modules/hal_nordic/nrfx/libmodules__hal_nordic__nrfx.a(nrfx_flag32_allocator.c.obj)
                0x000040cc                nrfx_flag32_free
 .text.nrf_gpio_pin_port_decode
                0x00004110       0x1c modules/hal_nordic/nrfx/libmodules__hal_nordic__nrfx.a(nrfx_gpiote.c.obj)
 .text.call_handler
                0x0000412c       0x3c modules/hal_nordic/nrfx/libmodules__hal_nordic__nrfx.a(nrfx_gpiote.c.obj)
 .text.release_handler
                0x00004168       0x54 modules/hal_nordic/nrfx/libmodules__hal_nordic__nrfx.a(nrfx_gpiote.c.obj)
 .text.pin_handler_trigger_uninit
                0x000041bc       0x34 modules/hal_nordic/nrfx/libmodules__hal_nordic__nrfx.a(nrfx_gpiote.c.obj)
 .text.nrfx_gpiote_input_configure
                0x000041f0      0x158 modules/hal_nordic/nrfx/libmodules__hal_nordic__nrfx.a(nrfx_gpiote.c.obj)
                0x000041f0                nrfx_gpiote_input_configure
 .text.nrfx_gpiote_output_configure
                0x00004348       0xe0 modules/hal_nordic/nrfx/libmodules__hal_nordic__nrfx.a(nrfx_gpiote.c.obj)
                0x00004348                nrfx_gpiote_output_configure
 .text.nrfx_gpiote_global_callback_set
                0x00004428        0xc modules/hal_nordic/nrfx/libmodules__hal_nordic__nrfx.a(nrfx_gpiote.c.obj)
                0x00004428                nrfx_gpiote_global_callback_set
 .text.nrfx_gpiote_channel_get
                0x00004434       0x24 modules/hal_nordic/nrfx/libmodules__hal_nordic__nrfx.a(nrfx_gpiote.c.obj)
                0x00004434                nrfx_gpiote_channel_get
 .text.nrfx_gpiote_init
                0x00004458       0x50 modules/hal_nordic/nrfx/libmodules__hal_nordic__nrfx.a(nrfx_gpiote.c.obj)
                0x00004458                nrfx_gpiote_init
 .text.nrfx_gpiote_is_init
                0x000044a8       0x14 modules/hal_nordic/nrfx/libmodules__hal_nordic__nrfx.a(nrfx_gpiote.c.obj)
                0x000044a8                nrfx_gpiote_is_init
 .text.nrfx_gpiote_channel_free
                0x000044bc        0xc modules/hal_nordic/nrfx/libmodules__hal_nordic__nrfx.a(nrfx_gpiote.c.obj)
                0x000044bc                nrfx_gpiote_channel_free
 .text.nrfx_gpiote_channel_alloc
                0x000044c8        0xc modules/hal_nordic/nrfx/libmodules__hal_nordic__nrfx.a(nrfx_gpiote.c.obj)
                0x000044c8                nrfx_gpiote_channel_alloc
 .text.nrfx_gpiote_trigger_enable
                0x000044d4       0x88 modules/hal_nordic/nrfx/libmodules__hal_nordic__nrfx.a(nrfx_gpiote.c.obj)
                0x000044d4                nrfx_gpiote_trigger_enable
 .text.nrfx_gpiote_trigger_disable
                0x0000455c       0x44 modules/hal_nordic/nrfx/libmodules__hal_nordic__nrfx.a(nrfx_gpiote.c.obj)
                0x0000455c                nrfx_gpiote_trigger_disable
 .text.nrfx_gpiote_pin_uninit
                0x000045a0       0x48 modules/hal_nordic/nrfx/libmodules__hal_nordic__nrfx.a(nrfx_gpiote.c.obj)
                0x000045a0                nrfx_gpiote_pin_uninit
 .text.nrfx_gpiote_irq_handler
                0x000045e8      0x1b0 modules/hal_nordic/nrfx/libmodules__hal_nordic__nrfx.a(nrfx_gpiote.c.obj)
                0x000045e8                nrfx_gpiote_irq_handler
 .text.nrfx_ppi_channel_alloc
                0x00004798        0xc modules/hal_nordic/nrfx/libmodules__hal_nordic__nrfx.a(nrfx_ppi.c.obj)
                0x00004798                nrfx_ppi_channel_alloc
 .text.nrfx_pwm_init
                0x000047a4      0x15c modules/hal_nordic/nrfx/libmodules__hal_nordic__nrfx.a(nrfx_pwm.c.obj)
                0x000047a4                nrfx_pwm_init
 .text.nrfx_pwm_simple_playback
                0x00004900       0x7c modules/hal_nordic/nrfx/libmodules__hal_nordic__nrfx.a(nrfx_pwm.c.obj)
                0x00004900                nrfx_pwm_simple_playback
 .text.nrfx_pwm_is_stopped
                0x0000497c       0x28 modules/hal_nordic/nrfx/libmodules__hal_nordic__nrfx.a(nrfx_pwm.c.obj)
                0x0000497c                nrfx_pwm_is_stopped
 .text.nrf52_errata_36
                0x000049a4       0x14 modules/hal_nordic/nrfx/libmodules__hal_nordic__nrfx.a(system_nrf52840.c.obj)
 .text.nrf52_errata_98
                0x000049b8       0x28 modules/hal_nordic/nrfx/libmodules__hal_nordic__nrfx.a(system_nrf52840.c.obj)
 .text.nvmc_wait
                0x000049e0       0x10 modules/hal_nordic/nrfx/libmodules__hal_nordic__nrfx.a(system_nrf52840.c.obj)
                0x000049e0                nvmc_wait
 .text.SystemInit
                0x000049f0      0x1d0 modules/hal_nordic/nrfx/libmodules__hal_nordic__nrfx.a(system_nrf52840.c.obj)
                0x000049f0                SystemInit
 .text._DoInit  0x00004bc0       0x6c modules/segger/libmodules__segger.a(SEGGER_RTT.c.obj)
 .text.z_sys_init_run_level
                0x00004c2c       0x40 zephyr/kernel/libkernel.a(device.c.obj)
                0x00004c2c                z_sys_init_run_level
 .text.z_impl_device_get_binding
                0x00004c6c       0x58 zephyr/kernel/libkernel.a(device.c.obj)
                0x00004c6c                z_impl_device_get_binding
 .text.idle     0x00004cc4       0x2c zephyr/kernel/libkernel.a(idle.c.obj)
                0x00004cc4                idle
 .text.init_idle_thread
                0x00004cf0       0x58 zephyr/kernel/libkernel.a(init.c.obj)
 .text.bg_thread_main
                0x00004d48       0x34 zephyr/kernel/libkernel.a(init.c.obj)
 .text.z_bss_zero
                0x00004d7c       0x14 zephyr/kernel/libkernel.a(init.c.obj)
                0x00004d7c                z_bss_zero
 .text.z_cstart
                0x00004d90       0xe4 zephyr/kernel/libkernel.a(init.c.obj)
                0x00004d90                z_cstart
 .text.init_mem_slab_module
                0x00004e74       0x44 zephyr/kernel/libkernel.a(mem_slab.c.obj)
 .text.k_mem_slab_alloc
                0x00004eb8       0x60 zephyr/kernel/libkernel.a(mem_slab.c.obj)
                0x00004eb8                k_mem_slab_alloc
 .text.z_impl_k_mutex_lock
                0x00004f18       0xfc zephyr/kernel/libkernel.a(mutex.c.obj)
                0x00004f18                z_impl_k_mutex_lock
 .text.z_impl_k_mutex_unlock
                0x00005014       0x8c zephyr/kernel/libkernel.a(mutex.c.obj)
                0x00005014                z_impl_k_mutex_unlock
 .text.z_impl_k_queue_get
                0x000050a0       0x68 zephyr/kernel/libkernel.a(queue.c.obj)
                0x000050a0                z_impl_k_queue_get
 .text.z_reset_time_slice
                0x00005108       0x2c zephyr/kernel/libkernel.a(sched.c.obj)
                0x00005108                z_reset_time_slice
 .text.k_sched_time_slice_set
                0x00005134       0x64 zephyr/kernel/libkernel.a(sched.c.obj)
                0x00005134                k_sched_time_slice_set
 .text.z_reschedule
                0x00005198       0x24 zephyr/kernel/libkernel.a(sched.c.obj)
                0x00005198                z_reschedule
 .text.k_sched_lock
                0x000051bc       0x28 zephyr/kernel/libkernel.a(sched.c.obj)
                0x000051bc                k_sched_lock
 .text.update_cache
                0x000051e4       0x40 zephyr/kernel/libkernel.a(sched.c.obj)
 .text.move_thread_to_end_of_prio_q
                0x00005224       0x7c zephyr/kernel/libkernel.a(sched.c.obj)
 .text.z_time_slice
                0x000052a0       0x84 zephyr/kernel/libkernel.a(sched.c.obj)
                0x000052a0                z_time_slice
 .text.ready_thread
                0x00005324       0x70 zephyr/kernel/libkernel.a(sched.c.obj)
 .text.z_sched_start
                0x00005394       0x3c zephyr/kernel/libkernel.a(sched.c.obj)
                0x00005394                z_sched_start
 .text.unready_thread
                0x000053d0       0x30 zephyr/kernel/libkernel.a(sched.c.obj)
 .text.pend     0x00005400       0x4c zephyr/kernel/libkernel.a(sched.c.obj)
 .text.z_pend_curr
                0x0000544c       0x28 zephyr/kernel/libkernel.a(sched.c.obj)
                0x0000544c                z_pend_curr
 .text.z_set_prio
                0x00005474       0x98 zephyr/kernel/libkernel.a(sched.c.obj)
                0x00005474                z_set_prio
 .text.z_impl_k_thread_suspend
                0x0000550c       0x64 zephyr/kernel/libkernel.a(sched.c.obj)
                0x0000550c                z_impl_k_thread_suspend
 .text.k_sched_unlock
                0x00005570       0x38 zephyr/kernel/libkernel.a(sched.c.obj)
                0x00005570                k_sched_unlock
 .text.z_sched_init
                0x000055a8       0x18 zephyr/kernel/libkernel.a(sched.c.obj)
                0x000055a8                z_sched_init
 .text.z_impl_k_yield
                0x000055c0       0x84 zephyr/kernel/libkernel.a(sched.c.obj)
                0x000055c0                z_impl_k_yield
 .text.z_tick_sleep
                0x00005644       0x98 zephyr/kernel/libkernel.a(sched.c.obj)
 .text.z_impl_k_sleep
                0x000056dc       0x34 zephyr/kernel/libkernel.a(sched.c.obj)
                0x000056dc                z_impl_k_sleep
 .text.z_impl_z_current_get
                0x00005710        0xc zephyr/kernel/libkernel.a(sched.c.obj)
                0x00005710                z_impl_z_current_get
 .text.z_thread_abort
                0x0000571c       0xa4 zephyr/kernel/libkernel.a(sched.c.obj)
                0x0000571c                z_thread_abort
 .text.z_impl_k_sem_give
                0x000057c0       0x40 zephyr/kernel/libkernel.a(sem.c.obj)
                0x000057c0                z_impl_k_sem_give
 .text.z_impl_k_sem_take
                0x00005800       0x54 zephyr/kernel/libkernel.a(sem.c.obj)
                0x00005800                z_impl_k_sem_take
 .text.z_setup_new_thread
                0x00005854       0x64 zephyr/kernel/libkernel.a(thread.c.obj)
                0x00005854                z_setup_new_thread
 .text.z_impl_k_thread_create
                0x000058b8       0x58 zephyr/kernel/libkernel.a(thread.c.obj)
                0x000058b8                z_impl_k_thread_create
 .text.z_init_static_threads
                0x00005910       0xbc zephyr/kernel/libkernel.a(thread.c.obj)
                0x00005910                z_init_static_threads
 .text.elapsed  0x000059cc       0x14 zephyr/kernel/libkernel.a(timeout.c.obj)
 .text.remove_timeout
                0x000059e0       0x34 zephyr/kernel/libkernel.a(timeout.c.obj)
 .text.next_timeout
                0x00005a14       0x58 zephyr/kernel/libkernel.a(timeout.c.obj)
 .text.z_add_timeout
                0x00005a6c      0x110 zephyr/kernel/libkernel.a(timeout.c.obj)
                0x00005a6c                z_add_timeout
 .text.sys_clock_announce
                0x00005b7c       0xd8 zephyr/kernel/libkernel.a(timeout.c.obj)
                0x00005b7c                sys_clock_announce
 .text.sys_clock_tick_get
                0x00005c54       0x34 zephyr/kernel/libkernel.a(timeout.c.obj)
                0x00005c54                sys_clock_tick_get
 .text.z_timer_expiration_handler
                0x00005c88       0x88 zephyr/kernel/libkernel.a(timer.c.obj)
                0x00005c88                z_timer_expiration_handler
 .text.z_impl_k_timer_start
                0x00005d10       0xc0 zephyr/kernel/libkernel.a(timer.c.obj)
                0x00005d10                z_impl_k_timer_start
 .text.z_data_copy
                0x00005dd0       0x34 zephyr/kernel/libkernel.a(xip.c.obj)
                0x00005dd0                z_data_copy
 .text.boot_banner
                0x00005e04       0x18 zephyr/kernel/libkernel.a(banner.c.obj)
                0x00005e04                boot_banner
 .text.z_thread_aligned_alloc
                0x00005e1c       0x40 zephyr/kernel/libkernel.a(mempool.c.obj)
                0x00005e1c                z_thread_aligned_alloc
 .text.statics_init
                0x00005e5c       0x24 zephyr/kernel/libkernel.a(kheap.c.obj)
 .text.nrf_cc3xx_platform_init_no_rng
                0x00005e80       0x38 C:/Users/gabi_/ncs/v1.9.1/nrfxlib/crypto/nrf_cc310_platform/lib/cortex-m4/soft-float/no-interrupts/libnrf_cc310_platform_0.9.13.a(nrf_cc3xx_platform.c.obj)
                0x00005e80                nrf_cc3xx_platform_init_no_rng
 .text.nrf_cc3xx_platform_abort
                0x00005eb8       0x24 C:/Users/gabi_/ncs/v1.9.1/nrfxlib/crypto/nrf_cc310_platform/lib/cortex-m4/soft-float/no-interrupts/libnrf_cc310_platform_0.9.13.a(nrf_cc3xx_platform_abort.c.obj)
 .text.CC_PalAbort
                0x00005edc       0x40 C:/Users/gabi_/ncs/v1.9.1/nrfxlib/crypto/nrf_cc310_platform/lib/cortex-m4/soft-float/no-interrupts/libnrf_cc310_platform_0.9.13.a(nrf_cc3xx_platform_abort.c.obj)
                0x00005edc                CC_PalAbort
 .text.nrf_cc3xx_platform_set_abort
                0x00005f1c       0x10 C:/Users/gabi_/ncs/v1.9.1/nrfxlib/crypto/nrf_cc310_platform/lib/cortex-m4/soft-float/no-interrupts/libnrf_cc310_platform_0.9.13.a(nrf_cc3xx_platform_abort.c.obj)
                0x00005f1c                nrf_cc3xx_platform_set_abort
 .text.mutex_free
                0x00005f2c       0x28 C:/Users/gabi_/ncs/v1.9.1/nrfxlib/crypto/nrf_cc310_platform/lib/cortex-m4/soft-float/no-interrupts/libnrf_cc310_platform_0.9.13.a(nrf_cc3xx_platform_mutex.c.obj)
 .text.mutex_unlock
                0x00005f54       0x2c C:/Users/gabi_/ncs/v1.9.1/nrfxlib/crypto/nrf_cc310_platform/lib/cortex-m4/soft-float/no-interrupts/libnrf_cc310_platform_0.9.13.a(nrf_cc3xx_platform_mutex.c.obj)
 .text.mutex_init
                0x00005f80       0x1c C:/Users/gabi_/ncs/v1.9.1/nrfxlib/crypto/nrf_cc310_platform/lib/cortex-m4/soft-float/no-interrupts/libnrf_cc310_platform_0.9.13.a(nrf_cc3xx_platform_mutex.c.obj)
 .text.mutex_lock
                0x00005f9c       0x44 C:/Users/gabi_/ncs/v1.9.1/nrfxlib/crypto/nrf_cc310_platform/lib/cortex-m4/soft-float/no-interrupts/libnrf_cc310_platform_0.9.13.a(nrf_cc3xx_platform_mutex.c.obj)
 .text.nrf_cc3xx_platform_set_mutexes
                0x00005fe0       0x60 C:/Users/gabi_/ncs/v1.9.1/nrfxlib/crypto/nrf_cc310_platform/lib/cortex-m4/soft-float/no-interrupts/libnrf_cc310_platform_0.9.13.a(nrf_cc3xx_platform_mutex.c.obj)
                0x00005fe0                nrf_cc3xx_platform_set_mutexes
 .text.CC_LibInitNoRng
                0x00006040       0x6c C:/Users/gabi_/ncs/v1.9.1/nrfxlib/crypto/nrf_cc310_platform/lib/cortex-m4/soft-float/no-interrupts/libnrf_cc310_platform_0.9.13.a(cc_lib.c.obj)
                0x00006040                CC_LibInitNoRng
 .text.CC_HalInit
                0x000060ac        0x4 C:/Users/gabi_/ncs/v1.9.1/nrfxlib/crypto/nrf_cc310_platform/lib/cortex-m4/soft-float/no-interrupts/libnrf_cc310_platform_0.9.13.a(cc_hal.c.obj)
                0x000060ac                CC_HalInit
 .text.CC_HalTerminate
                0x000060b0        0x4 C:/Users/gabi_/ncs/v1.9.1/nrfxlib/crypto/nrf_cc310_platform/lib/cortex-m4/soft-float/no-interrupts/libnrf_cc310_platform_0.9.13.a(cc_hal.c.obj)
                0x000060b0                CC_HalTerminate
 .text.CC_HalMaskInterrupt
                0x000060b4        0xc C:/Users/gabi_/ncs/v1.9.1/nrfxlib/crypto/nrf_cc310_platform/lib/cortex-m4/soft-float/no-interrupts/libnrf_cc310_platform_0.9.13.a(cc_hal.c.obj)
                0x000060b4                CC_HalMaskInterrupt
 .text.CC_PalInit
                0x000060c0       0x5c C:/Users/gabi_/ncs/v1.9.1/nrfxlib/crypto/nrf_cc310_platform/lib/cortex-m4/soft-float/no-interrupts/libnrf_cc310_platform_0.9.13.a(cc_pal.c.obj)
                0x000060c0                CC_PalInit
 .text.CC_PalTerminate
                0x0000611c       0x34 C:/Users/gabi_/ncs/v1.9.1/nrfxlib/crypto/nrf_cc310_platform/lib/cortex-m4/soft-float/no-interrupts/libnrf_cc310_platform_0.9.13.a(cc_pal.c.obj)
                0x0000611c                CC_PalTerminate
 .text.CC_PalDmaInit
                0x00006150        0x4 C:/Users/gabi_/ncs/v1.9.1/nrfxlib/crypto/nrf_cc310_platform/lib/cortex-m4/soft-float/no-interrupts/libnrf_cc310_platform_0.9.13.a(cc_pal_dma.c.obj)
                0x00006150                CC_PalDmaInit
 .text.CC_PalDmaTerminate
                0x00006154        0x4 C:/Users/gabi_/ncs/v1.9.1/nrfxlib/crypto/nrf_cc310_platform/lib/cortex-m4/soft-float/no-interrupts/libnrf_cc310_platform_0.9.13.a(cc_pal_dma.c.obj)
                0x00006154                CC_PalDmaTerminate
 .text.CC_PalMutexCreate
                0x00006158       0x14 C:/Users/gabi_/ncs/v1.9.1/nrfxlib/crypto/nrf_cc310_platform/lib/cortex-m4/soft-float/no-interrupts/libnrf_cc310_platform_0.9.13.a(cc_pal_mutex.c.obj)
                0x00006158                CC_PalMutexCreate
 .text.CC_PalMutexDestroy
                0x0000616c       0x14 C:/Users/gabi_/ncs/v1.9.1/nrfxlib/crypto/nrf_cc310_platform/lib/cortex-m4/soft-float/no-interrupts/libnrf_cc310_platform_0.9.13.a(cc_pal_mutex.c.obj)
                0x0000616c                CC_PalMutexDestroy
 .text.CC_PalPowerSaveModeInit
                0x00006180       0x3c C:/Users/gabi_/ncs/v1.9.1/nrfxlib/crypto/nrf_cc310_platform/lib/cortex-m4/soft-float/no-interrupts/libnrf_cc310_platform_0.9.13.a(cc_pal_pm.c.obj)
                0x00006180                CC_PalPowerSaveModeInit
 .text.CC_PalPowerSaveModeSelect
                0x000061bc       0x84 C:/Users/gabi_/ncs/v1.9.1/nrfxlib/crypto/nrf_cc310_platform/lib/cortex-m4/soft-float/no-interrupts/libnrf_cc310_platform_0.9.13.a(cc_pal_pm.c.obj)
                0x000061bc                CC_PalPowerSaveModeSelect
 .text.encode_uint
                0x00006240       0x96 zephyr/libzephyr.a(cbprintf_complete.c.obj)
 .text.outs     0x000062d6       0x2c zephyr/libzephyr.a(cbprintf_complete.c.obj)
 .text._ConfigAbsSyms
                0x00006302        0x2 zephyr/libzephyr.a(configs.c.obj)
                0x00006302                _ConfigAbsSyms
 .text.chunk_size
                0x00006304        0xa zephyr/libzephyr.a(heap.c.obj)
 .text.free_list_add
                0x0000630e       0x4e zephyr/libzephyr.a(heap.c.obj)
 .text.free_list_remove_bidx
                0x0000635c       0x3a zephyr/libzephyr.a(heap.c.obj)
 .text.free_list_remove
                0x00006396       0x1a zephyr/libzephyr.a(heap.c.obj)
 .text.alloc_chunk
                0x000063b0       0x6c zephyr/libzephyr.a(heap.c.obj)
 .text.merge_chunks
                0x0000641c       0x2e zephyr/libzephyr.a(heap.c.obj)
 .text.split_chunks
                0x0000644a       0x34 zephyr/libzephyr.a(heap.c.obj)
 .text.free_chunk
                0x0000647e       0x62 zephyr/libzephyr.a(heap.c.obj)
 .text.sys_heap_free
                0x000064e0       0x1e zephyr/libzephyr.a(heap.c.obj)
                0x000064e0                sys_heap_free
 .text.sys_heap_alloc
                0x000064fe       0x54 zephyr/libzephyr.a(heap.c.obj)
                0x000064fe                sys_heap_alloc
 .text.sys_heap_aligned_alloc
                0x00006552       0xd0 zephyr/libzephyr.a(heap.c.obj)
                0x00006552                sys_heap_aligned_alloc
 .text.sys_heap_init
                0x00006622       0x6c zephyr/libzephyr.a(heap.c.obj)
                0x00006622                sys_heap_init
 .text.sys_notify_validate
                0x0000668e       0x22 zephyr/libzephyr.a(notify.c.obj)
                0x0000668e                sys_notify_validate
 .text.sys_notify_finalize
                0x000066b0       0x1a zephyr/libzephyr.a(notify.c.obj)
                0x000066b0                sys_notify_finalize
 .text.abort_function
                0x000066ca        0x8 zephyr/libzephyr.a(nrf_cc3xx_platform_abort_zephyr.c.obj)
 .text.process_recheck
                0x000066d2       0x38 zephyr/libzephyr.a(onoff.c.obj)
 .text.notify_one
                0x0000670a       0x2c zephyr/libzephyr.a(onoff.c.obj)
 .text.transition_complete
                0x00006736       0x1c zephyr/libzephyr.a(onoff.c.obj)
 .text.validate_args
                0x00006752       0x1e zephyr/libzephyr.a(onoff.c.obj)
 .text.onoff_manager_init
                0x00006770       0x26 zephyr/libzephyr.a(onoff.c.obj)
                0x00006770                onoff_manager_init
 .text.onoff_request
                0x00006796       0x92 zephyr/libzephyr.a(onoff.c.obj)
                0x00006796                onoff_request
 .text.arch_printk_char_out
                0x00006828        0x4 zephyr/libzephyr.a(printk.c.obj)
                0x00006828                arch_printk_char_out
 .text.printk   0x0000682c       0x1a zephyr/libzephyr.a(printk.c.obj)
                0x0000682c                printk
 .text.pm_policy_next_state
                0x00006846        0xa zephyr/libzephyr.a(residency.c.obj)
                0x00006846                pm_policy_next_state
 .text.z_thread_entry
                0x00006850       0x14 zephyr/libzephyr.a(thread_entry.c.obj)
                0x00006850                z_thread_entry
 .text.z_arm_fatal_error
                0x00006864        0x4 zephyr/arch/arch/arm/core/aarch32/libarch__arm__core__aarch32.a(fatal.c.obj)
                0x00006864                z_arm_fatal_error
 .text.z_do_kernel_oops
                0x00006868        0x8 zephyr/arch/arch/arm/core/aarch32/libarch__arm__core__aarch32.a(fatal.c.obj)
                0x00006868                z_do_kernel_oops
 .text.z_irq_spurious
                0x00006870        0x8 zephyr/arch/arch/arm/core/aarch32/libarch__arm__core__aarch32.a(irq_manage.c.obj)
                0x00006870                z_irq_spurious
 .text.z_arm_nmi
                0x00006878        0xe zephyr/arch/arch/arm/core/aarch32/libarch__arm__core__aarch32.a(nmi.c.obj)
                0x00006878                z_arm_nmi
 .text._stdout_hook_default
                0x00006886        0x6 zephyr/lib/libc/minimal/liblib__libc__minimal.a(stdout_console.c.obj)
 .text.strcpy   0x0000688c       0x14 zephyr/lib/libc/minimal/liblib__libc__minimal.a(string.c.obj)
                0x0000688c                strcpy
 .text.strlen   0x000068a0        0xe zephyr/lib/libc/minimal/liblib__libc__minimal.a(string.c.obj)
                0x000068a0                strlen
 .text.strnlen  0x000068ae       0x12 zephyr/lib/libc/minimal/liblib__libc__minimal.a(string.c.obj)
                0x000068ae                strnlen
 .text.strcmp   0x000068c0       0x18 zephyr/lib/libc/minimal/liblib__libc__minimal.a(string.c.obj)
                0x000068c0                strcmp
 .text.memcpy   0x000068d8       0x16 zephyr/lib/libc/minimal/liblib__libc__minimal.a(string.c.obj)
                0x000068d8                memcpy
 .text.memset   0x000068ee       0x12 zephyr/lib/libc/minimal/liblib__libc__minimal.a(string.c.obj)
                0x000068ee                memset
 .text.pm_power_state_set
                0x00006900       0x26 zephyr/soc/arm/nordic_nrf/nrf52/libsoc__arm__nordic_nrf__nrf52.a(power.c.obj)
                0x00006900                pm_power_state_set
 .text.pm_power_state_exit_post_ops
                0x00006926       0x16 zephyr/soc/arm/nordic_nrf/nrf52/libsoc__arm__nordic_nrf__nrf52.a(power.c.obj)
                0x00006926                pm_power_state_exit_post_ops
 .text.adc_context_on_timer_expired
                0x0000693c       0x2e zephyr/drivers/adc/libdrivers__adc.a(adc_nrfx_saadc.c.obj)
 .text.get_status
                0x0000696a       0x12 zephyr/drivers/clock_control/libdrivers__clock_control.a(clock_control_nrf.c.obj)
 .text.set_off_state
                0x0000697c       0x32 zephyr/drivers/clock_control/libdrivers__clock_control.a(clock_control_nrf.c.obj)
 .text.set_starting_state
                0x000069ae       0x3c zephyr/drivers/clock_control/libdrivers__clock_control.a(clock_control_nrf.c.obj)
 .text.set_on_state
                0x000069ea       0x26 zephyr/drivers/clock_control/libdrivers__clock_control.a(clock_control_nrf.c.obj)
 .text.onoff_started_callback
                0x00006a10       0x12 zephyr/drivers/clock_control/libdrivers__clock_control.a(clock_control_nrf.c.obj)
 .text.lfclk_start
                0x00006a22        0x6 zephyr/drivers/clock_control/libdrivers__clock_control.a(clock_control_nrf.c.obj)
 .text.lfclk_stop
                0x00006a28        0x6 zephyr/drivers/clock_control/libdrivers__clock_control.a(clock_control_nrf.c.obj)
 .text.blocking_start_callback
                0x00006a2e        0x6 zephyr/drivers/clock_control/libdrivers__clock_control.a(clock_control_nrf.c.obj)
 .text.api_stop
                0x00006a34       0x28 zephyr/drivers/clock_control/libdrivers__clock_control.a(clock_control_nrf.c.obj)
 .text.api_start
                0x00006a5c       0x36 zephyr/drivers/clock_control/libdrivers__clock_control.a(clock_control_nrf.c.obj)
 .text.gpio_nrfx_port_get_raw
                0x00006a92        0xe zephyr/drivers/gpio/libdrivers__gpio.a(gpio_nrfx.c.obj)
 .text.gpio_nrfx_port_set_masked_raw
                0x00006aa0       0x16 zephyr/drivers/gpio/libdrivers__gpio.a(gpio_nrfx.c.obj)
 .text.gpio_nrfx_port_set_bits_raw
                0x00006ab6        0xc zephyr/drivers/gpio/libdrivers__gpio.a(gpio_nrfx.c.obj)
 .text.gpio_nrfx_port_clear_bits_raw
                0x00006ac2        0xc zephyr/drivers/gpio/libdrivers__gpio.a(gpio_nrfx.c.obj)
 .text.gpio_nrfx_port_toggle_bits
                0x00006ace       0x12 zephyr/drivers/gpio/libdrivers__gpio.a(gpio_nrfx.c.obj)
 .text.gpio_nrfx_manage_callback
                0x00006ae0       0x56 zephyr/drivers/gpio/libdrivers__gpio.a(gpio_nrfx.c.obj)
 .text.any_other_channel_is_active
                0x00006b36       0x2a zephyr/drivers/pwm/libdrivers__pwm.a(pwm_nrfx.c.obj)
 .text.uarte_nrfx_isr_int
                0x00006b60       0x74 zephyr/drivers/serial/libdrivers__serial.a(uart_nrfx_uarte.c.obj)
 .text.uarte_nrfx_config_get
                0x00006bd4       0x10 zephyr/drivers/serial/libdrivers__serial.a(uart_nrfx_uarte.c.obj)
 .text.uarte_nrfx_err_check
                0x00006be4        0xe zephyr/drivers/serial/libdrivers__serial.a(uart_nrfx_uarte.c.obj)
 .text.is_tx_ready
                0x00006bf2       0x20 zephyr/drivers/serial/libdrivers__serial.a(uart_nrfx_uarte.c.obj)
 .text.uarte_nrfx_poll_in
                0x00006c12       0x26 zephyr/drivers/serial/libdrivers__serial.a(uart_nrfx_uarte.c.obj)
 .text.uarte_0_init
                0x00006c38       0x1e zephyr/drivers/serial/libdrivers__serial.a(uart_nrfx_uarte.c.obj)
 .text.uarte_1_init
                0x00006c56       0x1e zephyr/drivers/serial/libdrivers__serial.a(uart_nrfx_uarte.c.obj)
 .text.sys_clock_idle_exit
                0x00006c74        0x2 zephyr/drivers/timer/libdrivers__timer.a(sys_clock_init.c.obj)
                0x00006c74                sys_clock_idle_exit
 .text.k_sys_fatal_error_handler
                0x00006c76        0x8 modules/nrf/lib/fatal_error/lib..__nrf__lib__fatal_error.a(fatal_error.c.obj)
                0x00006c76                k_sys_fatal_error_handler
 .text.hw_cc3xx_init_internal
                0x00006c7e        0x4 modules/nrf/drivers/hw_cc310/lib..__nrf__drivers__hw_cc310.a(hw_cc310.c.obj)
 .text.hw_cc3xx_init
                0x00006c82       0x12 modules/nrf/drivers/hw_cc310/lib..__nrf__drivers__hw_cc310.a(hw_cc310.c.obj)
 .text.nrfx_clock_enable
                0x00006c94       0x14 modules/hal_nordic/nrfx/libmodules__hal_nordic__nrfx.a(nrfx_clock.c.obj)
                0x00006c94                nrfx_clock_enable
 .text.nrfx_isr
                0x00006ca8        0x2 modules/hal_nordic/nrfx/libmodules__hal_nordic__nrfx.a(nrfx_glue.c.obj)
                0x00006ca8                nrfx_isr
 .text.nrfx_busy_wait
                0x00006caa        0x4 modules/hal_nordic/nrfx/libmodules__hal_nordic__nrfx.a(nrfx_glue.c.obj)
                0x00006caa                nrfx_busy_wait
 .text.nrf_gpio_reconfigure
                0x00006cae       0x8e modules/hal_nordic/nrfx/libmodules__hal_nordic__nrfx.a(nrfx_gpiote.c.obj)
 .text.nrf_gpio_cfg_sense_set
                0x00006d3c       0x1e modules/hal_nordic/nrfx/libmodules__hal_nordic__nrfx.a(nrfx_gpiote.c.obj)
 .text.start_playback.isra.0
                0x00006d5a       0x46 modules/hal_nordic/nrfx/libmodules__hal_nordic__nrfx.a(nrfx_pwm.c.obj)
 .text.nrfx_pwm_stop
                0x00006da0       0x2c modules/hal_nordic/nrfx/libmodules__hal_nordic__nrfx.a(nrfx_pwm.c.obj)
                0x00006da0                nrfx_pwm_stop
 .text.SEGGER_RTT_Init
                0x00006dcc        0x4 modules/segger/libmodules__segger.a(SEGGER_RTT.c.obj)
                0x00006dcc                SEGGER_RTT_Init
 .text.rtt_init
                0x00006dd0        0xa modules/segger/libmodules__segger.a(SEGGER_RTT_zephyr.c.obj)
 .text.z_device_state_init
                0x00006dda        0x2 zephyr/kernel/libkernel.a(device.c.obj)
                0x00006dda                z_device_state_init
 .text.z_device_ready
                0x00006ddc       0x14 zephyr/kernel/libkernel.a(device.c.obj)
                0x00006ddc                z_device_ready
 .text.z_fatal_error
                0x00006df0       0x36 zephyr/kernel/libkernel.a(fatal.c.obj)
                0x00006df0                z_fatal_error
 .text.z_pm_save_idle_exit
                0x00006e26        0xe zephyr/kernel/libkernel.a(idle.c.obj)
                0x00006e26                z_pm_save_idle_exit
 .text.k_mem_slab_init
                0x00006e34       0x36 zephyr/kernel/libkernel.a(mem_slab.c.obj)
                0x00006e34                k_mem_slab_init
 .text.k_mem_slab_free
                0x00006e6a       0x52 zephyr/kernel/libkernel.a(mem_slab.c.obj)
                0x00006e6a                k_mem_slab_free
 .text.z_impl_k_mutex_init
                0x00006ebc        0xe zephyr/kernel/libkernel.a(mutex.c.obj)
                0x00006ebc                z_impl_k_mutex_init
 .text.queue_insert
                0x00006eca       0xc0 zephyr/kernel/libkernel.a(queue.c.obj)
 .text.z_queue_node_peek
                0x00006f8a       0x18 zephyr/kernel/libkernel.a(queue.c.obj)
                0x00006f8a                z_queue_node_peek
 .text.z_impl_k_queue_init
                0x00006fa2       0x10 zephyr/kernel/libkernel.a(queue.c.obj)
                0x00006fa2                z_impl_k_queue_init
 .text.k_queue_append
                0x00006fb2       0x16 zephyr/kernel/libkernel.a(queue.c.obj)
                0x00006fb2                k_queue_append
 .text.sys_dlist_remove
                0x00006fc8       0x10 zephyr/kernel/libkernel.a(sched.c.obj)
 .text.unpend_thread_no_timeout
                0x00006fd8       0x14 zephyr/kernel/libkernel.a(sched.c.obj)
 .text.z_unpend_thread_no_timeout
                0x00006fec       0x20 zephyr/kernel/libkernel.a(sched.c.obj)
                0x00006fec                z_unpend_thread_no_timeout
 .text.z_unpend_thread
                0x0000700c       0x28 zephyr/kernel/libkernel.a(sched.c.obj)
                0x0000700c                z_unpend_thread
 .text.z_reschedule_irqlock
                0x00007034       0x18 zephyr/kernel/libkernel.a(sched.c.obj)
                0x00007034                z_reschedule_irqlock
 .text.z_reschedule_unlocked
                0x0000704c       0x14 zephyr/kernel/libkernel.a(sched.c.obj)
 .text.z_priq_dumb_best
                0x00007060       0x14 zephyr/kernel/libkernel.a(sched.c.obj)
                0x00007060                z_priq_dumb_best
 .text.z_ready_thread
                0x00007074       0x20 zephyr/kernel/libkernel.a(sched.c.obj)
                0x00007074                z_ready_thread
 .text.z_thread_timeout
                0x00007094       0x44 zephyr/kernel/libkernel.a(sched.c.obj)
                0x00007094                z_thread_timeout
 .text.add_to_waitq_locked
                0x000070d8       0x5a zephyr/kernel/libkernel.a(sched.c.obj)
 .text.z_unpend1_no_timeout
                0x00007132       0x2a zephyr/kernel/libkernel.a(sched.c.obj)
                0x00007132                z_unpend1_no_timeout
 .text.z_unpend_first_thread
                0x0000715c       0x30 zephyr/kernel/libkernel.a(sched.c.obj)
                0x0000715c                z_unpend_first_thread
 .text.z_unpend_all
                0x0000718c       0x20 zephyr/kernel/libkernel.a(sched.c.obj)
                0x0000718c                z_unpend_all
 .text.k_is_in_isr
                0x000071ac        0xc zephyr/kernel/libkernel.a(thread.c.obj)
                0x000071ac                k_is_in_isr
 .text.z_abort_timeout
                0x000071b8       0x2c zephyr/kernel/libkernel.a(timeout.c.obj)
                0x000071b8                z_abort_timeout
 .text.z_get_next_timeout_expiry
                0x000071e4       0x20 zephyr/kernel/libkernel.a(timeout.c.obj)
                0x000071e4                z_get_next_timeout_expiry
 .text.z_set_timeout_expiry
                0x00007204       0x34 zephyr/kernel/libkernel.a(timeout.c.obj)
                0x00007204                z_set_timeout_expiry
 .text.sys_clock_tick_get_32
                0x00007238        0x8 zephyr/kernel/libkernel.a(timeout.c.obj)
                0x00007238                sys_clock_tick_get_32
 .text.z_impl_k_uptime_ticks
                0x00007240        0x4 zephyr/kernel/libkernel.a(timeout.c.obj)
                0x00007240                z_impl_k_uptime_ticks
 .text.z_impl_k_busy_wait
                0x00007244        0x8 zephyr/kernel/libkernel.a(timeout.c.obj)
                0x00007244                z_impl_k_busy_wait
 .text.sys_clock_timeout_end_calc
                0x0000724c       0x52 zephyr/kernel/libkernel.a(timeout.c.obj)
                0x0000724c                sys_clock_timeout_end_calc
 .text.z_impl_k_timer_stop
                0x0000729e       0x3a zephyr/kernel/libkernel.a(timer.c.obj)
                0x0000729e                z_impl_k_timer_stop
 .text.k_free   0x000072d8        0xe zephyr/kernel/libkernel.a(mempool.c.obj)
                0x000072d8                k_free
 .text.k_heap_init
                0x000072e6       0x10 zephyr/kernel/libkernel.a(kheap.c.obj)
                0x000072e6                k_heap_init
 .text.k_heap_aligned_alloc
                0x000072f6       0x8e zephyr/kernel/libkernel.a(kheap.c.obj)
                0x000072f6                k_heap_aligned_alloc
 .text.k_heap_free
                0x00007384       0x3a zephyr/kernel/libkernel.a(kheap.c.obj)
                0x00007384                k_heap_free
 .text._OffsetAbsSyms
                0x000073be        0x2 zephyr/CMakeFiles/offsets.dir/./arch/arm/core/offsets/offsets.c.obj
                0x000073be                _OffsetAbsSyms
 *(SORT_BY_ALIGNMENT(.TEXT.*))
 .TEXT.z_arm_platform_init
                0x000073c0        0x4 zephyr/libzephyr.a(soc_nrf_common.S.obj)
                0x000073c0                z_arm_platform_init
 *(SORT_BY_ALIGNMENT(.gnu.linkonce.t.*))
 *(SORT_BY_ALIGNMENT(.glue_7t))
 .glue_7t       0x000073c4        0x0 linker stubs
 *(SORT_BY_ALIGNMENT(.glue_7))
 .glue_7        0x000073c4        0x0 linker stubs
 *(SORT_BY_ALIGNMENT(.vfp11_veneer))
 .vfp11_veneer  0x000073c4        0x0 linker stubs
 *(SORT_BY_ALIGNMENT(.v4_bx))
 .v4_bx         0x000073c4        0x0 linker stubs
                0x000073c4                __text_region_end = .

.ARM.exidx      0x000073c4        0x8
                0x000073c4                __exidx_start = .
 *(SORT_BY_ALIGNMENT(.ARM.exidx*) SORT_BY_ALIGNMENT(gnu.linkonce.armexidx.*))
 .ARM.exidx     0x000073c4        0x8 c:/users/gabi_/ncs/v1.9.1/toolchain/opt/bin/../lib/gcc/arm-none-eabi/9.2.1/thumb/v7e-m/nofp\libgcc.a(_udivmoddi4.o)
                0x000073cc                __exidx_end = .
                0x000073cc                __rodata_region_start = .

initlevel       0x000073cc       0x78
                0x000073cc                __init_start = .
                0x000073cc                __init_PRE_KERNEL_1_start = .
 *(SORT_BY_NAME(SORT_BY_ALIGNMENT(.z_init_PRE_KERNEL_1[0-9]_*)))
 .z_init_PRE_KERNEL_10_
                0x000073cc        0x8 zephyr/soc/arm/nordic_nrf/nrf52/libsoc__arm__nordic_nrf__nrf52.a(soc.c.obj)
 *(SORT_BY_NAME(SORT_BY_ALIGNMENT(.z_init_PRE_KERNEL_1[1-9][0-9]_*)))
 .z_init_PRE_KERNEL_130_
                0x000073d4        0x8 zephyr/drivers/clock_control/libdrivers__clock_control.a(clock_control_nrf.c.obj)
 .z_init_PRE_KERNEL_130_
                0x000073dc        0x8 modules/segger/libmodules__segger.a(SEGGER_RTT_zephyr.c.obj)
 .z_init_PRE_KERNEL_130_
                0x000073e4        0x8 zephyr/kernel/libkernel.a(mem_slab.c.obj)
 .z_init_PRE_KERNEL_130_
                0x000073ec        0x8 zephyr/kernel/libkernel.a(kheap.c.obj)
 .z_init_PRE_KERNEL_140_
                0x000073f4       0x10 zephyr/drivers/gpio/libdrivers__gpio.a(gpio_nrfx.c.obj)
 .z_init_PRE_KERNEL_140_
                0x00007404        0x8 modules/nrf/drivers/hw_cc310/lib..__nrf__drivers__hw_cc310.a(hw_cc310.c.obj)
 .z_init_PRE_KERNEL_155_
                0x0000740c       0x10 zephyr/drivers/serial/libdrivers__serial.a(uart_nrfx_uarte.c.obj)
 .z_init_PRE_KERNEL_160_
                0x0000741c        0x8 zephyr/drivers/console/libdrivers__console.a(uart_console.c.obj)
                0x00007424                __init_PRE_KERNEL_2_start = .
 *(SORT_BY_NAME(SORT_BY_ALIGNMENT(.z_init_PRE_KERNEL_2[0-9]_*)))
 .z_init_PRE_KERNEL_20_
                0x00007424        0x8 zephyr/drivers/timer/libdrivers__timer.a(nrf_rtc_timer.c.obj)
 *(SORT_BY_NAME(SORT_BY_ALIGNMENT(.z_init_PRE_KERNEL_2[1-9][0-9]_*)))
                0x0000742c                __init_POST_KERNEL_start = .
 *(SORT_BY_NAME(SORT_BY_ALIGNMENT(.z_init_POST_KERNEL[0-9]_*)))
 *(SORT_BY_NAME(SORT_BY_ALIGNMENT(.z_init_POST_KERNEL[1-9][0-9]_*)))
 .z_init_POST_KERNEL40_
                0x0000742c        0x8 modules/nrf/drivers/hw_cc310/lib..__nrf__drivers__hw_cc310.a(hw_cc310.c.obj)
 .z_init_POST_KERNEL50_
                0x00007434        0x8 zephyr/drivers/adc/libdrivers__adc.a(adc_nrfx_saadc.c.obj)
 .z_init_POST_KERNEL50_
                0x0000743c        0x8 zephyr/drivers/pwm/libdrivers__pwm.a(pwm_nrfx.c.obj)
                0x00007444                __init_APPLICATION_start = .
 *(SORT_BY_NAME(SORT_BY_ALIGNMENT(.z_init_APPLICATION[0-9]_*)))
 *(SORT_BY_NAME(SORT_BY_ALIGNMENT(.z_init_APPLICATION[1-9][0-9]_*)))
                0x00007444                __init_SMP_start = .
 *(SORT_BY_NAME(SORT_BY_ALIGNMENT(.z_init_SMP[0-9]_*)))
 *(SORT_BY_NAME(SORT_BY_ALIGNMENT(.z_init_SMP[1-9][0-9]_*)))
                0x00007444                __init_end = .

devices         0x00007444       0xa8
                0x00007444                __device_start = .
                0x00007444                __device_PRE_KERNEL_1_start = .
 *(SORT_BY_NAME(SORT_BY_ALIGNMENT(.z_device_PRE_KERNEL_1[0-9]_*)))
 *(SORT_BY_NAME(SORT_BY_ALIGNMENT(.z_device_PRE_KERNEL_1[1-9][0-9]_*)))
 .z_device_PRE_KERNEL_130_
                0x00007444       0x18 zephyr/drivers/clock_control/libdrivers__clock_control.a(clock_control_nrf.c.obj)
                0x00007444                __device_dts_ord_27
 .z_device_PRE_KERNEL_140_
                0x0000745c       0x30 zephyr/drivers/gpio/libdrivers__gpio.a(gpio_nrfx.c.obj)
                0x0000745c                __device_dts_ord_11
                0x00007474                __device_dts_ord_54
 .z_device_PRE_KERNEL_155_
                0x0000748c       0x30 zephyr/drivers/serial/libdrivers__serial.a(uart_nrfx_uarte.c.obj)
                0x0000748c                __device_dts_ord_63
                0x000074a4                __device_dts_ord_62
                0x000074bc                __device_PRE_KERNEL_2_start = .
 *(SORT_BY_NAME(SORT_BY_ALIGNMENT(.z_device_PRE_KERNEL_2[0-9]_*)))
 *(SORT_BY_NAME(SORT_BY_ALIGNMENT(.z_device_PRE_KERNEL_2[1-9][0-9]_*)))
                0x000074bc                __device_POST_KERNEL_start = .
 *(SORT_BY_NAME(SORT_BY_ALIGNMENT(.z_device_POST_KERNEL[0-9]_*)))
 *(SORT_BY_NAME(SORT_BY_ALIGNMENT(.z_device_POST_KERNEL[1-9][0-9]_*)))
 .z_device_POST_KERNEL50_
                0x000074bc       0x18 zephyr/drivers/adc/libdrivers__adc.a(adc_nrfx_saadc.c.obj)
                0x000074bc                __device_dts_ord_26
 .z_device_POST_KERNEL50_
                0x000074d4       0x18 zephyr/drivers/pwm/libdrivers__pwm.a(pwm_nrfx.c.obj)
                0x000074d4                __device_dts_ord_24
                0x000074ec                __device_APPLICATION_start = .
 *(SORT_BY_NAME(SORT_BY_ALIGNMENT(.z_device_APPLICATION[0-9]_*)))
 *(SORT_BY_NAME(SORT_BY_ALIGNMENT(.z_device_APPLICATION[1-9][0-9]_*)))
                0x000074ec                __device_SMP_start = .
 *(SORT_BY_NAME(SORT_BY_ALIGNMENT(.z_device_SMP[0-9]_*)))
 *(SORT_BY_NAME(SORT_BY_ALIGNMENT(.z_device_SMP[1-9][0-9]_*)))
                0x000074ec                __device_end = .

sw_isr_table    0x000074ec      0x180
                0x000074ec                . = ALIGN (0x0)
 *(SORT_BY_ALIGNMENT(.gnu.linkonce.sw_isr_table*))
 .gnu.linkonce.sw_isr_table
                0x000074ec      0x180 zephyr/arch/common/libisr_tables.a(isr_tables.c.obj)
                0x000074ec                _sw_isr_table

initlevel_error
                0x000073cc        0x0
 *(SORT_BY_NAME(SORT_BY_ALIGNMENT(.z_init_[_A-Z0-9]*)))
                0x00000001                ASSERT ((SIZEOF (initlevel_error) == 0x0), Undefined initialization levels used.)

app_shmem_regions
                0x0000766c        0x0
                0x0000766c                __app_shmem_regions_start = .
 *(SORT_BY_NAME(SORT_BY_ALIGNMENT(.app_regions.*)))
                0x0000766c                __app_shmem_regions_end = .

bt_l2cap_fixed_chan_area
                0x0000766c        0x0
                0x0000766c                _bt_l2cap_fixed_chan_list_start = .
 *(SORT_BY_NAME(SORT_BY_ALIGNMENT(._bt_l2cap_fixed_chan.static.*)))
                0x0000766c                _bt_l2cap_fixed_chan_list_end = .

bt_gatt_service_static_area
                0x0000766c        0x0
                0x0000766c                _bt_gatt_service_static_list_start = .
 *(SORT_BY_NAME(SORT_BY_ALIGNMENT(._bt_gatt_service_static.static.*)))
                0x0000766c                _bt_gatt_service_static_list_end = .

k_p4wq_initparam_area
                0x0000766c        0x0
                0x0000766c                _k_p4wq_initparam_list_start = .
 *(SORT_BY_NAME(SORT_BY_ALIGNMENT(._k_p4wq_initparam.static.*)))
                0x0000766c                _k_p4wq_initparam_list_end = .

log_strings_sections
                0x0000766c        0x0
                0x0000766c                __log_strings_start = .
 *(SORT_BY_NAME(SORT_BY_ALIGNMENT(.log_strings*)))
                0x0000766c                __log_strings_end = .

log_const_sections
                0x0000766c        0x0
                0x0000766c                __log_const_start = .
 *(SORT_BY_NAME(SORT_BY_ALIGNMENT(.log_const_*)))
                0x0000766c                __log_const_end = .

log_backends_sections
                0x0000766c        0x0
                0x0000766c                __log_backends_start = .
 *(SORT_BY_ALIGNMENT(._log_backend.*))
                0x0000766c                __log_backends_end = .

shell_area      0x0000766c        0x0
                0x0000766c                _shell_list_start = .
 *(SORT_BY_NAME(SORT_BY_ALIGNMENT(._shell.static.*)))
                0x0000766c                _shell_list_end = .

shell_root_cmds_sections
                0x0000766c        0x0
                0x0000766c                __shell_root_cmds_start = .
 *(SORT_BY_NAME(SORT_BY_ALIGNMENT(.shell_root_cmd_*)))
                0x0000766c                __shell_root_cmds_end = .

font_entry_sections
                0x0000766c        0x0
                0x0000766c                __font_entry_start = .
 *(SORT_BY_NAME(SORT_BY_ALIGNMENT(._cfb_font.*)))
                0x0000766c                __font_entry_end = .

tracing_backend_area
                0x0000766c        0x0
                0x0000766c                _tracing_backend_list_start = .
 *(SORT_BY_NAME(SORT_BY_ALIGNMENT(._tracing_backend.static.*)))
                0x0000766c                _tracing_backend_list_end = .

zephyr_dbg_info
 *(SORT_BY_ALIGNMENT(.dbg_thread_info))

device_handles  0x0000766c       0x2a
                0x0000766c                __device_handles_start = .
 *(SORT_BY_NAME(SORT_BY_ALIGNMENT(.__device_handles_pass2*)))
 .__device_handles_pass2
                0x0000766c       0x2a zephyr/CMakeFiles/zephyr_pre1.dir/dev_handles.c.obj
                0x0000766c                __devicehdl_DT_N_S_soc_S_pwm_4001c000
                0x00007672                __devicehdl_DT_N_S_soc_S_adc_40007000
                0x00007678                __devicehdl_DT_N_S_soc_S_uart_40002000
                0x0000767e                __devicehdl_DT_N_S_soc_S_uart_40028000
                0x00007684                __devicehdl_DT_N_S_soc_S_gpio_50000300
                0x0000768a                __devicehdl_DT_N_S_soc_S_gpio_50000000
                0x00007690                __devicehdl_DT_N_S_soc_S_clock_40000000
                0x00007696                __device_handles_end = .

rodata          0x000076a0      0x57c
 *(SORT_BY_ALIGNMENT(.rodata))
 *(SORT_BY_ALIGNMENT(.rodata.*))
 .rodata.delay_machine_code.12373
                0x000076a0        0x6 zephyr/soc/arm/nordic_nrf/nrf52/libsoc__arm__nordic_nrf__nrf52.a(soc.c.obj)
 *fill*         0x000076a6        0x2 
 .rodata.apis   0x000076a8        0x8 zephyr/libzephyr.a(nrf_cc3xx_platform_abort_zephyr.c.obj)
 .rodata.mutex_apis
                0x000076b0       0x10 zephyr/libzephyr.a(nrf_cc3xx_platform_mutex_zephyr.c.obj)
 .rodata.mutexes
                0x000076c0       0x14 zephyr/libzephyr.a(nrf_cc3xx_platform_mutex_zephyr.c.obj)
 .rodata.static_regions
                0x000076d4        0xc zephyr/arch/arch/arm/core/aarch32/mpu/libarch__arm__core__aarch32__mpu.a(arm_core_mpu.c.obj)
 .rodata.mpu_config
                0x000076e0        0x8 zephyr/soc/arm/common/cortex_m/libsoc__arm__common__cortex_m.a(arm_mpu_regions.c.obj)
                0x000076e0                mpu_config
 .rodata.mpu_regions
                0x000076e8       0x18 zephyr/soc/arm/common/cortex_m/libsoc__arm__common__cortex_m.a(arm_mpu_regions.c.obj)
 .rodata.adc_nrfx_driver_api
                0x00007700        0xc zephyr/drivers/adc/libdrivers__adc.a(adc_nrfx_saadc.c.obj)
 .rodata.clock_control_api
                0x0000770c       0x18 zephyr/drivers/clock_control/libdrivers__clock_control.a(clock_control_nrf.c.obj)
 .rodata.config
                0x00007724       0x10 zephyr/drivers/clock_control/libdrivers__clock_control.a(clock_control_nrf.c.obj)
 .rodata.transitions.11131
                0x00007734        0xc zephyr/drivers/clock_control/libdrivers__clock_control.a(clock_control_nrf.c.obj)
 .rodata.gpio_nrfx_drv_api_funcs
                0x00007740       0x24 zephyr/drivers/gpio/libdrivers__gpio.a(gpio_nrfx.c.obj)
 .rodata.gpio_nrfx_p0_cfg
                0x00007764       0x10 zephyr/drivers/gpio/libdrivers__gpio.a(gpio_nrfx.c.obj)
 .rodata.gpio_nrfx_p1_cfg
                0x00007774       0x10 zephyr/drivers/gpio/libdrivers__gpio.a(gpio_nrfx.c.obj)
 .rodata.pwm_nrfx_0config
                0x00007784       0x28 zephyr/drivers/pwm/libdrivers__pwm.a(pwm_nrfx.c.obj)
 .rodata.pwm_nrfx_drv_api_funcs
                0x000077ac        0x8 zephyr/drivers/pwm/libdrivers__pwm.a(pwm_nrfx.c.obj)
 .rodata.uart_nrfx_uarte_driver_api
                0x000077b4       0x14 zephyr/drivers/serial/libdrivers__serial.a(uart_nrfx_uarte.c.obj)
 .rodata.uarte_0z_config
                0x000077c8       0x20 zephyr/drivers/serial/libdrivers__serial.a(uart_nrfx_uarte.c.obj)
 .rodata.uarte_1z_config
                0x000077e8       0x20 zephyr/drivers/serial/libdrivers__serial.a(uart_nrfx_uarte.c.obj)
 .rodata.levels.9396
                0x00007808       0x14 zephyr/kernel/libkernel.a(device.c.obj)
 .rodata._k_neg_eagain
                0x0000781c        0x4 zephyr/kernel/libkernel.a(errno.c.obj)
                0x0000781c                _k_neg_eagain
 .rodata.CSWTCH.8
                0x00007820       0x1c C:/Users/gabi_/ncs/v1.9.1/nrfxlib/crypto/nrf_cc310_platform/lib/cortex-m4/soft-float/no-interrupts/libnrf_cc310_platform_0.9.13.a(nrf_cc3xx_platform.c.obj)
 .rodata.mutex_free.str1.4
                0x0000783c       0x26 C:/Users/gabi_/ncs/v1.9.1/nrfxlib/crypto/nrf_cc310_platform/lib/cortex-m4/soft-float/no-interrupts/libnrf_cc310_platform_0.9.13.a(nrf_cc3xx_platform_mutex.c.obj)
 *fill*         0x00007862        0x2 
 .rodata.mutex_init.str1.4
                0x00007864       0x23 C:/Users/gabi_/ncs/v1.9.1/nrfxlib/crypto/nrf_cc310_platform/lib/cortex-m4/soft-float/no-interrupts/libnrf_cc310_platform_0.9.13.a(nrf_cc3xx_platform_mutex.c.obj)
 *fill*         0x00007887        0x1 
 .rodata.CC_PalPowerSaveModeInit.str1.4
                0x00007888       0x20 C:/Users/gabi_/ncs/v1.9.1/nrfxlib/crypto/nrf_cc310_platform/lib/cortex-m4/soft-float/no-interrupts/libnrf_cc310_platform_0.9.13.a(cc_pal_pm.c.obj)
 .rodata.my_channel_cfg
                0x000078a8        0x8 app/libapp.a(main.c.obj)
 .rodata.filter_thread_code.str1.1
                0x000078b0       0x47 app/libapp.a(main.c.obj)
 .rodata.out_thread_code.str1.1
                0x000078f7       0x37 app/libapp.a(main.c.obj)
 .rodata.read_thread_code.str1.1
                0x0000792e       0xce app/libapp.a(main.c.obj)
 .rodata.conf.str1.1
                0x000079fc       0xa8 app/libapp.a(main.c.obj)
 .rodata.adc_setup.str1.1
                0x00007aa4       0x58 app/libapp.a(main.c.obj)
 .rodata.main.str1.1
                0x00007afc       0x13 app/libapp.a(main.c.obj)
 .rodata.cbvprintf.str1.1
                0x00007b0f        0x6 zephyr/libzephyr.a(cbprintf_complete.c.obj)
 .rodata.mutex_free_platform.str1.1
                0x00007b15       0x26 zephyr/libzephyr.a(nrf_cc3xx_platform_mutex_zephyr.c.obj)
 .rodata.mutex_init_platform.str1.1
                0x00007b3b       0x2d zephyr/libzephyr.a(nrf_cc3xx_platform_mutex_zephyr.c.obj)
 .rodata.sys_reboot.str1.1
                0x00007b68       0x29 zephyr/libzephyr.a(reboot.c.obj)
 .rodata.str1.1
                0x00007b91        0xf zephyr/soc/arm/common/cortex_m/libsoc__arm__common__cortex_m.a(arm_mpu_regions.c.obj)
 .rodata.CSWTCH.9
                0x00007ba0        0x6 zephyr/soc/arm/nordic_nrf/nrf52/libsoc__arm__nordic_nrf__nrf52.a(soc.c.obj)
 .rodata.str1.1
                0x00007ba6        0x6 zephyr/drivers/adc/libdrivers__adc.a(adc_nrfx_saadc.c.obj)
 .rodata.str1.1
                0x00007ba6        0x6 zephyr/drivers/clock_control/libdrivers__clock_control.a(clock_control_nrf.c.obj)
 .rodata.str1.1
                0x00007bac        0x7 zephyr/drivers/gpio/libdrivers__gpio.a(gpio_nrfx.c.obj)
                                  0xe (size before relaxing)
 .rodata.str1.1
                0x00007bb3        0x6 zephyr/drivers/pwm/libdrivers__pwm.a(pwm_nrfx.c.obj)
 .rodata.str1.1
                0x00007bb3        0xe zephyr/drivers/serial/libdrivers__serial.a(uart_nrfx_uarte.c.obj)
 .rodata.CSWTCH.14
                0x00007bc1        0x6 modules/hal_nordic/nrfx/libmodules__hal_nordic__nrfx.a(system_nrf52840.c.obj)
 .rodata.CSWTCH.5
                0x00007bc7        0x6 modules/hal_nordic/nrfx/libmodules__hal_nordic__nrfx.a(system_nrf52840.c.obj)
 .rodata._DoInit.str1.1
                0x00007bcd       0x14 modules/segger/libmodules__segger.a(SEGGER_RTT.c.obj)
 .rodata.z_cstart.str1.1
                0x00007be1        0x5 zephyr/kernel/libkernel.a(init.c.obj)
 .rodata.boot_banner.str1.1
                0x00007be6       0x36 zephyr/kernel/libkernel.a(banner.c.obj)
                                 0x37 (size before relaxing)
 *(SORT_BY_ALIGNMENT(.gnu.linkonce.r.*))
                0x00007c1c                . = ALIGN (0x4)
                0x00007c1c                __rodata_region_end = .
                0x00007c20                . = ALIGN (_region_min_align)
                0x00008000                . = ALIGN ((0x1 << ((__rodata_region_end - __rom_region_start) <= 0x4)?0x2:((__rodata_region_end - __rom_region_start) <= 0x8)?0x3:((__rodata_region_end - __rom_region_start) <= 0x10)?0x4:((__rodata_region_end - __rom_region_start) <= 0x20)?0x5:((__rodata_region_end - __rom_region_start) <= 0x40)?0x6:((__rodata_region_end - __rom_region_start) <= 0x80)?0x7:((__rodata_region_end - __rom_region_start) <= 0x100)?0x8:((__rodata_region_end - __rom_region_start) <= 0x200)?0x9:((__rodata_region_end - __rom_region_start) <= 0x400)?0xa:((__rodata_region_end - __rom_region_start) <= 0x800)?0xb:((__rodata_region_end - __rom_region_start) <= 0x1000)?0xc:((__rodata_region_end - __rom_region_start) <= 0x2000)?0xd:((__rodata_region_end - __rom_region_start) <= 0x4000)?0xe:((__rodata_region_end - __rom_region_start) <= 0x8000)?0xf:((__rodata_region_end - __rom_region_start) <= 0x10000)?0x10:((__rodata_region_end - __rom_region_start) <= 0x20000)?0x11:((__rodata_region_end - __rom_region_start) <= 0x40000)?0x12:((__rodata_region_end - __rom_region_start) <= 0x80000)?0x13:((__rodata_region_end - __rom_region_start) <= 0x100000)?0x14:((__rodata_region_end - __rom_region_start) <= 0x200000)?0x15:((__rodata_region_end - __rom_region_start) <= 0x400000)?0x16:((__rodata_region_end - __rom_region_start) <= 0x800000)?0x17:((__rodata_region_end - __rom_region_start) <= 0x1000000)?0x18:((__rodata_region_end - __rom_region_start) <= 0x2000000)?0x19:((__rodata_region_end - __rom_region_start) <= 0x4000000)?0x1a:((__rodata_region_end - __rom_region_start) <= 0x8000000)?0x1b:((__rodata_region_end - __rom_region_start) <= 0x10000000)?0x1c:((__rodata_region_end - __rom_region_start) <= 0x20000000)?0x1d:((__rodata_region_end - __rom_region_start) <= 0x40000000)?0x1e:((__rodata_region_end - __rom_region_start) <= 0x80000000)?0x1f:0x20))
                0x00008000                __rom_region_end = .
                0x20000000                . = 0x20000000
                0x20000000                . = ALIGN (_region_min_align)
                0x20000000                _image_ram_start = .

.ramfunc        0x20000000        0x0 load address 0x00007c1c
                0x20000000                . = ALIGN (_region_min_align)
                0x20000000                . = ALIGN ((0x1 << (__ramfunc_size <= 0x4)?0x2:(__ramfunc_size <= 0x8)?0x3:(__ramfunc_size <= 0x10)?0x4:(__ramfunc_size <= 0x20)?0x5:(__ramfunc_size <= 0x40)?0x6:(__ramfunc_size <= 0x80)?0x7:(__ramfunc_size <= 0x100)?0x8:(__ramfunc_size <= 0x200)?0x9:(__ramfunc_size <= 0x400)?0xa:(__ramfunc_size <= 0x800)?0xb:(__ramfunc_size <= 0x1000)?0xc:(__ramfunc_size <= 0x2000)?0xd:(__ramfunc_size <= 0x4000)?0xe:(__ramfunc_size <= 0x8000)?0xf:(__ramfunc_size <= 0x10000)?0x10:(__ramfunc_size <= 0x20000)?0x11:(__ramfunc_size <= 0x40000)?0x12:(__ramfunc_size <= 0x80000)?0x13:(__ramfunc_size <= 0x100000)?0x14:(__ramfunc_size <= 0x200000)?0x15:(__ramfunc_size <= 0x400000)?0x16:(__ramfunc_size <= 0x800000)?0x17:(__ramfunc_size <= 0x1000000)?0x18:(__ramfunc_size <= 0x2000000)?0x19:(__ramfunc_size <= 0x4000000)?0x1a:(__ramfunc_size <= 0x8000000)?0x1b:(__ramfunc_size <= 0x10000000)?0x1c:(__ramfunc_size <= 0x20000000)?0x1d:(__ramfunc_size <= 0x40000000)?0x1e:(__ramfunc_size <= 0x80000000)?0x1f:0x20))
                0x20000000                __ramfunc_start = .
 *(SORT_BY_ALIGNMENT(.ramfunc))
 *(SORT_BY_ALIGNMENT(.ramfunc.*))
                0x20000000                . = ALIGN (_region_min_align)
                0x20000000                . = ALIGN ((0x1 << (__ramfunc_size <= 0x4)?0x2:(__ramfunc_size <= 0x8)?0x3:(__ramfunc_size <= 0x10)?0x4:(__ramfunc_size <= 0x20)?0x5:(__ramfunc_size <= 0x40)?0x6:(__ramfunc_size <= 0x80)?0x7:(__ramfunc_size <= 0x100)?0x8:(__ramfunc_size <= 0x200)?0x9:(__ramfunc_size <= 0x400)?0xa:(__ramfunc_size <= 0x800)?0xb:(__ramfunc_size <= 0x1000)?0xc:(__ramfunc_size <= 0x2000)?0xd:(__ramfunc_size <= 0x4000)?0xe:(__ramfunc_size <= 0x8000)?0xf:(__ramfunc_size <= 0x10000)?0x10:(__ramfunc_size <= 0x20000)?0x11:(__ramfunc_size <= 0x40000)?0x12:(__ramfunc_size <= 0x80000)?0x13:(__ramfunc_size <= 0x100000)?0x14:(__ramfunc_size <= 0x200000)?0x15:(__ramfunc_size <= 0x400000)?0x16:(__ramfunc_size <= 0x800000)?0x17:(__ramfunc_size <= 0x1000000)?0x18:(__ramfunc_size <= 0x2000000)?0x19:(__ramfunc_size <= 0x4000000)?0x1a:(__ramfunc_size <= 0x8000000)?0x1b:(__ramfunc_size <= 0x10000000)?0x1c:(__ramfunc_size <= 0x20000000)?0x1d:(__ramfunc_size <= 0x40000000)?0x1e:(__ramfunc_size <= 0x80000000)?0x1f:0x20))
                0x20000000                __ramfunc_end = .
                0x00000000                __ramfunc_size = (__ramfunc_end - __ramfunc_start)
                0x00007c1c                __ramfunc_load_start = LOADADDR (.ramfunc)

datas           0x20000000      0x1d8 load address 0x00007c1c
                0x20000000                __data_region_start = .
                0x20000000                __data_start = .
 *(SORT_BY_ALIGNMENT(.data))
 *(SORT_BY_ALIGNMENT(.data.*))
 .data.m_data   0x20000000       0x98 zephyr/drivers/adc/libdrivers__adc.a(adc_nrfx_saadc.c.obj)
 .data.pwmPeriod_us
                0x20000098        0x4 app/libapp.a(main.c.obj)
                0x20000098                pwmPeriod_us
 .data.asym_mutex
                0x2000009c        0x8 zephyr/libzephyr.a(nrf_cc3xx_platform_mutex_zephyr.c.obj)
 .data.power_mutex
                0x200000a4        0x8 zephyr/libzephyr.a(nrf_cc3xx_platform_mutex_zephyr.c.obj)
 .data.rng_mutex
                0x200000ac        0x8 zephyr/libzephyr.a(nrf_cc3xx_platform_mutex_zephyr.c.obj)
 .data.sym_mutex
                0x200000b4        0x8 zephyr/libzephyr.a(nrf_cc3xx_platform_mutex_zephyr.c.obj)
 .data._char_out
                0x200000bc        0x4 zephyr/libzephyr.a(printk.c.obj)
                0x200000bc                _char_out
 .data._stdout_hook
                0x200000c0        0x4 zephyr/lib/libc/minimal/liblib__libc__minimal.a(stdout_console.c.obj)
 .data.uarte_0_data
                0x200000c4       0x14 zephyr/drivers/serial/libdrivers__serial.a(uart_nrfx_uarte.c.obj)
 .data.uarte_1_data
                0x200000d8       0x14 zephyr/drivers/serial/libdrivers__serial.a(uart_nrfx_uarte.c.obj)
 .data.m_cb     0x200000ec       0x7c modules/hal_nordic/nrfx/libmodules__hal_nordic__nrfx.a(nrfx_gpiote.c.obj)
 .data.m_channels_allocated
                0x20000168        0x4 modules/hal_nordic/nrfx/libmodules__hal_nordic__nrfx.a(nrfx_ppi.c.obj)
 .data.SystemCoreClock
                0x2000016c        0x4 modules/hal_nordic/nrfx/libmodules__hal_nordic__nrfx.a(system_nrf52840.c.obj)
                0x2000016c                SystemCoreClock
 .data.timeout_list
                0x20000170        0x8 zephyr/kernel/libkernel.a(timeout.c.obj)
 .data.platform_abort_apis
                0x20000178        0x8 C:/Users/gabi_/ncs/v1.9.1/nrfxlib/crypto/nrf_cc310_platform/lib/cortex-m4/soft-float/no-interrupts/libnrf_cc310_platform_0.9.13.a(nrf_cc3xx_platform_abort.c.obj)
                0x20000178                platform_abort_apis
 .data.asym_mutex
                0x20000180        0x8 C:/Users/gabi_/ncs/v1.9.1/nrfxlib/crypto/nrf_cc310_platform/lib/cortex-m4/soft-float/no-interrupts/libnrf_cc310_platform_0.9.13.a(nrf_cc3xx_platform_mutex.c.obj)
 .data.platform_mutex_apis
                0x20000188       0x10 C:/Users/gabi_/ncs/v1.9.1/nrfxlib/crypto/nrf_cc310_platform/lib/cortex-m4/soft-float/no-interrupts/libnrf_cc310_platform_0.9.13.a(nrf_cc3xx_platform_mutex.c.obj)
                0x20000188                platform_mutex_apis
 .data.platform_mutexes
                0x20000198       0x14 C:/Users/gabi_/ncs/v1.9.1/nrfxlib/crypto/nrf_cc310_platform/lib/cortex-m4/soft-float/no-interrupts/libnrf_cc310_platform_0.9.13.a(nrf_cc3xx_platform_mutex.c.obj)
                0x20000198                platform_mutexes
 .data.power_mutex
                0x200001ac        0x8 C:/Users/gabi_/ncs/v1.9.1/nrfxlib/crypto/nrf_cc310_platform/lib/cortex-m4/soft-float/no-interrupts/libnrf_cc310_platform_0.9.13.a(nrf_cc3xx_platform_mutex.c.obj)
 .data.rng_mutex
                0x200001b4        0x8 C:/Users/gabi_/ncs/v1.9.1/nrfxlib/crypto/nrf_cc310_platform/lib/cortex-m4/soft-float/no-interrupts/libnrf_cc310_platform_0.9.13.a(nrf_cc3xx_platform_mutex.c.obj)
 .data.sym_mutex
                0x200001bc        0x8 C:/Users/gabi_/ncs/v1.9.1/nrfxlib/crypto/nrf_cc310_platform/lib/cortex-m4/soft-float/no-interrupts/libnrf_cc310_platform_0.9.13.a(nrf_cc3xx_platform_mutex.c.obj)
 .data.CCAsymCryptoMutex
                0x200001c4        0x4 C:/Users/gabi_/ncs/v1.9.1/nrfxlib/crypto/nrf_cc310_platform/lib/cortex-m4/soft-float/no-interrupts/libnrf_cc310_platform_0.9.13.a(cc_pal.c.obj)
                0x200001c4                CCAsymCryptoMutex
 .data.CCPowerMutex
                0x200001c8        0x4 C:/Users/gabi_/ncs/v1.9.1/nrfxlib/crypto/nrf_cc310_platform/lib/cortex-m4/soft-float/no-interrupts/libnrf_cc310_platform_0.9.13.a(cc_pal.c.obj)
                0x200001c8                CCPowerMutex
 .data.CCRndCryptoMutex
                0x200001cc        0x4 C:/Users/gabi_/ncs/v1.9.1/nrfxlib/crypto/nrf_cc310_platform/lib/cortex-m4/soft-float/no-interrupts/libnrf_cc310_platform_0.9.13.a(cc_pal.c.obj)
                0x200001cc                CCRndCryptoMutex
 .data.CCSymCryptoMutex
                0x200001d0        0x4 C:/Users/gabi_/ncs/v1.9.1/nrfxlib/crypto/nrf_cc310_platform/lib/cortex-m4/soft-float/no-interrupts/libnrf_cc310_platform_0.9.13.a(cc_pal.c.obj)
                0x200001d0                CCSymCryptoMutex
 .data.pCCRndCryptoMutex
                0x200001d4        0x4 C:/Users/gabi_/ncs/v1.9.1/nrfxlib/crypto/nrf_cc310_platform/lib/cortex-m4/soft-float/no-interrupts/libnrf_cc310_platform_0.9.13.a(cc_pal.c.obj)
                0x200001d4                pCCRndCryptoMutex
 *(SORT_BY_ALIGNMENT(.kernel.*))
                0x200001d8                __data_end = .
                0x000001d8                __data_size = (__data_end - __data_start)
                0x00007c1c                __data_load_start = LOADADDR (datas)
                0x00007c1c                __data_region_load_start = LOADADDR (datas)

device_states   0x200001d8       0x1c load address 0x00007df4
                0x200001d8                __device_states_start = .
 *(SORT_BY_ALIGNMENT(.z_devstate))
 .z_devstate    0x200001d8        0x4 zephyr/drivers/adc/libdrivers__adc.a(adc_nrfx_saadc.c.obj)
 .z_devstate    0x200001dc        0x4 zephyr/drivers/clock_control/libdrivers__clock_control.a(clock_control_nrf.c.obj)
 .z_devstate    0x200001e0        0x8 zephyr/drivers/gpio/libdrivers__gpio.a(gpio_nrfx.c.obj)
 .z_devstate    0x200001e8        0x4 zephyr/drivers/pwm/libdrivers__pwm.a(pwm_nrfx.c.obj)
 .z_devstate    0x200001ec        0x8 zephyr/drivers/serial/libdrivers__serial.a(uart_nrfx_uarte.c.obj)
 *(SORT_BY_ALIGNMENT(.z_devstate.*))
                0x200001f4                __device_states_end = .

initshell       0x200001f4        0x0 load address 0x00007e10
                0x200001f4                __shell_module_start = .
 *(SORT_BY_ALIGNMENT(.shell_module_*))
                0x200001f4                __shell_module_end = .
                0x200001f4                __shell_cmd_start = .
 *(SORT_BY_ALIGNMENT(.shell_cmd_*))
                0x200001f4                __shell_cmd_end = .

log_dynamic_sections
                0x200001f4        0x0 load address 0x00007e10
                0x200001f4                __log_dynamic_start = .
 *(SORT_BY_NAME(SORT_BY_ALIGNMENT(.log_dynamic_*)))
                0x200001f4                __log_dynamic_end = .

_static_thread_data_area
                0x200001f4        0x0 load address 0x00007e10
                0x200001f4                __static_thread_data_list_start = .
 *(SORT_BY_NAME(SORT_BY_ALIGNMENT(.__static_thread_data.static.*)))
                0x200001f4                __static_thread_data_list_end = .

k_timer_area    0x200001f4        0x0 load address 0x00007e10
                0x200001f4                _k_timer_list_start = .
 *(SORT_BY_NAME(SORT_BY_ALIGNMENT(._k_timer.static.*)))
                0x200001f4                _k_timer_list_end = .

k_mem_slab_area
                0x200001f4        0x0 load address 0x00007e10
                0x200001f4                _k_mem_slab_list_start = .
 *(SORT_BY_NAME(SORT_BY_ALIGNMENT(._k_mem_slab.static.*)))
                0x200001f4                _k_mem_slab_list_end = .

k_mem_pool_area
                0x200001f4        0x0 load address 0x00007e10
                0x200001f4                _k_mem_pool_list_start = .
 *(SORT_BY_NAME(SORT_BY_ALIGNMENT(._k_mem_pool.static.*)))
                0x200001f4                _k_mem_pool_list_end = .

k_heap_area     0x200001f4        0x0 load address 0x00007e10
                0x200001f4                _k_heap_list_start = .
 *(SORT_BY_NAME(SORT_BY_ALIGNMENT(._k_heap.static.*)))
                0x200001f4                _k_heap_list_end = .

k_mutex_area    0x200001f4       0x50 load address 0x00007e10
                0x200001f4                _k_mutex_list_start = .
 *(SORT_BY_NAME(SORT_BY_ALIGNMENT(._k_mutex.static.*)))
 ._k_mutex.static.asym_mutex_int
                0x200001f4       0x14 zephyr/libzephyr.a(nrf_cc3xx_platform_mutex_zephyr.c.obj)
                0x200001f4                asym_mutex_int
 ._k_mutex.static.power_mutex_int
                0x20000208       0x14 zephyr/libzephyr.a(nrf_cc3xx_platform_mutex_zephyr.c.obj)
                0x20000208                power_mutex_int
 ._k_mutex.static.rng_mutex_int
                0x2000021c       0x14 zephyr/libzephyr.a(nrf_cc3xx_platform_mutex_zephyr.c.obj)
                0x2000021c                rng_mutex_int
 ._k_mutex.static.sym_mutex_int
                0x20000230       0x14 zephyr/libzephyr.a(nrf_cc3xx_platform_mutex_zephyr.c.obj)
                0x20000230                sym_mutex_int
                0x20000244                _k_mutex_list_end = .

k_stack_area    0x20000244        0x0 load address 0x00007e60
                0x20000244                _k_stack_list_start = .
 *(SORT_BY_NAME(SORT_BY_ALIGNMENT(._k_stack.static.*)))
                0x20000244                _k_stack_list_end = .

k_msgq_area     0x20000244        0x0 load address 0x00007e60
                0x20000244                _k_msgq_list_start = .
 *(SORT_BY_NAME(SORT_BY_ALIGNMENT(._k_msgq.static.*)))
                0x20000244                _k_msgq_list_end = .

k_mbox_area     0x20000244        0x0 load address 0x00007e60
                0x20000244                _k_mbox_list_start = .
 *(SORT_BY_NAME(SORT_BY_ALIGNMENT(._k_mbox.static.*)))
                0x20000244                _k_mbox_list_end = .

k_pipe_area     0x20000244        0x0 load address 0x00007e60
                0x20000244                _k_pipe_list_start = .
 *(SORT_BY_NAME(SORT_BY_ALIGNMENT(._k_pipe.static.*)))
                0x20000244                _k_pipe_list_end = .

k_sem_area      0x20000244        0x0 load address 0x00007e60
                0x20000244                _k_sem_list_start = .
 *(SORT_BY_NAME(SORT_BY_ALIGNMENT(._k_sem.static.*)))
                0x20000244                _k_sem_list_end = .

k_event_area    0x20000244        0x0 load address 0x00007e60
                0x20000244                _k_event_list_start = .
 *(SORT_BY_NAME(SORT_BY_ALIGNMENT(._k_event.static.*)))
                0x20000244                _k_event_list_end = .

k_queue_area    0x20000244        0x0 load address 0x00007e60
                0x20000244                _k_queue_list_start = .
 *(SORT_BY_NAME(SORT_BY_ALIGNMENT(._k_queue.static.*)))
                0x20000244                _k_queue_list_end = .

k_condvar_area  0x20000244        0x0 load address 0x00007e60
                0x20000244                _k_condvar_list_start = .
 *(SORT_BY_NAME(SORT_BY_ALIGNMENT(._k_condvar.static.*)))
                0x20000244                _k_condvar_list_end = .

_net_buf_pool_area
                0x20000244        0x0 load address 0x00007e60
                0x20000244                _net_buf_pool_list = .
 *(SORT_BY_NAME(SORT_BY_ALIGNMENT(._net_buf_pool.static.*)))
                0x20000244                __data_region_end = .

bss             0x20000248      0xfa8
                0x20000248                . = ALIGN (0x4)
                0x20000248                __bss_start = .
                0x20000248                __kernel_ram_start = .
 *(SORT_BY_ALIGNMENT(.bss))
 *(SORT_BY_ALIGNMENT(.bss.*))
 .bss.filter_thread_data
                0x20000248       0x80 app/libapp.a(main.c.obj)
                0x20000248                filter_thread_data
 .bss.out_thread_data
                0x200002c8       0x80 app/libapp.a(main.c.obj)
                0x200002c8                out_thread_data
 .bss.read_thread_data
                0x20000348       0x80 app/libapp.a(main.c.obj)
                0x20000348                read_thread_data
 .bss.anchor    0x200003c8        0x8 zephyr/drivers/timer/libdrivers__timer.a(nrf_rtc_timer.c.obj)
 .bss.cc_data   0x200003d0       0x10 zephyr/drivers/timer/libdrivers__timer.a(nrf_rtc_timer.c.obj)
 .bss.last_count
                0x200003e0        0x8 zephyr/drivers/timer/libdrivers__timer.a(nrf_rtc_timer.c.obj)
 .bss.z_idle_threads
                0x200003e8       0x80 zephyr/kernel/libkernel.a(init.c.obj)
                0x200003e8                z_idle_threads
 .bss.z_main_thread
                0x20000468       0x80 zephyr/kernel/libkernel.a(init.c.obj)
                0x20000468                z_main_thread
 .bss.curr_tick
                0x200004e8        0x8 zephyr/kernel/libkernel.a(timeout.c.obj)
 .bss.adc_dev   0x200004f0        0x4 app/libapp.a(main.c.obj)
                0x200004f0                adc_dev
 .bss.err       0x200004f4        0x4 app/libapp.a(main.c.obj)
                0x200004f4                err
 .bss.fifo_ab   0x200004f8       0x10 app/libapp.a(main.c.obj)
                0x200004f8                fifo_ab
 .bss.fifo_bc   0x20000508       0x10 app/libapp.a(main.c.obj)
                0x20000508                fifo_bc
 .bss.filter_thread_tid
                0x20000518        0x4 app/libapp.a(main.c.obj)
                0x20000518                filter_thread_tid
 .bss.gpio0_dev
                0x2000051c        0x4 app/libapp.a(main.c.obj)
                0x2000051c                gpio0_dev
 .bss.out_thread_tid
                0x20000520        0x4 app/libapp.a(main.c.obj)
                0x20000520                out_thread_tid
 .bss.pwm0_dev  0x20000524        0x4 app/libapp.a(main.c.obj)
                0x20000524                pwm0_dev
 .bss.read_thread_tid
                0x20000528        0x4 app/libapp.a(main.c.obj)
                0x20000528                read_thread_tid
 .bss.ret       0x2000052c        0x4 app/libapp.a(main.c.obj)
                0x2000052c                ret
 .bss.mutex_slab
                0x20000530       0x1c zephyr/libzephyr.a(nrf_cc3xx_platform_mutex_zephyr.c.obj)
                0x20000530                mutex_slab