Archive member included to satisfy reference by file (symbol)

app/libapp.a(main.c.obj)      (--whole-archive)
zephyr/libzephyr.a(soc_nrf_common.S.obj)
                              (--whole-archive)
zephyr/libzephyr.a(bitarray.c.obj)
                              (--whole-archive)
zephyr/libzephyr.a(cbprintf.c.obj)
                              (--whole-archive)
zephyr/libzephyr.a(cbprintf_complete.c.obj)
                              (--whole-archive)
zephyr/libzephyr.a(cbprintf_packaged.c.obj)
                              (--whole-archive)
zephyr/libzephyr.a(configs.c.obj)
                              (--whole-archive)
zephyr/libzephyr.a(constraint.c.obj)
                              (--whole-archive)
zephyr/libzephyr.a(crc16_sw.c.obj)
                              (--whole-archive)
zephyr/libzephyr.a(crc32_sw.c.obj)
                              (--whole-archive)
zephyr/libzephyr.a(crc32c_sw.c.obj)
                              (--whole-archive)
zephyr/libzephyr.a(crc7_sw.c.obj)
                              (--whole-archive)
zephyr/libzephyr.a(crc8_sw.c.obj)
                              (--whole-archive)
zephyr/libzephyr.a(dec.c.obj)
                              (--whole-archive)
zephyr/libzephyr.a(fdtable.c.obj)
                              (--whole-archive)
zephyr/libzephyr.a(getchar.c.obj)
                              (--whole-archive)
zephyr/libzephyr.a(heap-validate.c.obj)
                              (--whole-archive)
zephyr/libzephyr.a(heap.c.obj)
                              (--whole-archive)
zephyr/libzephyr.a(hex.c.obj)
                              (--whole-archive)
zephyr/libzephyr.a(multi_heap.c.obj)
                              (--whole-archive)
zephyr/libzephyr.a(notify.c.obj)
                              (--whole-archive)
zephyr/libzephyr.a(nrf_cc3xx_platform_abort_zephyr.c.obj)
                              (--whole-archive)
zephyr/libzephyr.a(nrf_cc3xx_platform_mutex_zephyr.c.obj)
                              (--whole-archive)
zephyr/libzephyr.a(onoff.c.obj)
                              (--whole-archive)
zephyr/libzephyr.a(pm.c.obj)  (--whole-archive)
zephyr/libzephyr.a(printk.c.obj)
                              (--whole-archive)
zephyr/libzephyr.a(rb.c.obj)  (--whole-archive)
zephyr/libzephyr.a(reboot.c.obj)
                              (--whole-archive)
zephyr/libzephyr.a(residency.c.obj)
                              (--whole-archive)
zephyr/libzephyr.a(sem.c.obj)
                              (--whole-archive)
zephyr/libzephyr.a(thread_entry.c.obj)
                              (--whole-archive)
zephyr/libzephyr.a(timeutil.c.obj)
                              (--whole-archive)
zephyr/libzephyr.a(tracing_none.c.obj)
                              (--whole-archive)
zephyr/libzephyr.a(tty.c.obj)
                              (--whole-archive)
zephyr/libzephyr.a(validate_base_addresses.c.obj)
                              (--whole-archive)
zephyr/libzephyr.a(validate_enabled_instances.c.obj)
                              (--whole-archive)
zephyr/arch/common/libarch__common.a(sw_isr_common.c.obj)
                              (--whole-archive)
zephyr/arch/arch/arm/core/aarch32/libarch__arm__core__aarch32.a(cpu_idle.S.obj)
                              (--whole-archive)
zephyr/arch/arch/arm/core/aarch32/libarch__arm__core__aarch32.a(isr_wrapper.S.obj)
                              (--whole-archive)
zephyr/arch/arch/arm/core/aarch32/libarch__arm__core__aarch32.a(nmi_on_reset.S.obj)
                              (--whole-archive)
zephyr/arch/arch/arm/core/aarch32/libarch__arm__core__aarch32.a(swap_helper.S.obj)
                              (--whole-archive)
zephyr/arch/arch/arm/core/aarch32/libarch__arm__core__aarch32.a(fatal.c.obj)
                              (--whole-archive)
zephyr/arch/arch/arm/core/aarch32/libarch__arm__core__aarch32.a(irq_manage.c.obj)
                              (--whole-archive)
zephyr/arch/arch/arm/core/aarch32/libarch__arm__core__aarch32.a(nmi.c.obj)
                              (--whole-archive)
zephyr/arch/arch/arm/core/aarch32/libarch__arm__core__aarch32.a(prep_c.c.obj)
                              (--whole-archive)
zephyr/arch/arch/arm/core/aarch32/libarch__arm__core__aarch32.a(swap.c.obj)
                              (--whole-archive)
zephyr/arch/arch/arm/core/aarch32/libarch__arm__core__aarch32.a(thread.c.obj)
                              (--whole-archive)
zephyr/arch/arch/arm/core/aarch32/cortex_m/libarch__arm__core__aarch32__cortex_m.a(exc_exit.S.obj)
                              (--whole-archive)
zephyr/arch/arch/arm/core/aarch32/cortex_m/libarch__arm__core__aarch32__cortex_m.a(fault_s.S.obj)
                              (--whole-archive)
zephyr/arch/arch/arm/core/aarch32/cortex_m/libarch__arm__core__aarch32__cortex_m.a(reset.S.obj)
                              (--whole-archive)
zephyr/arch/arch/arm/core/aarch32/cortex_m/libarch__arm__core__aarch32__cortex_m.a(vector_table.S.obj)
                              (--whole-archive)
[...]
Memory Configuration

Name             Origin             Length             Attributes
FLASH            0x00000000         0x00100000         xr
SRAM             0x20000000         0x00040000         xw
IDT_LIST         0xfffff7ff         0x00000800         xw
*default*        0x00000000         0xffffffff

Linker script and memory map

LOAD zephyr/CMakeFiles/zephyr_pre0.dir/misc/empty_file.c.obj
                0x00000020                _region_min_align = 0x20

.rel.plt        0x00000000        0x0
 *(SORT_BY_ALIGNMENT(.rel.plt))
                [!provide]                PROVIDE (__rel_iplt_start = .)
 *(SORT_BY_ALIGNMENT(.rel.iplt))
 .rel.iplt      0x00000000        0x0 app/libapp.a(main.c.obj)
                [!provide]                PROVIDE (__rel_iplt_end = .)

.rela.plt       0x00000000        0x0
 *(SORT_BY_ALIGNMENT(.rela.plt))
                [!provide]                PROVIDE (__rela_iplt_start = .)
 *(SORT_BY_ALIGNMENT(.rela.iplt))
                [!provide]                PROVIDE (__rela_iplt_end = .)

.rel.dyn
 *(SORT_BY_ALIGNMENT(.rel.*))

.rela.dyn
 *(SORT_BY_ALIGNMENT(.rela.*))

/DISCARD/
 *(SORT_BY_ALIGNMENT(.plt))
 *(SORT_BY_ALIGNMENT(.iplt))
 *(SORT_BY_ALIGNMENT(.got.plt))
 *(SORT_BY_ALIGNMENT(.igot.plt))
 *(SORT_BY_ALIGNMENT(.got))
 *(SORT_BY_ALIGNMENT(.igot))
 *(SORT_BY_ALIGNMENT(.note.GNU-stack))
                0x00000000                __rom_region_start = 0x0

rom_start       0x00000000      0x100
                0x00000000                . = 0x0
                0x00000000                . = ALIGN (0x4)
                0x00000000                . = ALIGN (0x80)
                0x00000000                . = ALIGN (0x100)
                0x00000000                _vector_start = .
 *(SORT_BY_ALIGNMENT(.exc_vector_table))
 *(SORT_BY_ALIGNMENT(.exc_vector_table.*))
 .exc_vector_table._vector_table_section
                0x00000000       0x40 zephyr/arch/arch/arm/core/aarch32/cortex_m/libarch__arm__core__aarch32__cortex_m.a(vector_table.S.obj)
                0x00000000                _vector_table
 *(SORT_BY_ALIGNMENT(.gnu.linkonce.irq_vector_table*))
 .gnu.linkonce.irq_vector_table
                0x00000040       0xc0 zephyr/arch/common/libisr_tables.a(isr_tables.c.obj)
                0x00000040                _irq_vector_table
 *(SORT_BY_ALIGNMENT(.vectors))
                0x00000100                _vector_end = .

text            0x00000100     0x784c
                0x00000100                __text_region_start = .
 *(SORT_BY_ALIGNMENT(.text))
 .text          0x00000100      0x168 c:/users/gabi_/ncs/v1.9.1/toolchain/opt/bin/../lib/gcc/arm-none-eabi/9.2.1/thumb/v7e-m/nofp\libgcc.a(_arm_mulsf3.o)
                0x00000100                __aeabi_fmul
                0x00000100                __mulsf3
 .text          0x00000268      0x378 c:/users/gabi_/ncs/v1.9.1/toolchain/opt/bin/../lib/gcc/arm-none-eabi/9.2.1/thumb/v7e-m/nofp\libgcc.a(_arm_addsubdf3.o)
                0x00000268                __aeabi_drsub
                0x00000270                __aeabi_dsub
                0x00000270                __subdf3
                0x00000274                __aeabi_dadd
                0x00000274                __adddf3
                0x000004ec                __floatunsidf
                0x000004ec                __aeabi_ui2d
                0x0000050c                __floatsidf
                0x0000050c                __aeabi_i2d
                0x00000530                __aeabi_f2d
                0x00000530                __extendsfdf2
                0x00000574                __floatundidf
                0x00000574                __aeabi_ul2d
                0x00000584                __floatdidf
                0x00000584                __aeabi_l2d
 .text          0x000005e0      0x424 c:/users/gabi_/ncs/v1.9.1/toolchain/opt/bin/../lib/gcc/arm-none-eabi/9.2.1/thumb/v7e-m/nofp\libgcc.a(_arm_muldivdf3.o)
                0x000005e0                __aeabi_dmul
                0x000005e0                __muldf3
                0x00000834                __divdf3
                0x00000834                __aeabi_ddiv
 .text          0x00000a04       0x50 c:/users/gabi_/ncs/v1.9.1/toolchain/opt/bin/../lib/gcc/arm-none-eabi/9.2.1/thumb/v7e-m/nofp\libgcc.a(_arm_fixdfsi.o)
                0x00000a04                __aeabi_d2iz
                0x00000a04                __fixdfsi
 .text          0x00000a54      0x21c c:/users/gabi_/ncs/v1.9.1/toolchain/opt/bin/../lib/gcc/arm-none-eabi/9.2.1/thumb/v7e-m/nofp\libgcc.a(_arm_addsubsf3.o)
                0x00000a54                __aeabi_frsub
                0x00000a5c                __subsf3
                0x00000a5c                __aeabi_fsub
                0x00000a60                __aeabi_fadd
                0x00000a60                __addsf3
                0x00000bc0                __aeabi_ui2f
                0x00000bc0                __floatunsisf
                0x00000bc8                __aeabi_i2f
                0x00000bc8                __floatsisf
                0x00000be4                __aeabi_ul2f
                0x00000be4                __floatundisf
                0x00000bf4                __aeabi_l2f
                0x00000bf4                __floatdisf
 .text          0x00000c70       0x40 c:/users/gabi_/ncs/v1.9.1/toolchain/opt/bin/../lib/gcc/arm-none-eabi/9.2.1/thumb/v7e-m/nofp\libgcc.a(_arm_fixunssfsi.o)
                0x00000c70                __fixunssfsi
                0x00000c70                __aeabi_f2uiz
 .text          0x00000cb0       0x30 c:/users/gabi_/ncs/v1.9.1/toolchain/opt/bin/../lib/gcc/arm-none-eabi/9.2.1/thumb/v7e-m/nofp\libgcc.a(_aeabi_uldivmod.o)
                0x00000cb0                __aeabi_uldivmod
 .text          0x00000ce0      0x2c0 c:/users/gabi_/ncs/v1.9.1/toolchain/opt/bin/../lib/gcc/arm-none-eabi/9.2.1/thumb/v7e-m/nofp\libgcc.a(_udivmoddi4.o)
                0x00000ce0                __udivmoddi4
 .text          0x00000fa0        0x4 c:/users/gabi_/ncs/v1.9.1/toolchain/opt/bin/../lib/gcc/arm-none-eabi/9.2.1/thumb/v7e-m/nofp\libgcc.a(_dvmd_tls.o)
                0x00000fa0                __aeabi_idiv0
                0x00000fa0                __aeabi_ldiv0
 *(SORT_BY_ALIGNMENT(.text.*))
 *fill*         0x00000fa4        0x4 
 .text.action_thread_code
                0x00000fa8      0x280 app/libapp.a(main.c.obj)
                0x00000fa8                action_thread_code
 .text.button3_pressed
                0x00001228        0xc app/libapp.a(main.c.obj)
                0x00001228                button3_pressed
 .text.button4_pressed
                0x00001234       0x14 app/libapp.a(main.c.obj)
                0x00001234                button4_pressed
 .text.button1_pressed
                0x00001248       0x28 app/libapp.a(main.c.obj)
                0x00001248                button1_pressed
 .text.button2_pressed
                0x00001270       0x20 app/libapp.a(main.c.obj)
                0x00001270                button2_pressed
 .text.pwm_pin_set_usec.constprop.0
                0x00001290       0x90 app/libapp.a(main.c.obj)
 .text.gpio_add_callback.constprop.0
                0x00001320       0x18 app/libapp.a(main.c.obj)
 .text.manual_out_thread_code
                0x00001338       0x70 app/libapp.a(main.c.obj)
                0x00001338                manual_out_thread_code
 .text.auto_out_thread_code
                0x000013a8       0x70 app/libapp.a(main.c.obj)
                0x000013a8                auto_out_thread_code
 .text.calendar_thread_code
                0x00001418      0x1b0 app/libapp.a(main.c.obj)
                0x00001418                calendar_thread_code
 .text.read_thread_code
                0x000015c8      0x140 app/libapp.a(main.c.obj)
                0x000015c8                read_thread_code
 .text.conf     0x00001708      0x158 app/libapp.a(main.c.obj)
                0x00001708                conf
 .text.adc_setup
                0x00001860       0x50 app/libapp.a(main.c.obj)
                0x00001860                adc_setup
 .text.main     0x000018b0      0x244 app/libapp.a(main.c.obj)
                0x000018b0                main
 .text.cbvprintf
                0x00001af4      0x780 zephyr/libzephyr.a(cbprintf_complete.c.obj)
                0x00001af4                cbvprintf
 .text.console_write
                0x00002274        0xc zephyr/libzephyr.a(getchar.c.obj)
                0x00002274                console_write
 .text.console_putchar
                0x00002280       0x1c zephyr/libzephyr.a(getchar.c.obj)
                0x00002280                console_putchar
 .text.console_getchar
                0x0000229c       0x20 zephyr/libzephyr.a(getchar.c.obj)
                0x0000229c                console_getchar
 .text.console_init
                0x000022bc       0x54 zephyr/libzephyr.a(getchar.c.obj)
                0x000022bc                console_init
 .text.nrf_cc3xx_platform_abort_init
                0x00002310        0xc zephyr/libzephyr.a(nrf_cc3xx_platform_abort_zephyr.c.obj)
                0x00002310                nrf_cc3xx_platform_abort_init
 .text.mutex_unlock_platform
                0x0000231c       0x4c zephyr/libzephyr.a(nrf_cc3xx_platform_mutex_zephyr.c.obj)
 .text.mutex_free_platform
                0x00002368       0x48 zephyr/libzephyr.a(nrf_cc3xx_platform_mutex_zephyr.c.obj)
 .text.mutex_init_platform
                0x000023b0       0x70 zephyr/libzephyr.a(nrf_cc3xx_platform_mutex_zephyr.c.obj)
 .text.mutex_lock_platform
                0x00002420       0x58 zephyr/libzephyr.a(nrf_cc3xx_platform_mutex_zephyr.c.obj)
 .text.nrf_cc3xx_platform_mutex_init
                0x00002478       0x2c zephyr/libzephyr.a(nrf_cc3xx_platform_mutex_zephyr.c.obj)
                0x00002478                nrf_cc3xx_platform_mutex_init
 .text.process_event
                0x000024a4      0x1cc zephyr/libzephyr.a(onoff.c.obj)
 .text.pm_state_notify
                0x00002670       0x64 zephyr/libzephyr.a(pm.c.obj)
 .text.atomic_test_and_set_bit.constprop.0
                0x000026d4       0x38 zephyr/libzephyr.a(pm.c.obj)
 .text.pm_system_resume
                0x0000270c       0x88 zephyr/libzephyr.a(pm.c.obj)
                0x0000270c                pm_system_resume
 .text.pm_system_suspend
                0x00002794      0x100 zephyr/libzephyr.a(pm.c.obj)
                0x00002794                pm_system_suspend
 .text.char_out
                0x00002894       0x10 zephyr/libzephyr.a(printk.c.obj)
 .text.__printk_hook_install
                0x000028a4        0xc zephyr/libzephyr.a(printk.c.obj)
                0x000028a4                __printk_hook_install
 .text.vprintk  0x000028b0       0x1c zephyr/libzephyr.a(printk.c.obj)
                0x000028b0                vprintk
 .text.sys_reboot
                0x000028cc       0x28 zephyr/libzephyr.a(reboot.c.obj)
                0x000028cc                sys_reboot
 .text.tty_init
                0x000028f4       0x40 zephyr/libzephyr.a(tty.c.obj)
                0x000028f4                tty_init
 .text.z_arm_cpu_idle_init
                0x00002934        0xc zephyr/arch/arch/arm/core/aarch32/libarch__arm__core__aarch32.a(cpu_idle.S.obj)
                0x00002934                z_arm_cpu_idle_init
 .text.arch_cpu_idle
                0x00002940       0x1c zephyr/arch/arch/arm/core/aarch32/libarch__arm__core__aarch32.a(cpu_idle.S.obj)
                0x00002940                arch_cpu_idle
 .text.arch_cpu_atomic_idle
                0x0000295c       0x14 zephyr/arch/arch/arm/core/aarch32/libarch__arm__core__aarch32.a(cpu_idle.S.obj)
                0x0000295c                arch_cpu_atomic_idle
 .text._isr_wrapper
                0x00002970       0x40 zephyr/arch/arch/arm/core/aarch32/libarch__arm__core__aarch32.a(isr_wrapper.S.obj)
                0x00002970                _isr_wrapper
 .text.z_SysNmiOnReset
                0x000029b0        0x8 zephyr/arch/arch/arm/core/aarch32/libarch__arm__core__aarch32.a(nmi_on_reset.S.obj)
                0x000029b0                z_SysNmiOnReset
 .text.z_arm_pendsv
                0x000029b8       0x54 zephyr/arch/arch/arm/core/aarch32/libarch__arm__core__aarch32.a(swap_helper.S.obj)
                0x000029b8                z_arm_pendsv
 .text.z_arm_svc
                0x00002a0c       0x20 zephyr/arch/arch/arm/core/aarch32/libarch__arm__core__aarch32.a(swap_helper.S.obj)
                0x00002a0c                z_arm_svc
 .text.arch_irq_enable
                0x00002a2c       0x20 zephyr/arch/arch/arm/core/aarch32/libarch__arm__core__aarch32.a(irq_manage.c.obj)
                0x00002a2c                arch_irq_enable
 .text.arch_irq_is_enabled
                0x00002a4c       0x1c zephyr/arch/arch/arm/core/aarch32/libarch__arm__core__aarch32.a(irq_manage.c.obj)
                0x00002a4c                arch_irq_is_enabled
 .text.z_arm_irq_priority_set
                0x00002a68       0x30 zephyr/arch/arch/arm/core/aarch32/libarch__arm__core__aarch32.a(irq_manage.c.obj)
                0x00002a68                z_arm_irq_priority_set
 .text.z_arm_prep_c
                0x00002a98       0x38 zephyr/arch/arch/arm/core/aarch32/libarch__arm__core__aarch32.a(prep_c.c.obj)
                0x00002a98                z_arm_prep_c
 .text.arch_swap
                0x00002ad0       0x34 zephyr/arch/arch/arm/core/aarch32/libarch__arm__core__aarch32.a(swap.c.obj)
                0x00002ad0                arch_swap
 .text.arch_new_thread
                0x00002b04       0x38 zephyr/arch/arch/arm/core/aarch32/libarch__arm__core__aarch32.a(thread.c.obj)
                0x00002b04                arch_new_thread
 .text.z_check_thread_stack_fail
                0x00002b3c       0x34 zephyr/arch/arch/arm/core/aarch32/libarch__arm__core__aarch32.a(thread.c.obj)
                0x00002b3c                z_check_thread_stack_fail
 .text.arch_switch_to_main_thread
                0x00002b70       0x2c zephyr/arch/arch/arm/core/aarch32/libarch__arm__core__aarch32.a(thread.c.obj)
                0x00002b70                arch_switch_to_main_thread
 .text._HandlerModeExit
                0x00002b9c       0x1c zephyr/arch/arch/arm/core/aarch32/cortex_m/libarch__arm__core__aarch32__cortex_m.a(exc_exit.S.obj)
                0x00002b9c                z_arm_int_exit
                0x00002b9c                z_arm_exc_exit
 .text.__fault  0x00002bb8       0x14 zephyr/arch/arch/arm/core/aarch32/cortex_m/libarch__arm__core__aarch32__cortex_m.a(fault_s.S.obj)
                0x00002bb8                z_arm_usage_fault
                0x00002bb8                z_arm_mpu_fault
                0x00002bb8                z_arm_exc_spurious
                0x00002bb8                z_arm_debug_monitor
                0x00002bb8                z_arm_hard_fault
                0x00002bb8                z_arm_bus_fault
 .text._reset_section
                0x00002bcc       0x54 zephyr/arch/arch/arm/core/aarch32/cortex_m/libarch__arm__core__aarch32__cortex_m.a(reset.S.obj)
                0x00002bcc                __start
                0x00002bcc                z_arm_reset
 .text.mem_manage_fault
                0x00002c20       0x6c zephyr/arch/arch/arm/core/aarch32/cortex_m/libarch__arm__core__aarch32__cortex_m.a(fault.c.obj)
 .text.bus_fault.isra.0
                0x00002c8c       0x3c zephyr/arch/arch/arm/core/aarch32/cortex_m/libarch__arm__core__aarch32__cortex_m.a(fault.c.obj)
 .text.usage_fault.isra.0
                0x00002cc8       0x24 zephyr/arch/arch/arm/core/aarch32/cortex_m/libarch__arm__core__aarch32__cortex_m.a(fault.c.obj)
 .text.z_arm_fault
                0x00002cec      0x108 zephyr/arch/arch/arm/core/aarch32/cortex_m/libarch__arm__core__aarch32__cortex_m.a(fault.c.obj)
                0x00002cec                z_arm_fault
 .text.z_arm_fault_init
                0x00002df4       0x10 zephyr/arch/arch/arm/core/aarch32/cortex_m/libarch__arm__core__aarch32__cortex_m.a(fault.c.obj)
                0x00002df4                z_arm_fault_init
 .text.z_arm_interrupt_init
                0x00002e04       0x18 zephyr/arch/arch/arm/core/aarch32/cortex_m/libarch__arm__core__aarch32__cortex_m.a(irq_init.c.obj)
                0x00002e04                z_arm_interrupt_init
 .text.z_arm_clear_arm_mpu_config
                0x00002e1c       0x20 zephyr/arch/arch/arm/core/aarch32/cortex_m/libarch__arm__core__aarch32__cortex_m.a(scb.c.obj)
                0x00002e1c                z_arm_clear_arm_mpu_config
 .text.z_arm_init_arch_hw_at_boot
                0x00002e3c       0x64 zephyr/arch/arch/arm/core/aarch32/cortex_m/libarch__arm__core__aarch32__cortex_m.a(scb.c.obj)
                0x00002e3c                z_arm_init_arch_hw_at_boot
 .text.z_impl_k_thread_abort
                0x00002ea0       0x24 zephyr/arch/arch/arm/core/aarch32/cortex_m/libarch__arm__core__aarch32__cortex_m.a(thread_abort.c.obj)
                0x00002ea0                z_impl_k_thread_abort
 .text.z_arm_configure_static_mpu_regions
                0x00002ec4       0x18 zephyr/arch/arch/arm/core/aarch32/mpu/libarch__arm__core__aarch32__mpu.a(arm_core_mpu.c.obj)
                0x00002ec4                z_arm_configure_static_mpu_regions
 .text.z_arm_configure_dynamic_mpu_regions
                0x00002edc       0x20 zephyr/arch/arch/arm/core/aarch32/mpu/libarch__arm__core__aarch32__mpu.a(arm_core_mpu.c.obj)
                0x00002edc                z_arm_configure_dynamic_mpu_regions
 .text.mpu_configure_regions
                0x00002efc       0x80 zephyr/arch/arch/arm/core/aarch32/mpu/libarch__arm__core__aarch32__mpu.a(arm_mpu.c.obj)
 .text.arm_core_mpu_enable
                0x00002f7c       0x14 zephyr/arch/arch/arm/core/aarch32/mpu/libarch__arm__core__aarch32__mpu.a(arm_mpu.c.obj)
                0x00002f7c                arm_core_mpu_enable
 .text.arm_core_mpu_disable
                0x00002f90       0x10 zephyr/arch/arch/arm/core/aarch32/mpu/libarch__arm__core__aarch32__mpu.a(arm_mpu.c.obj)
                0x00002f90                arm_core_mpu_disable
 .text.arm_core_mpu_configure_static_mpu_regions
                0x00002fa0       0x14 zephyr/arch/arch/arm/core/aarch32/mpu/libarch__arm__core__aarch32__mpu.a(arm_mpu.c.obj)
                0x00002fa0                arm_core_mpu_configure_static_mpu_regions
 .text.arm_core_mpu_configure_dynamic_mpu_regions
                0x00002fb4       0x2c zephyr/arch/arch/arm/core/aarch32/mpu/libarch__arm__core__aarch32__mpu.a(arm_mpu.c.obj)
                0x00002fb4                arm_core_mpu_configure_dynamic_mpu_regions
 .text.z_arm_mpu_init
                0x00002fe0       0x5c zephyr/arch/arch/arm/core/aarch32/mpu/libarch__arm__core__aarch32__mpu.a(arm_mpu.c.obj)
                0x00002fe0                z_arm_mpu_init
 .text.printf   0x0000303c       0x24 zephyr/lib/libc/minimal/liblib__libc__minimal.a(fprintf.c.obj)
                0x0000303c                printf
 .text.__stdout_hook_install
                0x00003060        0xc zephyr/lib/libc/minimal/liblib__libc__minimal.a(stdout_console.c.obj)
                0x00003060                __stdout_hook_install
 .text.z_impl_zephyr_fputc
                0x0000306c       0x18 zephyr/lib/libc/minimal/liblib__libc__minimal.a(stdout_console.c.obj)
                0x0000306c                z_impl_zephyr_fputc
 .text.nordicsemi_nrf52_init
                0x00003084       0x64 zephyr/soc/arm/nordic_nrf/nrf52/libsoc__arm__nordic_nrf__nrf52.a(soc.c.obj)
 .text.sys_arch_reboot
                0x000030e8       0x2c zephyr/soc/arm/nordic_nrf/nrf52/libsoc__arm__nordic_nrf__nrf52.a(soc.c.obj)
                0x000030e8                sys_arch_reboot
 .text.arch_busy_wait
                0x00003114       0x14 zephyr/soc/arm/nordic_nrf/nrf52/libsoc__arm__nordic_nrf__nrf52.a(soc.c.obj)
                0x00003114                arch_busy_wait
 .text.adc_context_start_sampling.isra.0
                0x00003128       0x20 zephyr/drivers/adc/libdrivers__adc.a(adc_nrfx_saadc.c.obj)
 .text.adc_nrfx_channel_setup
                0x00003148       0xd4 zephyr/drivers/adc/libdrivers__adc.a(adc_nrfx_saadc.c.obj)
 .text.saadc_irq_handler
                0x0000321c       0xd4 zephyr/drivers/adc/libdrivers__adc.a(adc_nrfx_saadc.c.obj)
 .text.adc_nrfx_read
                0x000032f0      0x194 zephyr/drivers/adc/libdrivers__adc.a(adc_nrfx_saadc.c.obj)
 .text.init_saadc
                0x00003484       0x48 zephyr/drivers/adc/libdrivers__adc.a(adc_nrfx_saadc.c.obj)
 .text.onoff_stop
                0x000034cc       0x48 zephyr/drivers/clock_control/libdrivers__clock_control.a(clock_control_nrf.c.obj)
 .text.onoff_start
                0x00003514       0x58 zephyr/drivers/clock_control/libdrivers__clock_control.a(clock_control_nrf.c.obj)
 .text.clk_init
                0x0000356c       0x60 zephyr/drivers/clock_control/libdrivers__clock_control.a(clock_control_nrf.c.obj)
 .text.clkstarted_handle.constprop.0
                0x000035cc       0x34 zephyr/drivers/clock_control/libdrivers__clock_control.a(clock_control_nrf.c.obj)
 .text.clock_event_handler
                0x00003600       0x1c zephyr/drivers/clock_control/libdrivers__clock_control.a(clock_control_nrf.c.obj)
 .text.generic_hfclk_start
                0x0000361c       0x64 zephyr/drivers/clock_control/libdrivers__clock_control.a(clock_control_nrf.c.obj)
 .text.generic_hfclk_stop
                0x00003680       0x2c zephyr/drivers/clock_control/libdrivers__clock_control.a(clock_control_nrf.c.obj)
 .text.api_blocking_start
                0x000036ac       0x34 zephyr/drivers/clock_control/libdrivers__clock_control.a(clock_control_nrf.c.obj)
 .text.z_nrf_clock_control_lf_on
                0x000036e0      0x10c zephyr/drivers/clock_control/libdrivers__clock_control.a(clock_control_nrf.c.obj)
                0x000036e0                z_nrf_clock_control_lf_on
 .text.console_out
                0x000037ec       0x34 zephyr/drivers/console/libdrivers__console.a(uart_console.c.obj)
 .text.uart_console_init
                0x00003820       0x30 zephyr/drivers/console/libdrivers__console.a(uart_console.c.obj)
 .text.nrfx_gpio_handler
                0x00003850       0x54 zephyr/drivers/gpio/libdrivers__gpio.a(gpio_nrfx.c.obj)
 .text.gpio_nrfx_pin_interrupt_configure
                0x000038a4       0xd4 zephyr/drivers/gpio/libdrivers__gpio.a(gpio_nrfx.c.obj)
 .text.gpio_nrfx_init
                0x00003978       0x38 zephyr/drivers/gpio/libdrivers__gpio.a(gpio_nrfx.c.obj)
 .text.gpio_nrfx_pin_configure
                0x000039b0      0x15c zephyr/drivers/gpio/libdrivers__gpio.a(gpio_nrfx.c.obj)
 .text.pwm_nrfx_get_cycles_per_sec
                0x00003b0c       0x10 zephyr/drivers/pwm/libdrivers__pwm.a(pwm_nrfx.c.obj)
 .text.pwm_nrfx_init
                0x00003b1c       0x44 zephyr/drivers/pwm/libdrivers__pwm.a(pwm_nrfx.c.obj)
 .text.pwm_nrfx_pin_set
                0x00003b60      0x180 zephyr/drivers/pwm/libdrivers__pwm.a(pwm_nrfx.c.obj)
 .text.uarte_nrfx_configure
                0x00003ce0      0x164 zephyr/drivers/serial/libdrivers__serial.a(uart_nrfx_uarte.c.obj)
 .text.nrf_gpio_cfg_input
                0x00003e44       0x20 zephyr/drivers/serial/libdrivers__serial.a(uart_nrfx_uarte.c.obj)
 .text.uarte_nrfx_poll_out
                0x00003e64       0x94 zephyr/drivers/serial/libdrivers__serial.a(uart_nrfx_uarte.c.obj)
 .text.nrf_gpio_cfg_output
                0x00003ef8       0x20 zephyr/drivers/serial/libdrivers__serial.a(uart_nrfx_uarte.c.obj)
 .text.nrf_gpio_pin_set
                0x00003f18       0x20 zephyr/drivers/serial/libdrivers__serial.a(uart_nrfx_uarte.c.obj)
 .text.uarte_instance_init.isra.0
                0x00003f38      0x130 zephyr/drivers/serial/libdrivers__serial.a(uart_nrfx_uarte.c.obj)
 .text.sys_clock_timeout_handler
                0x00004068       0x78 zephyr/drivers/timer/libdrivers__timer.a(nrf_rtc_timer.c.obj)
 .text.compare_int_lock
                0x000040e0       0x50 zephyr/drivers/timer/libdrivers__timer.a(nrf_rtc_timer.c.obj)
 .text.compare_int_unlock.part.0
                0x00004130       0x5c zephyr/drivers/timer/libdrivers__timer.a(nrf_rtc_timer.c.obj)
 .text.z_nrf_rtc_timer_read
                0x0000418c       0x44 zephyr/drivers/timer/libdrivers__timer.a(nrf_rtc_timer.c.obj)
                0x0000418c                z_nrf_rtc_timer_read
 .text.compare_set
                0x000041d0      0x154 zephyr/drivers/timer/libdrivers__timer.a(nrf_rtc_timer.c.obj)
 .text.sys_clock_driver_init
                0x00004324       0x84 zephyr/drivers/timer/libdrivers__timer.a(nrf_rtc_timer.c.obj)
 .text.rtc_nrf_isr
                0x000043a8       0xf0 zephyr/drivers/timer/libdrivers__timer.a(nrf_rtc_timer.c.obj)
                0x000043a8                rtc_nrf_isr
 .text.sys_clock_set_timeout
                0x00004498       0x60 zephyr/drivers/timer/libdrivers__timer.a(nrf_rtc_timer.c.obj)
                0x00004498                sys_clock_set_timeout
 .text.sys_clock_elapsed
                0x000044f8       0x14 zephyr/drivers/timer/libdrivers__timer.a(nrf_rtc_timer.c.obj)
                0x000044f8                sys_clock_elapsed
 .text.nrfx_clock_init
                0x0000450c       0x20 modules/hal_nordic/nrfx/libmodules__hal_nordic__nrfx.a(nrfx_clock.c.obj)
                0x0000450c                nrfx_clock_init
 .text.nrfx_clock_start
                0x0000452c       0x64 modules/hal_nordic/nrfx/libmodules__hal_nordic__nrfx.a(nrfx_clock.c.obj)
                0x0000452c                nrfx_clock_start
 .text.nrfx_clock_stop
                0x00004590       0x8c modules/hal_nordic/nrfx/libmodules__hal_nordic__nrfx.a(nrfx_clock.c.obj)
                0x00004590                nrfx_clock_stop
 .text.nrfx_power_clock_irq_handler
                0x0000461c       0x68 modules/hal_nordic/nrfx/libmodules__hal_nordic__nrfx.a(nrfx_clock.c.obj)
                0x0000461c                nrfx_power_clock_irq_handler
 .text.nrfx_flag32_alloc
                0x00004684       0x48 modules/hal_nordic/nrfx/libmodules__hal_nordic__nrfx.a(nrfx_flag32_allocator.c.obj)
                0x00004684                nrfx_flag32_alloc
 .text.nrfx_flag32_free
                0x000046cc       0x44 modules/hal_nordic/nrfx/libmodules__hal_nordic__nrfx.a(nrfx_flag32_allocator.c.obj)
                0x000046cc                nrfx_flag32_free
 .text.nrf_gpio_pin_port_decode
                0x00004710       0x1c modules/hal_nordic/nrfx/libmodules__hal_nordic__nrfx.a(nrfx_gpiote.c.obj)
 .text.call_handler
                0x0000472c       0x3c modules/hal_nordic/nrfx/libmodules__hal_nordic__nrfx.a(nrfx_gpiote.c.obj)
 .text.release_handler
                0x00004768       0x54 modules/hal_nordic/nrfx/libmodules__hal_nordic__nrfx.a(nrfx_gpiote.c.obj)
 .text.pin_handler_trigger_uninit
                0x000047bc       0x34 modules/hal_nordic/nrfx/libmodules__hal_nordic__nrfx.a(nrfx_gpiote.c.obj)
 .text.nrfx_gpiote_input_configure
                0x000047f0      0x158 modules/hal_nordic/nrfx/libmodules__hal_nordic__nrfx.a(nrfx_gpiote.c.obj)
                0x000047f0                nrfx_gpiote_input_configure
 .text.nrfx_gpiote_output_configure
                0x00004948       0xe0 modules/hal_nordic/nrfx/libmodules__hal_nordic__nrfx.a(nrfx_gpiote.c.obj)
                0x00004948                nrfx_gpiote_output_configure
 .text.nrfx_gpiote_global_callback_set
                0x00004a28        0xc modules/hal_nordic/nrfx/libmodules__hal_nordic__nrfx.a(nrfx_gpiote.c.obj)
                0x00004a28                nrfx_gpiote_global_callback_set
 .text.nrfx_gpiote_channel_get
                0x00004a34       0x24 modules/hal_nordic/nrfx/libmodules__hal_nordic__nrfx.a(nrfx_gpiote.c.obj)
                0x00004a34                nrfx_gpiote_channel_get
 .text.nrfx_gpiote_init
                0x00004a58       0x50 modules/hal_nordic/nrfx/libmodules__hal_nordic__nrfx.a(nrfx_gpiote.c.obj)
                0x00004a58                nrfx_gpiote_init
 .text.nrfx_gpiote_is_init
                0x00004aa8       0x14 modules/hal_nordic/nrfx/libmodules__hal_nordic__nrfx.a(nrfx_gpiote.c.obj)
                0x00004aa8                nrfx_gpiote_is_init
 .text.nrfx_gpiote_channel_free
                0x00004abc        0xc modules/hal_nordic/nrfx/libmodules__hal_nordic__nrfx.a(nrfx_gpiote.c.obj)
                0x00004abc                nrfx_gpiote_channel_free
 .text.nrfx_gpiote_channel_alloc
                0x00004ac8        0xc modules/hal_nordic/nrfx/libmodules__hal_nordic__nrfx.a(nrfx_gpiote.c.obj)
                0x00004ac8                nrfx_gpiote_channel_alloc
 .text.nrfx_gpiote_trigger_enable
                0x00004ad4       0x88 modules/hal_nordic/nrfx/libmodules__hal_nordic__nrfx.a(nrfx_gpiote.c.obj)
                0x00004ad4                nrfx_gpiote_trigger_enable
 .text.nrfx_gpiote_trigger_disable
                0x00004b5c       0x44 modules/hal_nordic/nrfx/libmodules__hal_nordic__nrfx.a(nrfx_gpiote.c.obj)
                0x00004b5c                nrfx_gpiote_trigger_disable
 .text.nrfx_gpiote_pin_uninit
                0x00004ba0       0x48 modules/hal_nordic/nrfx/libmodules__hal_nordic__nrfx.a(nrfx_gpiote.c.obj)
                0x00004ba0                nrfx_gpiote_pin_uninit
 .text.nrfx_gpiote_irq_handler
                0x00004be8      0x1b0 modules/hal_nordic/nrfx/libmodules__hal_nordic__nrfx.a(nrfx_gpiote.c.obj)
                0x00004be8                nrfx_gpiote_irq_handler
 .text.nrfx_ppi_channel_alloc
                0x00004d98        0xc modules/hal_nordic/nrfx/libmodules__hal_nordic__nrfx.a(nrfx_ppi.c.obj)
                0x00004d98                nrfx_ppi_channel_alloc
 .text.nrfx_pwm_init
                0x00004da4      0x15c modules/hal_nordic/nrfx/libmodules__hal_nordic__nrfx.a(nrfx_pwm.c.obj)
                0x00004da4                nrfx_pwm_init
 .text.nrfx_pwm_simple_playback
                0x00004f00       0x7c modules/hal_nordic/nrfx/libmodules__hal_nordic__nrfx.a(nrfx_pwm.c.obj)
                0x00004f00                nrfx_pwm_simple_playback
 .text.nrfx_pwm_is_stopped
                0x00004f7c       0x28 modules/hal_nordic/nrfx/libmodules__hal_nordic__nrfx.a(nrfx_pwm.c.obj)
                0x00004f7c                nrfx_pwm_is_stopped
 .text.nrf52_errata_36
                0x00004fa4       0x14 modules/hal_nordic/nrfx/libmodules__hal_nordic__nrfx.a(system_nrf52840.c.obj)
 .text.nrf52_errata_98
                0x00004fb8       0x28 modules/hal_nordic/nrfx/libmodules__hal_nordic__nrfx.a(system_nrf52840.c.obj)
 .text.nvmc_wait
                0x00004fe0       0x10 modules/hal_nordic/nrfx/libmodules__hal_nordic__nrfx.a(system_nrf52840.c.obj)
                0x00004fe0                nvmc_wait
 .text.SystemInit
                0x00004ff0      0x1d0 modules/hal_nordic/nrfx/libmodules__hal_nordic__nrfx.a(system_nrf52840.c.obj)
                0x00004ff0                SystemInit
 .text.z_sys_init_run_level
                0x000051c0       0x40 zephyr/kernel/libkernel.a(device.c.obj)
                0x000051c0                z_sys_init_run_level
 .text.z_impl_device_get_binding
                0x00005200       0x58 zephyr/kernel/libkernel.a(device.c.obj)
                0x00005200                z_impl_device_get_binding
 .text.z_impl_z_errno
                0x00005258        0xc zephyr/kernel/libkernel.a(errno.c.obj)
                0x00005258                z_impl_z_errno
 .text.idle     0x00005264       0x2c zephyr/kernel/libkernel.a(idle.c.obj)
                0x00005264                idle
 .text.init_idle_thread
                0x00005290       0x58 zephyr/kernel/libkernel.a(init.c.obj)
 .text.bg_thread_main
                0x000052e8       0x34 zephyr/kernel/libkernel.a(init.c.obj)
 .text.z_bss_zero
                0x0000531c       0x14 zephyr/kernel/libkernel.a(init.c.obj)
                0x0000531c                z_bss_zero
 .text.z_cstart
                0x00005330       0xe4 zephyr/kernel/libkernel.a(init.c.obj)
                0x00005330                z_cstart
 .text.init_mem_slab_module
                0x00005414       0x44 zephyr/kernel/libkernel.a(mem_slab.c.obj)
 .text.k_mem_slab_alloc
                0x00005458       0x60 zephyr/kernel/libkernel.a(mem_slab.c.obj)
                0x00005458                k_mem_slab_alloc
 .text.z_impl_k_mutex_lock
                0x000054b8       0xfc zephyr/kernel/libkernel.a(mutex.c.obj)
                0x000054b8                z_impl_k_mutex_lock
 .text.z_impl_k_mutex_unlock
                0x000055b4       0x8c zephyr/kernel/libkernel.a(mutex.c.obj)
                0x000055b4                z_impl_k_mutex_unlock
 .text.z_reset_time_slice
                0x00005640       0x2c zephyr/kernel/libkernel.a(sched.c.obj)
                0x00005640                z_reset_time_slice
 .text.k_sched_time_slice_set
                0x0000566c       0x64 zephyr/kernel/libkernel.a(sched.c.obj)
                0x0000566c                k_sched_time_slice_set
 .text.z_reschedule
                0x000056d0       0x24 zephyr/kernel/libkernel.a(sched.c.obj)
                0x000056d0                z_reschedule
 .text.k_sched_lock
                0x000056f4       0x28 zephyr/kernel/libkernel.a(sched.c.obj)
                0x000056f4                k_sched_lock
 .text.update_cache
                0x0000571c       0x40 zephyr/kernel/libkernel.a(sched.c.obj)
 .text.move_thread_to_end_of_prio_q
                0x0000575c       0x7c zephyr/kernel/libkernel.a(sched.c.obj)
 .text.z_time_slice
                0x000057d8       0x84 zephyr/kernel/libkernel.a(sched.c.obj)
                0x000057d8                z_time_slice
 .text.ready_thread
                0x0000585c       0x70 zephyr/kernel/libkernel.a(sched.c.obj)
 .text.z_sched_start
                0x000058cc       0x3c zephyr/kernel/libkernel.a(sched.c.obj)
                0x000058cc                z_sched_start
 .text.unready_thread
                0x00005908       0x30 zephyr/kernel/libkernel.a(sched.c.obj)
 .text.pend     0x00005938       0x4c zephyr/kernel/libkernel.a(sched.c.obj)
 .text.z_pend_curr
                0x00005984       0x28 zephyr/kernel/libkernel.a(sched.c.obj)
                0x00005984                z_pend_curr
 .text.z_set_prio
                0x000059ac       0x98 zephyr/kernel/libkernel.a(sched.c.obj)
                0x000059ac                z_set_prio
 .text.z_impl_k_thread_suspend
                0x00005a44       0x64 zephyr/kernel/libkernel.a(sched.c.obj)
                0x00005a44                z_impl_k_thread_suspend
 .text.k_sched_unlock
                0x00005aa8       0x38 zephyr/kernel/libkernel.a(sched.c.obj)
                0x00005aa8                k_sched_unlock
 .text.z_sched_init
                0x00005ae0       0x18 zephyr/kernel/libkernel.a(sched.c.obj)
                0x00005ae0                z_sched_init
 .text.z_impl_k_yield
                0x00005af8       0x84 zephyr/kernel/libkernel.a(sched.c.obj)
                0x00005af8                z_impl_k_yield
 .text.z_tick_sleep
                0x00005b7c       0x98 zephyr/kernel/libkernel.a(sched.c.obj)
 .text.z_impl_k_sleep
                0x00005c14       0x34 zephyr/kernel/libkernel.a(sched.c.obj)
                0x00005c14                z_impl_k_sleep
 .text.z_impl_z_current_get
                0x00005c48        0xc zephyr/kernel/libkernel.a(sched.c.obj)
                0x00005c48                z_impl_z_current_get
 .text.z_thread_abort
                0x00005c54       0xa4 zephyr/kernel/libkernel.a(sched.c.obj)
                0x00005c54                z_thread_abort
 .text.z_impl_k_sem_give
                0x00005cf8       0x40 zephyr/kernel/libkernel.a(sem.c.obj)
                0x00005cf8                z_impl_k_sem_give
 .text.z_impl_k_sem_take
                0x00005d38       0x54 zephyr/kernel/libkernel.a(sem.c.obj)
                0x00005d38                z_impl_k_sem_take
 .text.z_setup_new_thread
                0x00005d8c       0x64 zephyr/kernel/libkernel.a(thread.c.obj)
                0x00005d8c                z_setup_new_thread
 .text.z_impl_k_thread_create
                0x00005df0       0x58 zephyr/kernel/libkernel.a(thread.c.obj)
                0x00005df0                z_impl_k_thread_create
 .text.z_init_static_threads
                0x00005e48       0xbc zephyr/kernel/libkernel.a(thread.c.obj)
                0x00005e48                z_init_static_threads
 .text.elapsed  0x00005f04       0x14 zephyr/kernel/libkernel.a(timeout.c.obj)
 .text.remove_timeout
                0x00005f18       0x34 zephyr/kernel/libkernel.a(timeout.c.obj)
 .text.next_timeout
                0x00005f4c       0x58 zephyr/kernel/libkernel.a(timeout.c.obj)
 .text.z_add_timeout
                0x00005fa4      0x110 zephyr/kernel/libkernel.a(timeout.c.obj)
                0x00005fa4                z_add_timeout
 .text.sys_clock_announce
                0x000060b4       0xd8 zephyr/kernel/libkernel.a(timeout.c.obj)
                0x000060b4                sys_clock_announce
 .text.sys_clock_tick_get
                0x0000618c       0x34 zephyr/kernel/libkernel.a(timeout.c.obj)
                0x0000618c                sys_clock_tick_get
 .text.z_timer_expiration_handler
                0x000061c0       0x88 zephyr/kernel/libkernel.a(timer.c.obj)
                0x000061c0                z_timer_expiration_handler
 .text.z_impl_k_timer_start
                0x00006248       0xc0 zephyr/kernel/libkernel.a(timer.c.obj)
                0x00006248                z_impl_k_timer_start
 .text.z_data_copy
                0x00006308       0x34 zephyr/kernel/libkernel.a(xip.c.obj)
                0x00006308                z_data_copy
 .text.boot_banner
                0x0000633c       0x18 zephyr/kernel/libkernel.a(banner.c.obj)
                0x0000633c                boot_banner
 .text.statics_init
                0x00006354       0x24 zephyr/kernel/libkernel.a(kheap.c.obj)
 .text.nrf_cc3xx_platform_init_no_rng
                0x00006378       0x38 C:/Users/gabi_/ncs/v1.9.1/nrfxlib/crypto/nrf_cc310_platform/lib/cortex-m4/soft-float/no-interrupts/libnrf_cc310_platform_0.9.13.a(nrf_cc3xx_platform.c.obj)
                0x00006378                nrf_cc3xx_platform_init_no_rng
 .text.nrf_cc3xx_platform_abort
                0x000063b0       0x24 C:/Users/gabi_/ncs/v1.9.1/nrfxlib/crypto/nrf_cc310_platform/lib/cortex-m4/soft-float/no-interrupts/libnrf_cc310_platform_0.9.13.a(nrf_cc3xx_platform_abort.c.obj)
 .text.CC_PalAbort
                0x000063d4       0x40 C:/Users/gabi_/ncs/v1.9.1/nrfxlib/crypto/nrf_cc310_platform/lib/cortex-m4/soft-float/no-interrupts/libnrf_cc310_platform_0.9.13.a(nrf_cc3xx_platform_abort.c.obj)
                0x000063d4                CC_PalAbort
 .text.nrf_cc3xx_platform_set_abort
                0x00006414       0x10 C:/Users/gabi_/ncs/v1.9.1/nrfxlib/crypto/nrf_cc310_platform/lib/cortex-m4/soft-float/no-interrupts/libnrf_cc310_platform_0.9.13.a(nrf_cc3xx_platform_abort.c.obj)
                0x00006414                nrf_cc3xx_platform_set_abort
 .text.mutex_free
                0x00006424       0x28 C:/Users/gabi_/ncs/v1.9.1/nrfxlib/crypto/nrf_cc310_platform/lib/cortex-m4/soft-float/no-interrupts/libnrf_cc310_platform_0.9.13.a(nrf_cc3xx_platform_mutex.c.obj)
 .text.mutex_unlock
                0x0000644c       0x2c C:/Users/gabi_/ncs/v1.9.1/nrfxlib/crypto/nrf_cc310_platform/lib/cortex-m4/soft-float/no-interrupts/libnrf_cc310_platform_0.9.13.a(nrf_cc3xx_platform_mutex.c.obj)
 .text.mutex_init
                0x00006478       0x1c C:/Users/gabi_/ncs/v1.9.1/nrfxlib/crypto/nrf_cc310_platform/lib/cortex-m4/soft-float/no-interrupts/libnrf_cc310_platform_0.9.13.a(nrf_cc3xx_platform_mutex.c.obj)
 .text.mutex_lock
                0x00006494       0x44 C:/Users/gabi_/ncs/v1.9.1/nrfxlib/crypto/nrf_cc310_platform/lib/cortex-m4/soft-float/no-interrupts/libnrf_cc310_platform_0.9.13.a(nrf_cc3xx_platform_mutex.c.obj)
 .text.nrf_cc3xx_platform_set_mutexes
                0x000064d8       0x60 C:/Users/gabi_/ncs/v1.9.1/nrfxlib/crypto/nrf_cc310_platform/lib/cortex-m4/soft-float/no-interrupts/libnrf_cc310_platform_0.9.13.a(nrf_cc3xx_platform_mutex.c.obj)
                0x000064d8                nrf_cc3xx_platform_set_mutexes
 .text.CC_LibInitNoRng
                0x00006538       0x6c C:/Users/gabi_/ncs/v1.9.1/nrfxlib/crypto/nrf_cc310_platform/lib/cortex-m4/soft-float/no-interrupts/libnrf_cc310_platform_0.9.13.a(cc_lib.c.obj)
                0x00006538                CC_LibInitNoRng
 .text.CC_HalInit
                0x000065a4        0x4 C:/Users/gabi_/ncs/v1.9.1/nrfxlib/crypto/nrf_cc310_platform/lib/cortex-m4/soft-float/no-interrupts/libnrf_cc310_platform_0.9.13.a(cc_hal.c.obj)
                0x000065a4                CC_HalInit
 .text.CC_HalTerminate
                0x000065a8        0x4 C:/Users/gabi_/ncs/v1.9.1/nrfxlib/crypto/nrf_cc310_platform/lib/cortex-m4/soft-float/no-interrupts/libnrf_cc310_platform_0.9.13.a(cc_hal.c.obj)
                0x000065a8                CC_HalTerminate
 .text.CC_HalMaskInterrupt
                0x000065ac        0xc C:/Users/gabi_/ncs/v1.9.1/nrfxlib/crypto/nrf_cc310_platform/lib/cortex-m4/soft-float/no-interrupts/libnrf_cc310_platform_0.9.13.a(cc_hal.c.obj)
                0x000065ac                CC_HalMaskInterrupt
 .text.CC_PalInit
                0x000065b8       0x5c C:/Users/gabi_/ncs/v1.9.1/nrfxlib/crypto/nrf_cc310_platform/lib/cortex-m4/soft-float/no-interrupts/libnrf_cc310_platform_0.9.13.a(cc_pal.c.obj)
                0x000065b8                CC_PalInit
 .text.CC_PalTerminate
                0x00006614       0x34 C:/Users/gabi_/ncs/v1.9.1/nrfxlib/crypto/nrf_cc310_platform/lib/cortex-m4/soft-float/no-interrupts/libnrf_cc310_platform_0.9.13.a(cc_pal.c.obj)
                0x00006614                CC_PalTerminate
 .text.CC_PalDmaInit
                0x00006648        0x4 C:/Users/gabi_/ncs/v1.9.1/nrfxlib/crypto/nrf_cc310_platform/lib/cortex-m4/soft-float/no-interrupts/libnrf_cc310_platform_0.9.13.a(cc_pal_dma.c.obj)
                0x00006648                CC_PalDmaInit
 .text.CC_PalDmaTerminate
                0x0000664c        0x4 C:/Users/gabi_/ncs/v1.9.1/nrfxlib/crypto/nrf_cc310_platform/lib/cortex-m4/soft-float/no-interrupts/libnrf_cc310_platform_0.9.13.a(cc_pal_dma.c.obj)
                0x0000664c                CC_PalDmaTerminate
 .text.CC_PalMutexCreate
                0x00006650       0x14 C:/Users/gabi_/ncs/v1.9.1/nrfxlib/crypto/nrf_cc310_platform/lib/cortex-m4/soft-float/no-interrupts/libnrf_cc310_platform_0.9.13.a(cc_pal_mutex.c.obj)
                0x00006650                CC_PalMutexCreate
 .text.CC_PalMutexDestroy
                0x00006664       0x14 C:/Users/gabi_/ncs/v1.9.1/nrfxlib/crypto/nrf_cc310_platform/lib/cortex-m4/soft-float/no-interrupts/libnrf_cc310_platform_0.9.13.a(cc_pal_mutex.c.obj)
                0x00006664                CC_PalMutexDestroy
 .text.CC_PalPowerSaveModeInit
                0x00006678       0x3c C:/Users/gabi_/ncs/v1.9.1/nrfxlib/crypto/nrf_cc310_platform/lib/cortex-m4/soft-float/no-interrupts/libnrf_cc310_platform_0.9.13.a(cc_pal_pm.c.obj)
                0x00006678                CC_PalPowerSaveModeInit
 .text.CC_PalPowerSaveModeSelect
                0x000066b4       0x84 C:/Users/gabi_/ncs/v1.9.1/nrfxlib/crypto/nrf_cc310_platform/lib/cortex-m4/soft-float/no-interrupts/libnrf_cc310_platform_0.9.13.a(cc_pal_pm.c.obj)
                0x000066b4                CC_PalPowerSaveModeSelect
 .text.z_impl_gpio_pin_configure
                0x00006738       0x34 app/libapp.a(main.c.obj)
 .text.k_msleep
                0x0000676c       0x2a app/libapp.a(main.c.obj)
 .text.z_impl_gpio_pin_interrupt_configure.constprop.0
                0x00006796       0x26 app/libapp.a(main.c.obj)
 .text.encode_uint
                0x000067bc       0x96 zephyr/libzephyr.a(cbprintf_complete.c.obj)
 .text.outs     0x00006852       0x2c zephyr/libzephyr.a(cbprintf_complete.c.obj)
 .text._ConfigAbsSyms
                0x0000687e        0x2 zephyr/libzephyr.a(configs.c.obj)
                0x0000687e                _ConfigAbsSyms
 .text.chunk_size
                0x00006880        0xa zephyr/libzephyr.a(heap.c.obj)
 .text.free_list_add
                0x0000688a       0x4e zephyr/libzephyr.a(heap.c.obj)
 .text.sys_heap_init
                0x000068d8       0x6c zephyr/libzephyr.a(heap.c.obj)
                0x000068d8                sys_heap_init
 .text.sys_notify_validate
                0x00006944       0x22 zephyr/libzephyr.a(notify.c.obj)
                0x00006944                sys_notify_validate
 .text.sys_notify_finalize
                0x00006966       0x1a zephyr/libzephyr.a(notify.c.obj)
                0x00006966                sys_notify_finalize
 .text.abort_function
                0x00006980        0x8 zephyr/libzephyr.a(nrf_cc3xx_platform_abort_zephyr.c.obj)
 .text.process_recheck
                0x00006988       0x38 zephyr/libzephyr.a(onoff.c.obj)
 .text.notify_one
                0x000069c0       0x2c zephyr/libzephyr.a(onoff.c.obj)
 .text.transition_complete
                0x000069ec       0x1c zephyr/libzephyr.a(onoff.c.obj)
 .text.validate_args
                0x00006a08       0x1e zephyr/libzephyr.a(onoff.c.obj)
 .text.onoff_manager_init
                0x00006a26       0x26 zephyr/libzephyr.a(onoff.c.obj)
                0x00006a26                onoff_manager_init
 .text.onoff_request
                0x00006a4c       0x92 zephyr/libzephyr.a(onoff.c.obj)
                0x00006a4c                onoff_request
 .text.arch_printk_char_out
                0x00006ade        0x4 zephyr/libzephyr.a(printk.c.obj)
                0x00006ade                arch_printk_char_out
 .text.printk   0x00006ae2       0x1a zephyr/libzephyr.a(printk.c.obj)
                0x00006ae2                printk
 .text.pm_policy_next_state
                0x00006afc        0xa zephyr/libzephyr.a(residency.c.obj)
                0x00006afc                pm_policy_next_state
 .text.z_thread_entry
                0x00006b06       0x14 zephyr/libzephyr.a(thread_entry.c.obj)
                0x00006b06                z_thread_entry
 .text.z_impl_uart_irq_tx_disable
                0x00006b1a        0xa zephyr/libzephyr.a(tty.c.obj)
 .text.tty_putchar
                0x00006b24       0xa6 zephyr/libzephyr.a(tty.c.obj)
 .text.tty_uart_isr
                0x00006bca       0xae zephyr/libzephyr.a(tty.c.obj)
 .text.tty_write
                0x00006c78       0x52 zephyr/libzephyr.a(tty.c.obj)
                0x00006c78                tty_write
 .text.tty_read
                0x00006cca      0x120 zephyr/libzephyr.a(tty.c.obj)
                0x00006cca                tty_read
 .text.tty_set_rx_buf
                0x00006dea       0x32 zephyr/libzephyr.a(tty.c.obj)
                0x00006dea                tty_set_rx_buf
 .text.tty_set_tx_buf
                0x00006e1c       0x24 zephyr/libzephyr.a(tty.c.obj)
                0x00006e1c                tty_set_tx_buf
 .text.z_arm_fatal_error
                0x00006e40        0x4 zephyr/arch/arch/arm/core/aarch32/libarch__arm__core__aarch32.a(fatal.c.obj)
                0x00006e40                z_arm_fatal_error
 .text.z_do_kernel_oops
                0x00006e44        0x8 zephyr/arch/arch/arm/core/aarch32/libarch__arm__core__aarch32.a(fatal.c.obj)
                0x00006e44                z_do_kernel_oops
 .text.z_irq_spurious
                0x00006e4c        0x8 zephyr/arch/arch/arm/core/aarch32/libarch__arm__core__aarch32.a(irq_manage.c.obj)
                0x00006e4c                z_irq_spurious
 .text.z_arm_nmi
                0x00006e54        0xe zephyr/arch/arch/arm/core/aarch32/libarch__arm__core__aarch32.a(nmi.c.obj)
                0x00006e54                z_arm_nmi
 .text._stdout_hook_default
                0x00006e62        0x6 zephyr/lib/libc/minimal/liblib__libc__minimal.a(stdout_console.c.obj)
 .text.fputc    0x00006e68        0x4 zephyr/lib/libc/minimal/liblib__libc__minimal.a(stdout_console.c.obj)
                0x00006e68                fputc
 .text.strlen   0x00006e6c        0xe zephyr/lib/libc/minimal/liblib__libc__minimal.a(string.c.obj)
                0x00006e6c                strlen
 .text.strnlen  0x00006e7a       0x12 zephyr/lib/libc/minimal/liblib__libc__minimal.a(string.c.obj)
                0x00006e7a                strnlen
 .text.strcmp   0x00006e8c       0x18 zephyr/lib/libc/minimal/liblib__libc__minimal.a(string.c.obj)
                0x00006e8c                strcmp
 .text.memcpy   0x00006ea4       0x16 zephyr/lib/libc/minimal/liblib__libc__minimal.a(string.c.obj)
                0x00006ea4                memcpy
 .text.memset   0x00006eba       0x12 zephyr/lib/libc/minimal/liblib__libc__minimal.a(string.c.obj)
                0x00006eba                memset
 .text.pm_power_state_set
                0x00006ecc       0x26 zephyr/soc/arm/nordic_nrf/nrf52/libsoc__arm__nordic_nrf__nrf52.a(power.c.obj)
                0x00006ecc                pm_power_state_set
 .text.pm_power_state_exit_post_ops
                0x00006ef2       0x16 zephyr/soc/arm/nordic_nrf/nrf52/libsoc__arm__nordic_nrf__nrf52.a(power.c.obj)
                0x00006ef2                pm_power_state_exit_post_ops
 .text.adc_context_on_timer_expired
                0x00006f08       0x2e zephyr/drivers/adc/libdrivers__adc.a(adc_nrfx_saadc.c.obj)
 .text.get_status
                0x00006f36       0x12 zephyr/drivers/clock_control/libdrivers__clock_control.a(clock_control_nrf.c.obj)
 .text.set_off_state
                0x00006f48       0x32 zephyr/drivers/clock_control/libdrivers__clock_control.a(clock_control_nrf.c.obj)
 .text.set_starting_state
                0x00006f7a       0x3c zephyr/drivers/clock_control/libdrivers__clock_control.a(clock_control_nrf.c.obj)
 .text.set_on_state
                0x00006fb6       0x26 zephyr/drivers/clock_control/libdrivers__clock_control.a(clock_control_nrf.c.obj)
 .text.onoff_started_callback
                0x00006fdc       0x12 zephyr/drivers/clock_control/libdrivers__clock_control.a(clock_control_nrf.c.obj)
 .text.lfclk_start
                0x00006fee        0x6 zephyr/drivers/clock_control/libdrivers__clock_control.a(clock_control_nrf.c.obj)
 .text.lfclk_stop
                0x00006ff4        0x6 zephyr/drivers/clock_control/libdrivers__clock_control.a(clock_control_nrf.c.obj)
 .text.blocking_start_callback
                0x00006ffa        0x6 zephyr/drivers/clock_control/libdrivers__clock_control.a(clock_control_nrf.c.obj)
 .text.api_stop
                0x00007000       0x28 zephyr/drivers/clock_control/libdrivers__clock_control.a(clock_control_nrf.c.obj)
 .text.api_start
                0x00007028       0x36 zephyr/drivers/clock_control/libdrivers__clock_control.a(clock_control_nrf.c.obj)
 .text.uart_poll_out
                0x0000705e        0x6 zephyr/drivers/console/libdrivers__console.a(uart_console.c.obj)
 .text.debug_hook_out_nop
                0x00007064        0x4 zephyr/drivers/console/libdrivers__console.a(uart_console.c.obj)
 .text.gpio_nrfx_port_get_raw
                0x00007068        0xe zephyr/drivers/gpio/libdrivers__gpio.a(gpio_nrfx.c.obj)
 .text.gpio_nrfx_port_set_masked_raw
                0x00007076       0x16 zephyr/drivers/gpio/libdrivers__gpio.a(gpio_nrfx.c.obj)
 .text.gpio_nrfx_port_set_bits_raw
                0x0000708c        0xc zephyr/drivers/gpio/libdrivers__gpio.a(gpio_nrfx.c.obj)
 .text.gpio_nrfx_port_clear_bits_raw
                0x00007098        0xc zephyr/drivers/gpio/libdrivers__gpio.a(gpio_nrfx.c.obj)
 .text.gpio_nrfx_port_toggle_bits
                0x000070a4       0x12 zephyr/drivers/gpio/libdrivers__gpio.a(gpio_nrfx.c.obj)
 .text.gpio_nrfx_manage_callback
                0x000070b6       0x56 zephyr/drivers/gpio/libdrivers__gpio.a(gpio_nrfx.c.obj)
 .text.any_other_channel_is_active
                0x0000710c       0x2a zephyr/drivers/pwm/libdrivers__pwm.a(pwm_nrfx.c.obj)
 .text.uarte_nrfx_isr_int
                0x00007136       0xbc zephyr/drivers/serial/libdrivers__serial.a(uart_nrfx_uarte.c.obj)
 .text.uarte_nrfx_config_get
                0x000071f2       0x10 zephyr/drivers/serial/libdrivers__serial.a(uart_nrfx_uarte.c.obj)
 .text.uarte_nrfx_err_check
                0x00007202        0xe zephyr/drivers/serial/libdrivers__serial.a(uart_nrfx_uarte.c.obj)
 .text.is_tx_ready
                0x00007210       0x20 zephyr/drivers/serial/libdrivers__serial.a(uart_nrfx_uarte.c.obj)
 .text.uarte_nrfx_poll_in
                0x00007230       0x26 zephyr/drivers/serial/libdrivers__serial.a(uart_nrfx_uarte.c.obj)
 .text.uarte_nrfx_fifo_read
                0x00007256       0x2c zephyr/drivers/serial/libdrivers__serial.a(uart_nrfx_uarte.c.obj)
 .text.uarte_nrfx_irq_tx_enable
                0x00007282       0x2e zephyr/drivers/serial/libdrivers__serial.a(uart_nrfx_uarte.c.obj)
 .text.uarte_nrfx_irq_tx_disable
                0x000072b0        0xa zephyr/drivers/serial/libdrivers__serial.a(uart_nrfx_uarte.c.obj)
 .text.uarte_nrfx_irq_tx_ready_complete
                0x000072ba       0x2a zephyr/drivers/serial/libdrivers__serial.a(uart_nrfx_uarte.c.obj)
 .text.uarte_nrfx_irq_rx_ready
                0x000072e4       0x10 zephyr/drivers/serial/libdrivers__serial.a(uart_nrfx_uarte.c.obj)
 .text.uarte_nrfx_irq_rx_enable
                0x000072f4        0xc zephyr/drivers/serial/libdrivers__serial.a(uart_nrfx_uarte.c.obj)
 .text.uarte_nrfx_irq_rx_disable
                0x00007300        0xc zephyr/drivers/serial/libdrivers__serial.a(uart_nrfx_uarte.c.obj)
 .text.uarte_nrfx_irq_err_enable
                0x0000730c        0xe zephyr/drivers/serial/libdrivers__serial.a(uart_nrfx_uarte.c.obj)
 .text.uarte_nrfx_irq_err_disable
                0x0000731a        0xe zephyr/drivers/serial/libdrivers__serial.a(uart_nrfx_uarte.c.obj)
 .text.uarte_nrfx_irq_update
                0x00007328        0x4 zephyr/drivers/serial/libdrivers__serial.a(uart_nrfx_uarte.c.obj)
 .text.uarte_nrfx_irq_callback_set
                0x0000732c        0xa zephyr/drivers/serial/libdrivers__serial.a(uart_nrfx_uarte.c.obj)
 .text.tx_start
                0x00007336       0x38 zephyr/drivers/serial/libdrivers__serial.a(uart_nrfx_uarte.c.obj)
 .text.uarte_nrfx_fifo_fill
                0x0000736e       0x80 zephyr/drivers/serial/libdrivers__serial.a(uart_nrfx_uarte.c.obj)
 .text.uarte_nrfx_irq_is_pending
                0x000073ee       0x36 zephyr/drivers/serial/libdrivers__serial.a(uart_nrfx_uarte.c.obj)
 .text.uarte_0_init
                0x00007424       0x1e zephyr/drivers/serial/libdrivers__serial.a(uart_nrfx_uarte.c.obj)
 .text.uarte_1_init
                0x00007442       0x1e zephyr/drivers/serial/libdrivers__serial.a(uart_nrfx_uarte.c.obj)
 .text.sys_clock_idle_exit
                0x00007460        0x2 zephyr/drivers/timer/libdrivers__timer.a(sys_clock_init.c.obj)
                0x00007460                sys_clock_idle_exit
 .text.k_sys_fatal_error_handler
                0x00007462        0x8 modules/nrf/lib/fatal_error/lib..__nrf__lib__fatal_error.a(fatal_error.c.obj)
                0x00007462                k_sys_fatal_error_handler
 .text.hw_cc3xx_init_internal
                0x0000746a        0x4 modules/nrf/drivers/hw_cc310/lib..__nrf__drivers__hw_cc310.a(hw_cc310.c.obj)
 .text.hw_cc3xx_init
                0x0000746e       0x12 modules/nrf/drivers/hw_cc310/lib..__nrf__drivers__hw_cc310.a(hw_cc310.c.obj)
 .text.nrfx_clock_enable
                0x00007480       0x14 modules/hal_nordic/nrfx/libmodules__hal_nordic__nrfx.a(nrfx_clock.c.obj)
                0x00007480                nrfx_clock_enable
 .text.nrfx_isr
                0x00007494        0x2 modules/hal_nordic/nrfx/libmodules__hal_nordic__nrfx.a(nrfx_glue.c.obj)
                0x00007494                nrfx_isr
 .text.nrfx_busy_wait
                0x00007496        0x4 modules/hal_nordic/nrfx/libmodules__hal_nordic__nrfx.a(nrfx_glue.c.obj)
                0x00007496                nrfx_busy_wait
 .text.nrf_gpio_reconfigure
                0x0000749a       0x8e modules/hal_nordic/nrfx/libmodules__hal_nordic__nrfx.a(nrfx_gpiote.c.obj)
 .text.nrf_gpio_cfg_sense_set
                0x00007528       0x1e modules/hal_nordic/nrfx/libmodules__hal_nordic__nrfx.a(nrfx_gpiote.c.obj)
 .text.start_playback.isra.0
                0x00007546       0x46 modules/hal_nordic/nrfx/libmodules__hal_nordic__nrfx.a(nrfx_pwm.c.obj)
 .text.nrfx_pwm_stop
                0x0000758c       0x2c modules/hal_nordic/nrfx/libmodules__hal_nordic__nrfx.a(nrfx_pwm.c.obj)
                0x0000758c                nrfx_pwm_stop
 .text.z_device_state_init
                0x000075b8        0x2 zephyr/kernel/libkernel.a(device.c.obj)
                0x000075b8                z_device_state_init
 .text.z_device_ready
                0x000075ba       0x14 zephyr/kernel/libkernel.a(device.c.obj)
                0x000075ba                z_device_ready
 .text.z_fatal_error
                0x000075ce       0x36 zephyr/kernel/libkernel.a(fatal.c.obj)
                0x000075ce                z_fatal_error
 .text.z_pm_save_idle_exit
                0x00007604        0xe zephyr/kernel/libkernel.a(idle.c.obj)
                0x00007604                z_pm_save_idle_exit
 .text.k_mem_slab_init
                0x00007612       0x36 zephyr/kernel/libkernel.a(mem_slab.c.obj)
                0x00007612                k_mem_slab_init
 .text.k_mem_slab_free
                0x00007648       0x52 zephyr/kernel/libkernel.a(mem_slab.c.obj)
                0x00007648                k_mem_slab_free
 .text.z_impl_k_mutex_init
                0x0000769a        0xe zephyr/kernel/libkernel.a(mutex.c.obj)
                0x0000769a                z_impl_k_mutex_init
 .text.sys_dlist_remove
                0x000076a8       0x10 zephyr/kernel/libkernel.a(sched.c.obj)
 .text.unpend_thread_no_timeout
                0x000076b8       0x14 zephyr/kernel/libkernel.a(sched.c.obj)
 .text.z_unpend_thread_no_timeout
                0x000076cc       0x20 zephyr/kernel/libkernel.a(sched.c.obj)
                0x000076cc                z_unpend_thread_no_timeout
 .text.z_reschedule_irqlock
                0x000076ec       0x18 zephyr/kernel/libkernel.a(sched.c.obj)
                0x000076ec                z_reschedule_irqlock
 .text.z_reschedule_unlocked
                0x00007704       0x14 zephyr/kernel/libkernel.a(sched.c.obj)
 .text.z_priq_dumb_best
                0x00007718       0x14 zephyr/kernel/libkernel.a(sched.c.obj)
                0x00007718                z_priq_dumb_best
 .text.z_ready_thread
                0x0000772c       0x20 zephyr/kernel/libkernel.a(sched.c.obj)
                0x0000772c                z_ready_thread
 .text.z_thread_timeout
                0x0000774c       0x44 zephyr/kernel/libkernel.a(sched.c.obj)
                0x0000774c                z_thread_timeout
 .text.add_to_waitq_locked
                0x00007790       0x5a zephyr/kernel/libkernel.a(sched.c.obj)
 .text.z_unpend1_no_timeout
                0x000077ea       0x2a zephyr/kernel/libkernel.a(sched.c.obj)
                0x000077ea                z_unpend1_no_timeout
 .text.z_unpend_first_thread
                0x00007814       0x30 zephyr/kernel/libkernel.a(sched.c.obj)
                0x00007814                z_unpend_first_thread
 .text.z_impl_k_sem_init
                0x00007844       0x18 zephyr/kernel/libkernel.a(sem.c.obj)
                0x00007844                z_impl_k_sem_init
 .text.k_is_in_isr
                0x0000785c        0xc zephyr/kernel/libkernel.a(thread.c.obj)
                0x0000785c                k_is_in_isr
 .text.z_abort_timeout
                0x00007868       0x2c zephyr/kernel/libkernel.a(timeout.c.obj)
                0x00007868                z_abort_timeout
 .text.z_get_next_timeout_expiry
                0x00007894       0x20 zephyr/kernel/libkernel.a(timeout.c.obj)
                0x00007894                z_get_next_timeout_expiry
 .text.z_set_timeout_expiry
                0x000078b4       0x34 zephyr/kernel/libkernel.a(timeout.c.obj)
                0x000078b4                z_set_timeout_expiry
 .text.sys_clock_tick_get_32
                0x000078e8        0x8 zephyr/kernel/libkernel.a(timeout.c.obj)
                0x000078e8                sys_clock_tick_get_32
 .text.z_impl_k_uptime_ticks
                0x000078f0        0x4 zephyr/kernel/libkernel.a(timeout.c.obj)
                0x000078f0                z_impl_k_uptime_ticks
 .text.z_impl_k_busy_wait
                0x000078f4        0x8 zephyr/kernel/libkernel.a(timeout.c.obj)
                0x000078f4                z_impl_k_busy_wait
 .text.z_impl_k_timer_stop
                0x000078fc       0x3a zephyr/kernel/libkernel.a(timer.c.obj)
                0x000078fc                z_impl_k_timer_stop
 .text.k_heap_init
                0x00007936       0x10 zephyr/kernel/libkernel.a(kheap.c.obj)
                0x00007936                k_heap_init
 .text._OffsetAbsSyms
                0x00007946        0x2 zephyr/CMakeFiles/offsets.dir/./arch/arm/core/offsets/offsets.c.obj
                0x00007946                _OffsetAbsSyms
 *(SORT_BY_ALIGNMENT(.TEXT.*))
 .TEXT.z_arm_platform_init
                0x00007948        0x4 zephyr/libzephyr.a(soc_nrf_common.S.obj)
                0x00007948                z_arm_platform_init
 *(SORT_BY_ALIGNMENT(.gnu.linkonce.t.*))
 *(SORT_BY_ALIGNMENT(.glue_7t))
 .glue_7t       0x0000794c        0x0 linker stubs
 *(SORT_BY_ALIGNMENT(.glue_7))
 .glue_7        0x0000794c        0x0 linker stubs
 *(SORT_BY_ALIGNMENT(.vfp11_veneer))
 .vfp11_veneer  0x0000794c        0x0 linker stubs
 *(SORT_BY_ALIGNMENT(.v4_bx))
 .v4_bx         0x0000794c        0x0 linker stubs
                0x0000794c                __text_region_end = .

.ARM.exidx      0x0000794c        0x8
                0x0000794c                __exidx_start = .
 *(SORT_BY_ALIGNMENT(.ARM.exidx*) SORT_BY_ALIGNMENT(gnu.linkonce.armexidx.*))
 .ARM.exidx     0x0000794c        0x8 c:/users/gabi_/ncs/v1.9.1/toolchain/opt/bin/../lib/gcc/arm-none-eabi/9.2.1/thumb/v7e-m/nofp\libgcc.a(_udivmoddi4.o)
                0x00007954                __exidx_end = .
                0x00007954                __rodata_region_start = .

initlevel       0x00007954       0x70
                0x00007954                __init_start = .
                0x00007954                __init_PRE_KERNEL_1_start = .
 *(SORT_BY_NAME(SORT_BY_ALIGNMENT(.z_init_PRE_KERNEL_1[0-9]_*)))
 .z_init_PRE_KERNEL_10_
                0x00007954        0x8 zephyr/soc/arm/nordic_nrf/nrf52/libsoc__arm__nordic_nrf__nrf52.a(soc.c.obj)
 *(SORT_BY_NAME(SORT_BY_ALIGNMENT(.z_init_PRE_KERNEL_1[1-9][0-9]_*)))
 .z_init_PRE_KERNEL_130_
                0x0000795c        0x8 zephyr/drivers/clock_control/libdrivers__clock_control.a(clock_control_nrf.c.obj)
 .z_init_PRE_KERNEL_130_
                0x00007964        0x8 zephyr/kernel/libkernel.a(mem_slab.c.obj)
 .z_init_PRE_KERNEL_130_
                0x0000796c        0x8 zephyr/kernel/libkernel.a(kheap.c.obj)
 .z_init_PRE_KERNEL_140_
                0x00007974       0x10 zephyr/drivers/gpio/libdrivers__gpio.a(gpio_nrfx.c.obj)
 .z_init_PRE_KERNEL_140_
                0x00007984        0x8 modules/nrf/drivers/hw_cc310/lib..__nrf__drivers__hw_cc310.a(hw_cc310.c.obj)
 .z_init_PRE_KERNEL_155_
                0x0000798c       0x10 zephyr/drivers/serial/libdrivers__serial.a(uart_nrfx_uarte.c.obj)
 .z_init_PRE_KERNEL_160_
                0x0000799c        0x8 zephyr/drivers/console/libdrivers__console.a(uart_console.c.obj)
                0x000079a4                __init_PRE_KERNEL_2_start = .
 *(SORT_BY_NAME(SORT_BY_ALIGNMENT(.z_init_PRE_KERNEL_2[0-9]_*)))
 .z_init_PRE_KERNEL_20_
                0x000079a4        0x8 zephyr/drivers/timer/libdrivers__timer.a(nrf_rtc_timer.c.obj)
 *(SORT_BY_NAME(SORT_BY_ALIGNMENT(.z_init_PRE_KERNEL_2[1-9][0-9]_*)))
                0x000079ac                __init_POST_KERNEL_start = .
 *(SORT_BY_NAME(SORT_BY_ALIGNMENT(.z_init_POST_KERNEL[0-9]_*)))
 *(SORT_BY_NAME(SORT_BY_ALIGNMENT(.z_init_POST_KERNEL[1-9][0-9]_*)))
 .z_init_POST_KERNEL40_
                0x000079ac        0x8 modules/nrf/drivers/hw_cc310/lib..__nrf__drivers__hw_cc310.a(hw_cc310.c.obj)
 .z_init_POST_KERNEL50_
                0x000079b4        0x8 zephyr/drivers/adc/libdrivers__adc.a(adc_nrfx_saadc.c.obj)
 .z_init_POST_KERNEL50_
                0x000079bc        0x8 zephyr/drivers/pwm/libdrivers__pwm.a(pwm_nrfx.c.obj)
                0x000079c4                __init_APPLICATION_start = .
 *(SORT_BY_NAME(SORT_BY_ALIGNMENT(.z_init_APPLICATION[0-9]_*)))
 *(SORT_BY_NAME(SORT_BY_ALIGNMENT(.z_init_APPLICATION[1-9][0-9]_*)))
                0x000079c4                __init_SMP_start = .
 *(SORT_BY_NAME(SORT_BY_ALIGNMENT(.z_init_SMP[0-9]_*)))
 *(SORT_BY_NAME(SORT_BY_ALIGNMENT(.z_init_SMP[1-9][0-9]_*)))
                0x000079c4                __init_end = .

devices         0x000079c4       0xa8
                0x000079c4                __device_start = .
                0x000079c4                __device_PRE_KERNEL_1_start = .
 *(SORT_BY_NAME(SORT_BY_ALIGNMENT(.z_device_PRE_KERNEL_1[0-9]_*)))
 *(SORT_BY_NAME(SORT_BY_ALIGNMENT(.z_device_PRE_KERNEL_1[1-9][0-9]_*)))
 .z_device_PRE_KERNEL_130_
                0x000079c4       0x18 zephyr/drivers/clock_control/libdrivers__clock_control.a(clock_control_nrf.c.obj)
                0x000079c4                __device_dts_ord_27
 .z_device_PRE_KERNEL_140_
                0x000079dc       0x30 zephyr/drivers/gpio/libdrivers__gpio.a(gpio_nrfx.c.obj)
                0x000079dc                __device_dts_ord_11
                0x000079f4                __device_dts_ord_54
 .z_device_PRE_KERNEL_155_
                0x00007a0c       0x30 zephyr/drivers/serial/libdrivers__serial.a(uart_nrfx_uarte.c.obj)
                0x00007a0c                __device_dts_ord_63
                0x00007a24                __device_dts_ord_62
                0x00007a3c                __device_PRE_KERNEL_2_start = .
 *(SORT_BY_NAME(SORT_BY_ALIGNMENT(.z_device_PRE_KERNEL_2[0-9]_*)))
 *(SORT_BY_NAME(SORT_BY_ALIGNMENT(.z_device_PRE_KERNEL_2[1-9][0-9]_*)))
                0x00007a3c                __device_POST_KERNEL_start = .
 *(SORT_BY_NAME(SORT_BY_ALIGNMENT(.z_device_POST_KERNEL[0-9]_*)))
 *(SORT_BY_NAME(SORT_BY_ALIGNMENT(.z_device_POST_KERNEL[1-9][0-9]_*)))
 .z_device_POST_KERNEL50_
                0x00007a3c       0x18 zephyr/drivers/adc/libdrivers__adc.a(adc_nrfx_saadc.c.obj)
                0x00007a3c                __device_dts_ord_26
 .z_device_POST_KERNEL50_
                0x00007a54       0x18 zephyr/drivers/pwm/libdrivers__pwm.a(pwm_nrfx.c.obj)
                0x00007a54                __device_dts_ord_24
                0x00007a6c                __device_APPLICATION_start = .
 *(SORT_BY_NAME(SORT_BY_ALIGNMENT(.z_device_APPLICATION[0-9]_*)))
 *(SORT_BY_NAME(SORT_BY_ALIGNMENT(.z_device_APPLICATION[1-9][0-9]_*)))
                0x00007a6c                __device_SMP_start = .
 *(SORT_BY_NAME(SORT_BY_ALIGNMENT(.z_device_SMP[0-9]_*)))
 *(SORT_BY_NAME(SORT_BY_ALIGNMENT(.z_device_SMP[1-9][0-9]_*)))
                0x00007a6c                __device_end = .

sw_isr_table    0x00007a6c      0x180
                0x00007a6c                . = ALIGN (0x0)
 *(SORT_BY_ALIGNMENT(.gnu.linkonce.sw_isr_table*))
 .gnu.linkonce.sw_isr_table
                0x00007a6c      0x180 zephyr/arch/common/libisr_tables.a(isr_tables.c.obj)
                0x00007a6c                _sw_isr_table

initlevel_error
                0x00007954        0x0
 *(SORT_BY_NAME(SORT_BY_ALIGNMENT(.z_init_[_A-Z0-9]*)))
                0x00000001                ASSERT ((SIZEOF (initlevel_error) == 0x0), Undefined initialization levels used.)

app_shmem_regions
                0x00007bec        0x0
                0x00007bec                __app_shmem_regions_start = .
 *(SORT_BY_NAME(SORT_BY_ALIGNMENT(.app_regions.*)))
                0x00007bec                __app_shmem_regions_end = .

bt_l2cap_fixed_chan_area
                0x00007bec        0x0
                0x00007bec                _bt_l2cap_fixed_chan_list_start = .
 *(SORT_BY_NAME(SORT_BY_ALIGNMENT(._bt_l2cap_fixed_chan.static.*)))
                0x00007bec                _bt_l2cap_fixed_chan_list_end = .

bt_gatt_service_static_area
                0x00007bec        0x0
                0x00007bec                _bt_gatt_service_static_list_start = .
 *(SORT_BY_NAME(SORT_BY_ALIGNMENT(._bt_gatt_service_static.static.*)))
                0x00007bec                _bt_gatt_service_static_list_end = .

k_p4wq_initparam_area
                0x00007bec        0x0
                0x00007bec                _k_p4wq_initparam_list_start = .
 *(SORT_BY_NAME(SORT_BY_ALIGNMENT(._k_p4wq_initparam.static.*)))
                0x00007bec                _k_p4wq_initparam_list_end = .

log_strings_sections
                0x00007bec        0x0
                0x00007bec                __log_strings_start = .
 *(SORT_BY_NAME(SORT_BY_ALIGNMENT(.log_strings*)))
                0x00007bec                __log_strings_end = .

log_const_sections
                0x00007bec        0x0
                0x00007bec                __log_const_start = .
 *(SORT_BY_NAME(SORT_BY_ALIGNMENT(.log_const_*)))
                0x00007bec                __log_const_end = .

log_backends_sections
                0x00007bec        0x0
                0x00007bec                __log_backends_start = .
 *(SORT_BY_ALIGNMENT(._log_backend.*))
                0x00007bec                __log_backends_end = .

shell_area      0x00007bec        0x0
                0x00007bec                _shell_list_start = .
 *(SORT_BY_NAME(SORT_BY_ALIGNMENT(._shell.static.*)))
                0x00007bec                _shell_list_end = .

shell_root_cmds_sections
                0x00007bec        0x0
                0x00007bec                __shell_root_cmds_start = .
 *(SORT_BY_NAME(SORT_BY_ALIGNMENT(.shell_root_cmd_*)))
                0x00007bec                __shell_root_cmds_end = .

font_entry_sections
                0x00007bec        0x0
                0x00007bec                __font_entry_start = .
 *(SORT_BY_NAME(SORT_BY_ALIGNMENT(._cfb_font.*)))
                0x00007bec                __font_entry_end = .

tracing_backend_area
                0x00007bec        0x0
                0x00007bec                _tracing_backend_list_start = .
 *(SORT_BY_NAME(SORT_BY_ALIGNMENT(._tracing_backend.static.*)))
                0x00007bec                _tracing_backend_list_end = .

zephyr_dbg_info
 *(SORT_BY_ALIGNMENT(.dbg_thread_info))

device_handles  0x00007bec       0x56
                0x00007bec                __device_handles_start = .
 *(SORT_BY_NAME(SORT_BY_ALIGNMENT(.__device_handles_pass1*)))
 .__device_handles_pass1
                0x00007bec        0xa zephyr/drivers/adc/libdrivers__adc.a(adc_nrfx_saadc.c.obj)
                0x00007bec                __devicehdl_DT_N_S_soc_S_adc_40007000
 .__device_handles_pass1
                0x00007bf6        0xa zephyr/drivers/clock_control/libdrivers__clock_control.a(clock_control_nrf.c.obj)
                0x00007bf6                __devicehdl_DT_N_S_soc_S_clock_40000000
 .__device_handles_pass1
                0x00007c00       0x22 zephyr/drivers/gpio/libdrivers__gpio.a(gpio_nrfx.c.obj)
                0x00007c00                __devicehdl_DT_N_S_soc_S_gpio_50000300
                0x00007c0a                __devicehdl_DT_N_S_soc_S_gpio_50000000
 .__device_handles_pass1
                0x00007c22        0xc zephyr/drivers/pwm/libdrivers__pwm.a(pwm_nrfx.c.obj)
                0x00007c22                __devicehdl_DT_N_S_soc_S_pwm_4001c000
 .__device_handles_pass1
                0x00007c2e       0x14 zephyr/drivers/serial/libdrivers__serial.a(uart_nrfx_uarte.c.obj)
                0x00007c2e                __devicehdl_DT_N_S_soc_S_uart_40028000
                0x00007c38                __devicehdl_DT_N_S_soc_S_uart_40002000
                0x00007c42                __device_handles_end = .

rodata          0x00007c50      0x7a0
 *(SORT_BY_ALIGNMENT(.rodata))
 *(SORT_BY_ALIGNMENT(.rodata.*))
 .rodata.delay_machine_code.12373
                0x00007c50        0x6 zephyr/soc/arm/nordic_nrf/nrf52/libsoc__arm__nordic_nrf__nrf52.a(soc.c.obj)
 *fill*         0x00007c56        0x2 
 .rodata.apis   0x00007c58        0x8 zephyr/libzephyr.a(nrf_cc3xx_platform_abort_zephyr.c.obj)
 .rodata.mutex_apis
                0x00007c60       0x10 zephyr/libzephyr.a(nrf_cc3xx_platform_mutex_zephyr.c.obj)
 .rodata.mutexes
                0x00007c70       0x14 zephyr/libzephyr.a(nrf_cc3xx_platform_mutex_zephyr.c.obj)
 .rodata.static_regions
                0x00007c84        0xc zephyr/arch/arch/arm/core/aarch32/mpu/libarch__arm__core__aarch32__mpu.a(arm_core_mpu.c.obj)
 .rodata.mpu_config
                0x00007c90        0x8 zephyr/soc/arm/common/cortex_m/libsoc__arm__common__cortex_m.a(arm_mpu_regions.c.obj)
                0x00007c90                mpu_config
 .rodata.mpu_regions
                0x00007c98       0x18 zephyr/soc/arm/common/cortex_m/libsoc__arm__common__cortex_m.a(arm_mpu_regions.c.obj)
 .rodata.adc_nrfx_driver_api
                0x00007cb0        0xc zephyr/drivers/adc/libdrivers__adc.a(adc_nrfx_saadc.c.obj)
 .rodata.clock_control_api
                0x00007cbc       0x18 zephyr/drivers/clock_control/libdrivers__clock_control.a(clock_control_nrf.c.obj)
 .rodata.config
                0x00007cd4       0x10 zephyr/drivers/clock_control/libdrivers__clock_control.a(clock_control_nrf.c.obj)
 .rodata.transitions.11131
                0x00007ce4        0xc zephyr/drivers/clock_control/libdrivers__clock_control.a(clock_control_nrf.c.obj)
 .rodata.gpio_nrfx_drv_api_funcs
                0x00007cf0       0x24 zephyr/drivers/gpio/libdrivers__gpio.a(gpio_nrfx.c.obj)
 .rodata.gpio_nrfx_p0_cfg
                0x00007d14       0x10 zephyr/drivers/gpio/libdrivers__gpio.a(gpio_nrfx.c.obj)
 .rodata.gpio_nrfx_p1_cfg
                0x00007d24       0x10 zephyr/drivers/gpio/libdrivers__gpio.a(gpio_nrfx.c.obj)
 .rodata.pwm_nrfx_0config
                0x00007d34       0x28 zephyr/drivers/pwm/libdrivers__pwm.a(pwm_nrfx.c.obj)
 .rodata.pwm_nrfx_drv_api_funcs
                0x00007d5c        0x8 zephyr/drivers/pwm/libdrivers__pwm.a(pwm_nrfx.c.obj)
 .rodata.uart_nrfx_uarte_driver_api
                0x00007d64       0x4c zephyr/drivers/serial/libdrivers__serial.a(uart_nrfx_uarte.c.obj)
 .rodata.uarte_0z_config
                0x00007db0       0x20 zephyr/drivers/serial/libdrivers__serial.a(uart_nrfx_uarte.c.obj)
 .rodata.uarte_1z_config
                0x00007dd0       0x20 zephyr/drivers/serial/libdrivers__serial.a(uart_nrfx_uarte.c.obj)
 .rodata.levels.9396
                0x00007df0       0x14 zephyr/kernel/libkernel.a(device.c.obj)
 .rodata._k_neg_eagain
                0x00007e04        0x4 zephyr/kernel/libkernel.a(errno.c.obj)
                0x00007e04                _k_neg_eagain
 .rodata.CSWTCH.8
                0x00007e08       0x1c C:/Users/gabi_/ncs/v1.9.1/nrfxlib/crypto/nrf_cc310_platform/lib/cortex-m4/soft-float/no-interrupts/libnrf_cc310_platform_0.9.13.a(nrf_cc3xx_platform.c.obj)
 .rodata.mutex_free.str1.4
                0x00007e24       0x26 C:/Users/gabi_/ncs/v1.9.1/nrfxlib/crypto/nrf_cc310_platform/lib/cortex-m4/soft-float/no-interrupts/libnrf_cc310_platform_0.9.13.a(nrf_cc3xx_platform_mutex.c.obj)
 *fill*         0x00007e4a        0x2 
 .rodata.mutex_init.str1.4
                0x00007e4c       0x23 C:/Users/gabi_/ncs/v1.9.1/nrfxlib/crypto/nrf_cc310_platform/lib/cortex-m4/soft-float/no-interrupts/libnrf_cc310_platform_0.9.13.a(nrf_cc3xx_platform_mutex.c.obj)
 *fill*         0x00007e6f        0x1 
 .rodata.CC_PalPowerSaveModeInit.str1.4
                0x00007e70       0x20 C:/Users/gabi_/ncs/v1.9.1/nrfxlib/crypto/nrf_cc310_platform/lib/cortex-m4/soft-float/no-interrupts/libnrf_cc310_platform_0.9.13.a(cc_pal_pm.c.obj)
 .rodata.my_channel_cfg
                0x00007e90        0x8 app/libapp.a(main.c.obj)
 .rodata.manual_out_thread_code.str1.1
                0x00007e98       0x3e app/libapp.a(main.c.obj)
 .rodata.auto_out_thread_code.str1.1
                0x00007ed6       0x18 app/libapp.a(main.c.obj)
 .rodata.action_thread_code.str1.1
                0x00007eee      0x132 app/libapp.a(main.c.obj)
                                0x134 (size before relaxing)
 .rodata.calendar_thread_code.str1.1
                0x00008020       0x48 app/libapp.a(main.c.obj)
 .rodata.read_thread_code.str1.1
                0x00008068       0xb0 app/libapp.a(main.c.obj)
 .rodata.conf.str1.1
                0x00008118       0xa8 app/libapp.a(main.c.obj)
 .rodata.adc_setup.str1.1
                0x000081c0       0x58 app/libapp.a(main.c.obj)
 .rodata.main.str1.1
                0x00008218       0xbf app/libapp.a(main.c.obj)
 .rodata.prompt
                0x000082d7       0x1d app/libapp.a(main.c.obj)
 .rodata.cbvprintf.str1.1
                0x000082f4        0x6 zephyr/libzephyr.a(cbprintf_complete.c.obj)
 .rodata.mutex_free_platform.str1.1
                0x000082fa       0x26 zephyr/libzephyr.a(nrf_cc3xx_platform_mutex_zephyr.c.obj)
 .rodata.mutex_init_platform.str1.1
                0x00008320       0x2d zephyr/libzephyr.a(nrf_cc3xx_platform_mutex_zephyr.c.obj)
 .rodata.sys_reboot.str1.1
                0x0000834d       0x29 zephyr/libzephyr.a(reboot.c.obj)
 .rodata.str1.1
                0x00008376        0xf zephyr/soc/arm/common/cortex_m/libsoc__arm__common__cortex_m.a(arm_mpu_regions.c.obj)
 .rodata.CSWTCH.9
                0x00008385        0x6 zephyr/soc/arm/nordic_nrf/nrf52/libsoc__arm__nordic_nrf__nrf52.a(soc.c.obj)
 .rodata.str1.1
                0x0000838b        0x6 zephyr/drivers/adc/libdrivers__adc.a(adc_nrfx_saadc.c.obj)
 .rodata.str1.1
                0x0000838b        0x6 zephyr/drivers/clock_control/libdrivers__clock_control.a(clock_control_nrf.c.obj)
 .rodata.str1.1
                0x00008391        0x7 zephyr/drivers/gpio/libdrivers__gpio.a(gpio_nrfx.c.obj)
                                  0xe (size before relaxing)
 .rodata.str1.1
                0x00008398        0x6 zephyr/drivers/pwm/libdrivers__pwm.a(pwm_nrfx.c.obj)
 .rodata.str1.1
                0x00008398        0xe zephyr/drivers/serial/libdrivers__serial.a(uart_nrfx_uarte.c.obj)
 .rodata.CSWTCH.14
                0x000083a6        0x6 modules/hal_nordic/nrfx/libmodules__hal_nordic__nrfx.a(system_nrf52840.c.obj)
 .rodata.CSWTCH.5
                0x000083ac        0x6 modules/hal_nordic/nrfx/libmodules__hal_nordic__nrfx.a(system_nrf52840.c.obj)
 .rodata.z_cstart.str1.1
                0x000083b2        0x5 zephyr/kernel/libkernel.a(init.c.obj)
 .rodata.boot_banner.str1.1
                0x000083b7       0x36 zephyr/kernel/libkernel.a(banner.c.obj)
                                 0x37 (size before relaxing)
 *(SORT_BY_ALIGNMENT(.gnu.linkonce.r.*))
                0x000083f0                . = ALIGN (0x4)
 *fill*         0x000083ed        0x3 
                0x000083f0                __rodata_region_end = .
                0x00008400                . = ALIGN (_region_min_align)
                0x00010000                . = ALIGN ((0x1 << ((__rodata_region_end - __rom_region_start) <= 0x4)?0x2:((__rodata_region_end - __rom_region_start) <= 0x8)?0x3:((__rodata_region_end - __rom_region_start) <= 0x10)?0x4:((__rodata_region_end - __rom_region_start) <= 0x20)?0x5:((__rodata_region_end - __rom_region_start) <= 0x40)?0x6:((__rodata_region_end - __rom_region_start) <= 0x80)?0x7:((__rodata_region_end - __rom_region_start) <= 0x100)?0x8:((__rodata_region_end - __rom_region_start) <= 0x200)?0x9:((__rodata_region_end - __rom_region_start) <= 0x400)?0xa:((__rodata_region_end - __rom_region_start) <= 0x800)?0xb:((__rodata_region_end - __rom_region_start) <= 0x1000)?0xc:((__rodata_region_end - __rom_region_start) <= 0x2000)?0xd:((__rodata_region_end - __rom_region_start) <= 0x4000)?0xe:((__rodata_region_end - __rom_region_start) <= 0x8000)?0xf:((__rodata_region_end - __rom_region_start) <= 0x10000)?0x10:((__rodata_region_end - __rom_region_start) <= 0x20000)?0x11:((__rodata_region_end - __rom_region_start) <= 0x40000)?0x12:((__rodata_region_end - __rom_region_start) <= 0x80000)?0x13:((__rodata_region_end - __rom_region_start) <= 0x100000)?0x14:((__rodata_region_end - __rom_region_start) <= 0x200000)?0x15:((__rodata_region_end - __rom_region_start) <= 0x400000)?0x16:((__rodata_region_end - __rom_region_start) <= 0x800000)?0x17:((__rodata_region_end - __rom_region_start) <= 0x1000000)?0x18:((__rodata_region_end - __rom_region_start) <= 0x2000000)?0x19:((__rodata_region_end - __rom_region_start) <= 0x4000000)?0x1a:((__rodata_region_end - __rom_region_start) <= 0x8000000)?0x1b:((__rodata_region_end - __rom_region_start) <= 0x10000000)?0x1c:((__rodata_region_end - __rom_region_start) <= 0x20000000)?0x1d:((__rodata_region_end - __rom_region_start) <= 0x40000000)?0x1e:((__rodata_region_end - __rom_region_start) <= 0x80000000)?0x1f:0x20))
                0x00010000                __rom_region_end = .
                0x20000000                . = 0x20000000
                0x20000000                . = ALIGN (_region_min_align)
                0x20000000                _image_ram_start = .

.ramfunc        0x20000000        0x0 load address 0x000083f0
                0x20000000                . = ALIGN (_region_min_align)
                0x20000000                . = ALIGN ((0x1 << (__ramfunc_size <= 0x4)?0x2:(__ramfunc_size <= 0x8)?0x3:(__ramfunc_size <= 0x10)?0x4:(__ramfunc_size <= 0x20)?0x5:(__ramfunc_size <= 0x40)?0x6:(__ramfunc_size <= 0x80)?0x7:(__ramfunc_size <= 0x100)?0x8:(__ramfunc_size <= 0x200)?0x9:(__ramfunc_size <= 0x400)?0xa:(__ramfunc_size <= 0x800)?0xb:(__ramfunc_size <= 0x1000)?0xc:(__ramfunc_size <= 0x2000)?0xd:(__ramfunc_size <= 0x4000)?0xe:(__ramfunc_size <= 0x8000)?0xf:(__ramfunc_size <= 0x10000)?0x10:(__ramfunc_size <= 0x20000)?0x11:(__ramfunc_size <= 0x40000)?0x12:(__ramfunc_size <= 0x80000)?0x13:(__ramfunc_size <= 0x100000)?0x14:(__ramfunc_size <= 0x200000)?0x15:(__ramfunc_size <= 0x400000)?0x16:(__ramfunc_size <= 0x800000)?0x17:(__ramfunc_size <= 0x1000000)?0x18:(__ramfunc_size <= 0x2000000)?0x19:(__ramfunc_size <= 0x4000000)?0x1a:(__ramfunc_size <= 0x8000000)?0x1b:(__ramfunc_size <= 0x10000000)?0x1c:(__ramfunc_size <= 0x20000000)?0x1d:(__ramfunc_size <= 0x40000000)?0x1e:(__ramfunc_size <= 0x80000000)?0x1f:0x20))
                0x20000000                __ramfunc_start = .
 *(SORT_BY_ALIGNMENT(.ramfunc))
 *(SORT_BY_ALIGNMENT(.ramfunc.*))
                0x20000000                . = ALIGN (_region_min_align)
                0x20000000                . = ALIGN ((0x1 << (__ramfunc_size <= 0x4)?0x2:(__ramfunc_size <= 0x8)?0x3:(__ramfunc_size <= 0x10)?0x4:(__ramfunc_size <= 0x20)?0x5:(__ramfunc_size <= 0x40)?0x6:(__ramfunc_size <= 0x80)?0x7:(__ramfunc_size <= 0x100)?0x8:(__ramfunc_size <= 0x200)?0x9:(__ramfunc_size <= 0x400)?0xa:(__ramfunc_size <= 0x800)?0xb:(__ramfunc_size <= 0x1000)?0xc:(__ramfunc_size <= 0x2000)?0xd:(__ramfunc_size <= 0x4000)?0xe:(__ramfunc_size <= 0x8000)?0xf:(__ramfunc_size <= 0x10000)?0x10:(__ramfunc_size <= 0x20000)?0x11:(__ramfunc_size <= 0x40000)?0x12:(__ramfunc_size <= 0x80000)?0x13:(__ramfunc_size <= 0x100000)?0x14:(__ramfunc_size <= 0x200000)?0x15:(__ramfunc_size <= 0x400000)?0x16:(__ramfunc_size <= 0x800000)?0x17:(__ramfunc_size <= 0x1000000)?0x18:(__ramfunc_size <= 0x2000000)?0x19:(__ramfunc_size <= 0x4000000)?0x1a:(__ramfunc_size <= 0x8000000)?0x1b:(__ramfunc_size <= 0x10000000)?0x1c:(__ramfunc_size <= 0x20000000)?0x1d:(__ramfunc_size <= 0x40000000)?0x1e:(__ramfunc_size <= 0x80000000)?0x1f:0x20))
                0x20000000                __ramfunc_end = .
                0x00000000                __ramfunc_size = (__ramfunc_end - __ramfunc_start)
                0x000083f0                __ramfunc_load_start = LOADADDR (.ramfunc)

datas           0x20000000      0x214 load address 0x000083f0
                0x20000000                __data_region_start = .
                0x20000000                __data_start = .
 *(SORT_BY_ALIGNMENT(.data))
 *(SORT_BY_ALIGNMENT(.data.*))
 .data.m_data   0x20000000       0x98 zephyr/drivers/adc/libdrivers__adc.a(adc_nrfx_saadc.c.obj)
 .data.ON_flag  0x20000098        0x4 app/libapp.a(main.c.obj)
                0x20000098                ON_flag
 .data.print_flag
                0x2000009c        0x4 app/libapp.a(main.c.obj)
                0x2000009c                print_flag
 .data.pwmPeriod_us
                0x200000a0        0x4 app/libapp.a(main.c.obj)
                0x200000a0                pwmPeriod_us
 .data.asym_mutex
                0x200000a4        0x8 zephyr/libzephyr.a(nrf_cc3xx_platform_mutex_zephyr.c.obj)
 .data.power_mutex
                0x200000ac        0x8 zephyr/libzephyr.a(nrf_cc3xx_platform_mutex_zephyr.c.obj)
 .data.rng_mutex
                0x200000b4        0x8 zephyr/libzephyr.a(nrf_cc3xx_platform_mutex_zephyr.c.obj)
 .data.sym_mutex
                0x200000bc        0x8 zephyr/libzephyr.a(nrf_cc3xx_platform_mutex_zephyr.c.obj)
 .data._char_out
                0x200000c4        0x4 zephyr/libzephyr.a(printk.c.obj)
                0x200000c4                _char_out
 .data._stdout_hook
                0x200000c8        0x4 zephyr/lib/libc/minimal/liblib__libc__minimal.a(stdout_console.c.obj)
 .data.debug_hook_out
                0x200000cc        0x4 zephyr/drivers/console/libdrivers__console.a(uart_console.c.obj)
 .data.uarte0_int_driven
                0x200000d0       0x14 zephyr/drivers/serial/libdrivers__serial.a(uart_nrfx_uarte.c.obj)
 .data.uarte1_int_driven
                0x200000e4       0x14 zephyr/drivers/serial/libdrivers__serial.a(uart_nrfx_uarte.c.obj)
 .data.uarte_0_data
                0x200000f8       0x18 zephyr/drivers/serial/libdrivers__serial.a(uart_nrfx_uarte.c.obj)
 .data.uarte_1_data
                0x20000110       0x18 zephyr/drivers/serial/libdrivers__serial.a(uart_nrfx_uarte.c.obj)
 .data.m_cb     0x20000128       0x7c modules/hal_nordic/nrfx/libmodules__hal_nordic__nrfx.a(nrfx_gpiote.c.obj)
 .data.m_channels_allocated
                0x200001a4        0x4 modules/hal_nordic/nrfx/libmodules__hal_nordic__nrfx.a(nrfx_ppi.c.obj)
 .data.SystemCoreClock
                0x200001a8        0x4 modules/hal_nordic/nrfx/libmodules__hal_nordic__nrfx.a(system_nrf52840.c.obj)
                0x200001a8                SystemCoreClock
 .data.timeout_list
                0x200001ac        0x8 zephyr/kernel/libkernel.a(timeout.c.obj)
 .data.platform_abort_apis
                0x200001b4        0x8 C:/Users/gabi_/ncs/v1.9.1/nrfxlib/crypto/nrf_cc310_platform/lib/cortex-m4/soft-float/no-interrupts/libnrf_cc310_platform_0.9.13.a(nrf_cc3xx_platform_abort.c.obj)
                0x200001b4                platform_abort_apis
 .data.asym_mutex
                0x200001bc        0x8 C:/Users/gabi_/ncs/v1.9.1/nrfxlib/crypto/nrf_cc310_platform/lib/cortex-m4/soft-float/no-interrupts/libnrf_cc310_platform_0.9.13.a(nrf_cc3xx_platform_mutex.c.obj)
 .data.platform_mutex_apis
                0x200001c4       0x10 C:/Users/gabi_/ncs/v1.9.1/nrfxlib/crypto/nrf_cc310_platform/lib/cortex-m4/soft-float/no-interrupts/libnrf_cc310_platform_0.9.13.a(nrf_cc3xx_platform_mutex.c.obj)
                0x200001c4                platform_mutex_apis
 .data.platform_mutexes
                0x200001d4       0x14 C:/Users/gabi_/ncs/v1.9.1/nrfxlib/crypto/nrf_cc310_platform/lib/cortex-m4/soft-float/no-interrupts/libnrf_cc310_platform_0.9.13.a(nrf_cc3xx_platform_mutex.c.obj)
                0x200001d4                platform_mutexes
 .data.power_mutex
                0x200001e8        0x8 C:/Users/gabi_/ncs/v1.9.1/nrfxlib/crypto/nrf_cc310_platform/lib/cortex-m4/soft-float/no-interrupts/libnrf_cc310_platform_0.9.13.a(nrf_cc3xx_platform_mutex.c.obj)
 .data.rng_mutex
                0x200001f0        0x8 C:/Users/gabi_/ncs/v1.9.1/nrfxlib/crypto/nrf_cc310_platform/lib/cortex-m4/soft-float/no-interrupts/libnrf_cc310_platform_0.9.13.a(nrf_cc3xx_platform_mutex.c.obj)
 .data.sym_mutex
                0x200001f8        0x8 C:/Users/gabi_/ncs/v1.9.1/nrfxlib/crypto/nrf_cc310_platform/lib/cortex-m4/soft-float/no-interrupts/libnrf_cc310_platform_0.9.13.a(nrf_cc3xx_platform_mutex.c.obj)
 .data.CCAsymCryptoMutex
                0x20000200        0x4 C:/Users/gabi_/ncs/v1.9.1/nrfxlib/crypto/nrf_cc310_platform/lib/cortex-m4/soft-float/no-interrupts/libnrf_cc310_platform_0.9.13.a(cc_pal.c.obj)
                0x20000200                CCAsymCryptoMutex
 .data.CCPowerMutex
                0x20000204        0x4 C:/Users/gabi_/ncs/v1.9.1/nrfxlib/crypto/nrf_cc310_platform/lib/cortex-m4/soft-float/no-interrupts/libnrf_cc310_platform_0.9.13.a(cc_pal.c.obj)
                0x20000204                CCPowerMutex
 .data.CCRndCryptoMutex
                0x20000208        0x4 C:/Users/gabi_/ncs/v1.9.1/nrfxlib/crypto/nrf_cc310_platform/lib/cortex-m4/soft-float/no-interrupts/libnrf_cc310_platform_0.9.13.a(cc_pal.c.obj)
                0x20000208                CCRndCryptoMutex
 .data.CCSymCryptoMutex
                0x2000020c        0x4 C:/Users/gabi_/ncs/v1.9.1/nrfxlib/crypto/nrf_cc310_platform/lib/cortex-m4/soft-float/no-interrupts/libnrf_cc310_platform_0.9.13.a(cc_pal.c.obj)
                0x2000020c                CCSymCryptoMutex
 .data.pCCRndCryptoMutex
                0x20000210        0x4 C:/Users/gabi_/ncs/v1.9.1/nrfxlib/crypto/nrf_cc310_platform/lib/cortex-m4/soft-float/no-interrupts/libnrf_cc310_platform_0.9.13.a(cc_pal.c.obj)
                0x20000210                pCCRndCryptoMutex
 *(SORT_BY_ALIGNMENT(.kernel.*))
                0x20000214                __data_end = .
                0x00000214                __data_size = (__data_end - __data_start)
                0x000083f0                __data_load_start = LOADADDR (datas)
                0x000083f0                __data_region_load_start = LOADADDR (datas)

device_states   0x20000214       0x1c load address 0x00008604
                0x20000214                __device_states_start = .
 *(SORT_BY_ALIGNMENT(.z_devstate))
 .z_devstate    0x20000214        0x4 zephyr/drivers/adc/libdrivers__adc.a(adc_nrfx_saadc.c.obj)
 .z_devstate    0x20000218        0x4 zephyr/drivers/clock_control/libdrivers__clock_control.a(clock_control_nrf.c.obj)
 .z_devstate    0x2000021c        0x8 zephyr/drivers/gpio/libdrivers__gpio.a(gpio_nrfx.c.obj)
 .z_devstate    0x20000224        0x4 zephyr/drivers/pwm/libdrivers__pwm.a(pwm_nrfx.c.obj)
 .z_devstate    0x20000228        0x8 zephyr/drivers/serial/libdrivers__serial.a(uart_nrfx_uarte.c.obj)
 *(SORT_BY_ALIGNMENT(.z_devstate.*))
                0x20000230                __device_states_end = .

initshell       0x20000230        0x0 load address 0x00008620
                0x20000230                __shell_module_start = .
 *(SORT_BY_ALIGNMENT(.shell_module_*))
                0x20000230                __shell_module_end = .
                0x20000230                __shell_cmd_start = .
 *(SORT_BY_ALIGNMENT(.shell_cmd_*))
                0x20000230                __shell_cmd_end = .

log_dynamic_sections
                0x20000230        0x0 load address 0x00008620
                0x20000230                __log_dynamic_start = .
 *(SORT_BY_NAME(SORT_BY_ALIGNMENT(.log_dynamic_*)))
                0x20000230                __log_dynamic_end = .

_static_thread_data_area
                0x20000230        0x0 load address 0x00008620
                0x20000230                __static_thread_data_list_start = .
 *(SORT_BY_NAME(SORT_BY_ALIGNMENT(.__static_thread_data.static.*)))
                0x20000230                __static_thread_data_list_end = .

k_timer_area    0x20000230        0x0 load address 0x00008620
                0x20000230                _k_timer_list_start = .
 *(SORT_BY_NAME(SORT_BY_ALIGNMENT(._k_timer.static.*)))
                0x20000230                _k_timer_list_end = .

k_mem_slab_area
                0x20000230        0x0 load address 0x00008620
                0x20000230                _k_mem_slab_list_start = .
 *(SORT_BY_NAME(SORT_BY_ALIGNMENT(._k_mem_slab.static.*)))
                0x20000230                _k_mem_slab_list_end = .

k_mem_pool_area
                0x20000230        0x0 load address 0x00008620
                0x20000230                _k_mem_pool_list_start = .
 *(SORT_BY_NAME(SORT_BY_ALIGNMENT(._k_mem_pool.static.*)))
                0x20000230                _k_mem_pool_list_end = .

k_heap_area     0x20000230        0x0 load address 0x00008620
                0x20000230                _k_heap_list_start = .
 *(SORT_BY_NAME(SORT_BY_ALIGNMENT(._k_heap.static.*)))
                0x20000230                _k_heap_list_end = .

k_mutex_area    0x20000230       0x50 load address 0x00008620
                0x20000230                _k_mutex_list_start = .
 *(SORT_BY_NAME(SORT_BY_ALIGNMENT(._k_mutex.static.*)))
 ._k_mutex.static.asym_mutex_int
                0x20000230       0x14 zephyr/libzephyr.a(nrf_cc3xx_platform_mutex_zephyr.c.obj)
                0x20000230                asym_mutex_int
 ._k_mutex.static.power_mutex_int
                0x20000244       0x14 zephyr/libzephyr.a(nrf_cc3xx_platform_mutex_zephyr.c.obj)
                0x20000244                power_mutex_int
 ._k_mutex.static.rng_mutex_int
                0x20000258       0x14 zephyr/libzephyr.a(nrf_cc3xx_platform_mutex_zephyr.c.obj)
                0x20000258                rng_mutex_int
 ._k_mutex.static.sym_mutex_int
                0x2000026c       0x14 zephyr/libzephyr.a(nrf_cc3xx_platform_mutex_zephyr.c.obj)
                0x2000026c                sym_mutex_int
                0x20000280                _k_mutex_list_end = .

k_stack_area    0x20000280        0x0 load address 0x00008670
                0x20000280                _k_stack_list_start = .
 *(SORT_BY_NAME(SORT_BY_ALIGNMENT(._k_stack.static.*)))
                0x20000280                _k_stack_list_end = .

k_msgq_area     0x20000280        0x0 load address 0x00008670
                0x20000280                _k_msgq_list_start = .
 *(SORT_BY_NAME(SORT_BY_ALIGNMENT(._k_msgq.static.*)))
                0x20000280                _k_msgq_list_end = .

k_mbox_area     0x20000280        0x0 load address 0x00008670
                0x20000280                _k_mbox_list_start = .
 *(SORT_BY_NAME(SORT_BY_ALIGNMENT(._k_mbox.static.*)))
                0x20000280                _k_mbox_list_end = .

k_pipe_area     0x20000280        0x0 load address 0x00008670
                0x20000280                _k_pipe_list_start = .
 *(SORT_BY_NAME(SORT_BY_ALIGNMENT(._k_pipe.static.*)))
                0x20000280                _k_pipe_list_end = .

k_sem_area      0x20000280        0x0 load address 0x00008670
                0x20000280                _k_sem_list_start = .
 *(SORT_BY_NAME(SORT_BY_ALIGNMENT(._k_sem.static.*)))
                0x20000280                _k_sem_list_end = .

k_event_area    0x20000280        0x0 load address 0x00008670
                0x20000280                _k_event_list_start = .
 *(SORT_BY_NAME(SORT_BY_ALIGNMENT(._k_event.static.*)))