Archive member included to satisfy reference by file (symbol)

app/libapp.a(main.c.obj)      (--whole-archive)
zephyr/libzephyr.a(soc_nrf_common.S.obj)
                              (--whole-archive)
zephyr/libzephyr.a(bitarray.c.obj)
                              (--whole-archive)
zephyr/libzephyr.a(cbprintf.c.obj)
                              (--whole-archive)
zephyr/libzephyr.a(cbprintf_complete.c.obj)
                              (--whole-archive)
zephyr/libzephyr.a(cbprintf_packaged.c.obj)
                              (--whole-archive)
zephyr/libzephyr.a(configs.c.obj)
                              (--whole-archive)
zephyr/libzephyr.a(constraint.c.obj)
                              (--whole-archive)
zephyr/libzephyr.a(crc16_sw.c.obj)
                              (--whole-archive)
zephyr/libzephyr.a(crc32_sw.c.obj)
                              (--whole-archive)
zephyr/libzephyr.a(crc32c_sw.c.obj)
                              (--whole-archive)
zephyr/libzephyr.a(crc7_sw.c.obj)
                              (--whole-archive)
zephyr/libzephyr.a(crc8_sw.c.obj)
                              (--whole-archive)
zephyr/libzephyr.a(dec.c.obj)
                              (--whole-archive)
zephyr/libzephyr.a(fdtable.c.obj)
                              (--whole-archive)
zephyr/libzephyr.a(getchar.c.obj)
                              (--whole-archive)
zephyr/libzephyr.a(heap-validate.c.obj)
                              (--whole-archive)
zephyr/libzephyr.a(heap.c.obj)
                              (--whole-archive)
zephyr/libzephyr.a(hex.c.obj)
                              (--whole-archive)
zephyr/libzephyr.a(multi_heap.c.obj)
                              (--whole-archive)
zephyr/libzephyr.a(notify.c.obj)
                              (--whole-archive)
zephyr/libzephyr.a(nrf_cc3xx_platform_abort_zephyr.c.obj)
                              (--whole-archive)
zephyr/libzephyr.a(nrf_cc3xx_platform_mutex_zephyr.c.obj)
                              (--whole-archive)
zephyr/libzephyr.a(onoff.c.obj)
                              (--whole-archive)
zephyr/libzephyr.a(pm.c.obj)  (--whole-archive)
zephyr/libzephyr.a(printk.c.obj)
                              (--whole-archive)
zephyr/libzephyr.a(rb.c.obj)  (--whole-archive)
zephyr/libzephyr.a(reboot.c.obj)
                              (--whole-archive)
zephyr/libzephyr.a(residency.c.obj)
                              (--whole-archive)
zephyr/libzephyr.a(sem.c.obj)
                              (--whole-archive)
zephyr/libzephyr.a(thread_entry.c.obj)
                              (--whole-archive)
zephyr/libzephyr.a(timeutil.c.obj)
                              (--whole-archive)
zephyr/libzephyr.a(tracing_none.c.obj)
                              (--whole-archive)
zephyr/libzephyr.a(tty.c.obj)
                              (--whole-archive)
zephyr/libzephyr.a(validate_base_addresses.c.obj)
                              (--whole-archive)
zephyr/libzephyr.a(validate_enabled_instances.c.obj)
                              (--whole-archive)
zephyr/arch/common/libarch__common.a(sw_isr_common.c.obj)
                              (--whole-archive)
zephyr/arch/arch/arm/core/aarch32/libarch__arm__core__aarch32.a(cpu_idle.S.obj)
                              (--whole-archive)
zephyr/arch/arch/arm/core/aarch32/libarch__arm__core__aarch32.a(isr_wrapper.S.obj)
                              (--whole-archive)
zephyr/arch/arch/arm/core/aarch32/libarch__arm__core__aarch32.a(nmi_on_reset.S.obj)
                              (--whole-archive)
zephyr/arch/arch/arm/core/aarch32/libarch__arm__core__aarch32.a(swap_helper.S.obj)
                              (--whole-archive)
zephyr/arch/arch/arm/core/aarch32/libarch__arm__core__aarch32.a(fatal.c.obj)
                              (--whole-archive)
zephyr/arch/arch/arm/core/aarch32/libarch__arm__core__aarch32.a(irq_manage.c.obj)
                              (--whole-archive)
zephyr/arch/arch/arm/core/aarch32/libarch__arm__core__aarch32.a(nmi.c.obj)
                              (--whole-archive)
zephyr/arch/arch/arm/core/aarch32/libarch__arm__core__aarch32.a(prep_c.c.obj)
                              (--whole-archive)
zephyr/arch/arch/arm/core/aarch32/libarch__arm__core__aarch32.a(swap.c.obj)
                              (--whole-archive)
zephyr/arch/arch/arm/core/aarch32/libarch__arm__core__aarch32.a(thread.c.obj)
                              (--whole-archive)
zephyr/arch/arch/arm/core/aarch32/cortex_m/libarch__arm__core__aarch32__cortex_m.a(exc_exit.S.obj)
                              (--whole-archive)
zephyr/arch/arch/arm/core/aarch32/cortex_m/libarch__arm__core__aarch32__cortex_m.a(fault_s.S.obj)
                              (--whole-archive)
zephyr/arch/arch/arm/core/aarch32/cortex_m/libarch__arm__core__aarch32__cortex_m.a(reset.S.obj)
                              (--whole-archive)
zephyr/arch/arch/arm/core/aarch32/cortex_m/libarch__arm__core__aarch32__cortex_m.a(vector_table.S.obj)
                              (--whole-archive)
[...]
Memory Configuration

Name             Origin             Length             Attributes
FLASH            0x00000000         0x00100000         xr
SRAM             0x20000000         0x00040000         xw
IDT_LIST         0xfffff7ff         0x00000800         xw
*default*        0x00000000         0xffffffff

Linker script and memory map

LOAD zephyr/CMakeFiles/zephyr_pre1.dir/dev_handles.c.obj
LOAD zephyr/CMakeFiles/zephyr_pre1.dir/misc/empty_file.c.obj
                0x00000020                _region_min_align = 0x20

.rel.plt        0x00000000        0x0
 *(SORT_BY_ALIGNMENT(.rel.plt))
                [!provide]                PROVIDE (__rel_iplt_start = .)
 *(SORT_BY_ALIGNMENT(.rel.iplt))
 .rel.iplt      0x00000000        0x0 zephyr/CMakeFiles/zephyr_pre1.dir/dev_handles.c.obj
                [!provide]                PROVIDE (__rel_iplt_end = .)

.rela.plt       0x00000000        0x0
 *(SORT_BY_ALIGNMENT(.rela.plt))
                [!provide]                PROVIDE (__rela_iplt_start = .)
 *(SORT_BY_ALIGNMENT(.rela.iplt))
                [!provide]                PROVIDE (__rela_iplt_end = .)

.rel.dyn
 *(SORT_BY_ALIGNMENT(.rel.*))

.rela.dyn
 *(SORT_BY_ALIGNMENT(.rela.*))

/DISCARD/
 *(SORT_BY_ALIGNMENT(.plt))
 *(SORT_BY_ALIGNMENT(.iplt))
 *(SORT_BY_ALIGNMENT(.got.plt))
 *(SORT_BY_ALIGNMENT(.igot.plt))
 *(SORT_BY_ALIGNMENT(.got))
 *(SORT_BY_ALIGNMENT(.igot))
 *(SORT_BY_ALIGNMENT(.note.GNU-stack))
                0x00000000                __rom_region_start = 0x0

rom_start       0x00000000      0x100
                0x00000000                . = 0x0
                0x00000000                . = ALIGN (0x4)
                0x00000000                . = ALIGN (0x80)
                0x00000000                . = ALIGN (0x100)
                0x00000000                _vector_start = .
 *(SORT_BY_ALIGNMENT(.exc_vector_table))
 *(SORT_BY_ALIGNMENT(.exc_vector_table.*))
 .exc_vector_table._vector_table_section
                0x00000000       0x40 zephyr/arch/arch/arm/core/aarch32/cortex_m/libarch__arm__core__aarch32__cortex_m.a(vector_table.S.obj)
                0x00000000                _vector_table
 *(SORT_BY_ALIGNMENT(.gnu.linkonce.irq_vector_table*))
 .gnu.linkonce.irq_vector_table
                0x00000040       0xc0 zephyr/arch/common/libisr_tables.a(isr_tables.c.obj)
                0x00000040                _irq_vector_table
 *(SORT_BY_ALIGNMENT(.vectors))
                0x00000100                _vector_end = .

text            0x00000100     0x796c
                0x00000100                __text_region_start = .
 *(SORT_BY_ALIGNMENT(.text))
 .text          0x00000100      0x168 c:/users/gabi_/ncs/v1.9.1/toolchain/opt/bin/../lib/gcc/arm-none-eabi/9.2.1/thumb/v7e-m/nofp\libgcc.a(_arm_mulsf3.o)
                0x00000100                __aeabi_fmul
                0x00000100                __mulsf3
 .text          0x00000268      0x378 c:/users/gabi_/ncs/v1.9.1/toolchain/opt/bin/../lib/gcc/arm-none-eabi/9.2.1/thumb/v7e-m/nofp\libgcc.a(_arm_addsubdf3.o)
                0x00000268                __aeabi_drsub
                0x00000270                __aeabi_dsub
                0x00000270                __subdf3
                0x00000274                __aeabi_dadd
                0x00000274                __adddf3
                0x000004ec                __floatunsidf
                0x000004ec                __aeabi_ui2d
                0x0000050c                __floatsidf
                0x0000050c                __aeabi_i2d
                0x00000530                __aeabi_f2d
                0x00000530                __extendsfdf2
                0x00000574                __floatundidf
                0x00000574                __aeabi_ul2d
                0x00000584                __floatdidf
                0x00000584                __aeabi_l2d
 .text          0x000005e0      0x424 c:/users/gabi_/ncs/v1.9.1/toolchain/opt/bin/../lib/gcc/arm-none-eabi/9.2.1/thumb/v7e-m/nofp\libgcc.a(_arm_muldivdf3.o)
                0x000005e0                __aeabi_dmul
                0x000005e0                __muldf3
                0x00000834                __divdf3
                0x00000834                __aeabi_ddiv
 .text          0x00000a04       0x50 c:/users/gabi_/ncs/v1.9.1/toolchain/opt/bin/../lib/gcc/arm-none-eabi/9.2.1/thumb/v7e-m/nofp\libgcc.a(_arm_fixdfsi.o)
                0x00000a04                __aeabi_d2iz
                0x00000a04                __fixdfsi
 .text          0x00000a54      0x21c c:/users/gabi_/ncs/v1.9.1/toolchain/opt/bin/../lib/gcc/arm-none-eabi/9.2.1/thumb/v7e-m/nofp\libgcc.a(_arm_addsubsf3.o)
                0x00000a54                __aeabi_frsub
                0x00000a5c                __subsf3
                0x00000a5c                __aeabi_fsub
                0x00000a60                __aeabi_fadd
                0x00000a60                __addsf3
                0x00000bc0                __aeabi_ui2f
                0x00000bc0                __floatunsisf
                0x00000bc8                __aeabi_i2f
                0x00000bc8                __floatsisf
                0x00000be4                __aeabi_ul2f
                0x00000be4                __floatundisf
                0x00000bf4                __aeabi_l2f
                0x00000bf4                __floatdisf
 .text          0x00000c70       0x40 c:/users/gabi_/ncs/v1.9.1/toolchain/opt/bin/../lib/gcc/arm-none-eabi/9.2.1/thumb/v7e-m/nofp\libgcc.a(_arm_fixunssfsi.o)
                0x00000c70                __fixunssfsi
                0x00000c70                __aeabi_f2uiz
 .text          0x00000cb0       0x30 c:/users/gabi_/ncs/v1.9.1/toolchain/opt/bin/../lib/gcc/arm-none-eabi/9.2.1/thumb/v7e-m/nofp\libgcc.a(_aeabi_uldivmod.o)
                0x00000cb0                __aeabi_uldivmod
 .text          0x00000ce0      0x2c0 c:/users/gabi_/ncs/v1.9.1/toolchain/opt/bin/../lib/gcc/arm-none-eabi/9.2.1/thumb/v7e-m/nofp\libgcc.a(_udivmoddi4.o)
                0x00000ce0                __udivmoddi4
 .text          0x00000fa0        0x4 c:/users/gabi_/ncs/v1.9.1/toolchain/opt/bin/../lib/gcc/arm-none-eabi/9.2.1/thumb/v7e-m/nofp\libgcc.a(_dvmd_tls.o)
                0x00000fa0                __aeabi_idiv0
                0x00000fa0                __aeabi_ldiv0
 *(SORT_BY_ALIGNMENT(.text.*))
 *fill*         0x00000fa4        0x4 
 .text.auto_out_thread_code
                0x00000fa8      0x17c app/libapp.a(main.c.obj)
                0x00000fa8                auto_out_thread_code
 *fill*         0x00001124        0x4 
 .text.read_thread_code
                0x00001128      0x214 app/libapp.a(main.c.obj)
                0x00001128                read_thread_code
 .text.button3_pressed
                0x0000133c        0xc app/libapp.a(main.c.obj)
                0x0000133c                button3_pressed
 .text.button4_pressed
                0x00001348       0x14 app/libapp.a(main.c.obj)
                0x00001348                button4_pressed
 .text.button1_pressed
                0x0000135c       0x28 app/libapp.a(main.c.obj)
                0x0000135c                button1_pressed
 .text.button2_pressed
                0x00001384       0x20 app/libapp.a(main.c.obj)
                0x00001384                button2_pressed
 .text.pwm_pin_set_usec.constprop.0
                0x000013a4       0x90 app/libapp.a(main.c.obj)
 .text.gpio_add_callback.constprop.0
                0x00001434       0x18 app/libapp.a(main.c.obj)
 .text.manual_out_thread_code
                0x0000144c       0x70 app/libapp.a(main.c.obj)
                0x0000144c                manual_out_thread_code
 .text.action_thread_code
                0x000014bc      0x1b8 app/libapp.a(main.c.obj)
                0x000014bc                action_thread_code
 .text.calendar_thread_code
                0x00001674      0x1b4 app/libapp.a(main.c.obj)
                0x00001674                calendar_thread_code
 .text.conf     0x00001828      0x158 app/libapp.a(main.c.obj)
                0x00001828                conf
 .text.adc_setup
                0x00001980       0x50 app/libapp.a(main.c.obj)
                0x00001980                adc_setup
 .text.main     0x000019d0      0x244 app/libapp.a(main.c.obj)
                0x000019d0                main
 .text.cbvprintf
                0x00001c14      0x780 zephyr/libzephyr.a(cbprintf_complete.c.obj)
                0x00001c14                cbvprintf
 .text.console_write
                0x00002394        0xc zephyr/libzephyr.a(getchar.c.obj)
                0x00002394                console_write
 .text.console_putchar
                0x000023a0       0x1c zephyr/libzephyr.a(getchar.c.obj)
                0x000023a0                console_putchar
 .text.console_getchar
                0x000023bc       0x20 zephyr/libzephyr.a(getchar.c.obj)
                0x000023bc                console_getchar
 .text.console_init
                0x000023dc       0x54 zephyr/libzephyr.a(getchar.c.obj)
                0x000023dc                console_init
 .text.nrf_cc3xx_platform_abort_init
                0x00002430        0xc zephyr/libzephyr.a(nrf_cc3xx_platform_abort_zephyr.c.obj)
                0x00002430                nrf_cc3xx_platform_abort_init
 .text.mutex_unlock_platform
                0x0000243c       0x4c zephyr/libzephyr.a(nrf_cc3xx_platform_mutex_zephyr.c.obj)
 .text.mutex_free_platform
                0x00002488       0x48 zephyr/libzephyr.a(nrf_cc3xx_platform_mutex_zephyr.c.obj)
 .text.mutex_init_platform
                0x000024d0       0x70 zephyr/libzephyr.a(nrf_cc3xx_platform_mutex_zephyr.c.obj)
 .text.mutex_lock_platform
                0x00002540       0x58 zephyr/libzephyr.a(nrf_cc3xx_platform_mutex_zephyr.c.obj)
 .text.nrf_cc3xx_platform_mutex_init
                0x00002598       0x2c zephyr/libzephyr.a(nrf_cc3xx_platform_mutex_zephyr.c.obj)
                0x00002598                nrf_cc3xx_platform_mutex_init
 .text.process_event
                0x000025c4      0x1cc zephyr/libzephyr.a(onoff.c.obj)
 .text.pm_state_notify
                0x00002790       0x64 zephyr/libzephyr.a(pm.c.obj)
 .text.atomic_test_and_set_bit.constprop.0
                0x000027f4       0x38 zephyr/libzephyr.a(pm.c.obj)
 .text.pm_system_resume
                0x0000282c       0x88 zephyr/libzephyr.a(pm.c.obj)
                0x0000282c                pm_system_resume
 .text.pm_system_suspend
                0x000028b4      0x100 zephyr/libzephyr.a(pm.c.obj)
                0x000028b4                pm_system_suspend
 .text.char_out
                0x000029b4       0x10 zephyr/libzephyr.a(printk.c.obj)
 .text.__printk_hook_install
                0x000029c4        0xc zephyr/libzephyr.a(printk.c.obj)
                0x000029c4                __printk_hook_install
 .text.vprintk  0x000029d0       0x1c zephyr/libzephyr.a(printk.c.obj)
                0x000029d0                vprintk
 .text.sys_reboot
                0x000029ec       0x28 zephyr/libzephyr.a(reboot.c.obj)
                0x000029ec                sys_reboot
 .text.tty_init
                0x00002a14       0x40 zephyr/libzephyr.a(tty.c.obj)
                0x00002a14                tty_init
 .text.z_arm_cpu_idle_init
                0x00002a54        0xc zephyr/arch/arch/arm/core/aarch32/libarch__arm__core__aarch32.a(cpu_idle.S.obj)
                0x00002a54                z_arm_cpu_idle_init
 .text.arch_cpu_idle
                0x00002a60       0x1c zephyr/arch/arch/arm/core/aarch32/libarch__arm__core__aarch32.a(cpu_idle.S.obj)
                0x00002a60                arch_cpu_idle
 .text.arch_cpu_atomic_idle
                0x00002a7c       0x14 zephyr/arch/arch/arm/core/aarch32/libarch__arm__core__aarch32.a(cpu_idle.S.obj)
                0x00002a7c                arch_cpu_atomic_idle
 .text._isr_wrapper
                0x00002a90       0x40 zephyr/arch/arch/arm/core/aarch32/libarch__arm__core__aarch32.a(isr_wrapper.S.obj)
                0x00002a90                _isr_wrapper
 .text.z_SysNmiOnReset
                0x00002ad0        0x8 zephyr/arch/arch/arm/core/aarch32/libarch__arm__core__aarch32.a(nmi_on_reset.S.obj)
                0x00002ad0                z_SysNmiOnReset
 .text.z_arm_pendsv
                0x00002ad8       0x54 zephyr/arch/arch/arm/core/aarch32/libarch__arm__core__aarch32.a(swap_helper.S.obj)
                0x00002ad8                z_arm_pendsv
 .text.z_arm_svc
                0x00002b2c       0x20 zephyr/arch/arch/arm/core/aarch32/libarch__arm__core__aarch32.a(swap_helper.S.obj)
                0x00002b2c                z_arm_svc
 .text.arch_irq_enable
                0x00002b4c       0x20 zephyr/arch/arch/arm/core/aarch32/libarch__arm__core__aarch32.a(irq_manage.c.obj)
                0x00002b4c                arch_irq_enable
 .text.arch_irq_is_enabled
                0x00002b6c       0x1c zephyr/arch/arch/arm/core/aarch32/libarch__arm__core__aarch32.a(irq_manage.c.obj)
                0x00002b6c                arch_irq_is_enabled
 .text.z_arm_irq_priority_set
                0x00002b88       0x30 zephyr/arch/arch/arm/core/aarch32/libarch__arm__core__aarch32.a(irq_manage.c.obj)
                0x00002b88                z_arm_irq_priority_set
 .text.z_arm_prep_c
                0x00002bb8       0x38 zephyr/arch/arch/arm/core/aarch32/libarch__arm__core__aarch32.a(prep_c.c.obj)
                0x00002bb8                z_arm_prep_c
 .text.arch_swap
                0x00002bf0       0x34 zephyr/arch/arch/arm/core/aarch32/libarch__arm__core__aarch32.a(swap.c.obj)
                0x00002bf0                arch_swap
 .text.arch_new_thread
                0x00002c24       0x38 zephyr/arch/arch/arm/core/aarch32/libarch__arm__core__aarch32.a(thread.c.obj)
                0x00002c24                arch_new_thread
 .text.z_check_thread_stack_fail
                0x00002c5c       0x34 zephyr/arch/arch/arm/core/aarch32/libarch__arm__core__aarch32.a(thread.c.obj)
                0x00002c5c                z_check_thread_stack_fail
 .text.arch_switch_to_main_thread
                0x00002c90       0x2c zephyr/arch/arch/arm/core/aarch32/libarch__arm__core__aarch32.a(thread.c.obj)
                0x00002c90                arch_switch_to_main_thread
 .text._HandlerModeExit
                0x00002cbc       0x1c zephyr/arch/arch/arm/core/aarch32/cortex_m/libarch__arm__core__aarch32__cortex_m.a(exc_exit.S.obj)
                0x00002cbc                z_arm_int_exit
                0x00002cbc                z_arm_exc_exit
 .text.__fault  0x00002cd8       0x14 zephyr/arch/arch/arm/core/aarch32/cortex_m/libarch__arm__core__aarch32__cortex_m.a(fault_s.S.obj)
                0x00002cd8                z_arm_usage_fault
                0x00002cd8                z_arm_mpu_fault
                0x00002cd8                z_arm_exc_spurious
                0x00002cd8                z_arm_debug_monitor
                0x00002cd8                z_arm_hard_fault
                0x00002cd8                z_arm_bus_fault
 .text._reset_section
                0x00002cec       0x54 zephyr/arch/arch/arm/core/aarch32/cortex_m/libarch__arm__core__aarch32__cortex_m.a(reset.S.obj)
                0x00002cec                __start
                0x00002cec                z_arm_reset
 .text.mem_manage_fault
                0x00002d40       0x6c zephyr/arch/arch/arm/core/aarch32/cortex_m/libarch__arm__core__aarch32__cortex_m.a(fault.c.obj)
 .text.bus_fault.isra.0
                0x00002dac       0x3c zephyr/arch/arch/arm/core/aarch32/cortex_m/libarch__arm__core__aarch32__cortex_m.a(fault.c.obj)
 .text.usage_fault.isra.0
                0x00002de8       0x24 zephyr/arch/arch/arm/core/aarch32/cortex_m/libarch__arm__core__aarch32__cortex_m.a(fault.c.obj)
 .text.z_arm_fault
                0x00002e0c      0x108 zephyr/arch/arch/arm/core/aarch32/cortex_m/libarch__arm__core__aarch32__cortex_m.a(fault.c.obj)
                0x00002e0c                z_arm_fault
 .text.z_arm_fault_init
                0x00002f14       0x10 zephyr/arch/arch/arm/core/aarch32/cortex_m/libarch__arm__core__aarch32__cortex_m.a(fault.c.obj)
                0x00002f14                z_arm_fault_init
 .text.z_arm_interrupt_init
                0x00002f24       0x18 zephyr/arch/arch/arm/core/aarch32/cortex_m/libarch__arm__core__aarch32__cortex_m.a(irq_init.c.obj)
                0x00002f24                z_arm_interrupt_init
 .text.z_arm_clear_arm_mpu_config
                0x00002f3c       0x20 zephyr/arch/arch/arm/core/aarch32/cortex_m/libarch__arm__core__aarch32__cortex_m.a(scb.c.obj)
                0x00002f3c                z_arm_clear_arm_mpu_config
 .text.z_arm_init_arch_hw_at_boot
                0x00002f5c       0x64 zephyr/arch/arch/arm/core/aarch32/cortex_m/libarch__arm__core__aarch32__cortex_m.a(scb.c.obj)
                0x00002f5c                z_arm_init_arch_hw_at_boot
 .text.z_impl_k_thread_abort
                0x00002fc0       0x24 zephyr/arch/arch/arm/core/aarch32/cortex_m/libarch__arm__core__aarch32__cortex_m.a(thread_abort.c.obj)
                0x00002fc0                z_impl_k_thread_abort
 .text.z_arm_configure_static_mpu_regions
                0x00002fe4       0x18 zephyr/arch/arch/arm/core/aarch32/mpu/libarch__arm__core__aarch32__mpu.a(arm_core_mpu.c.obj)
                0x00002fe4                z_arm_configure_static_mpu_regions
 .text.z_arm_configure_dynamic_mpu_regions
                0x00002ffc       0x20 zephyr/arch/arch/arm/core/aarch32/mpu/libarch__arm__core__aarch32__mpu.a(arm_core_mpu.c.obj)
                0x00002ffc                z_arm_configure_dynamic_mpu_regions
 .text.mpu_configure_regions
                0x0000301c       0x80 zephyr/arch/arch/arm/core/aarch32/mpu/libarch__arm__core__aarch32__mpu.a(arm_mpu.c.obj)
 .text.arm_core_mpu_enable
                0x0000309c       0x14 zephyr/arch/arch/arm/core/aarch32/mpu/libarch__arm__core__aarch32__mpu.a(arm_mpu.c.obj)
                0x0000309c                arm_core_mpu_enable
 .text.arm_core_mpu_disable
                0x000030b0       0x10 zephyr/arch/arch/arm/core/aarch32/mpu/libarch__arm__core__aarch32__mpu.a(arm_mpu.c.obj)
                0x000030b0                arm_core_mpu_disable
 .text.arm_core_mpu_configure_static_mpu_regions
                0x000030c0       0x14 zephyr/arch/arch/arm/core/aarch32/mpu/libarch__arm__core__aarch32__mpu.a(arm_mpu.c.obj)
                0x000030c0                arm_core_mpu_configure_static_mpu_regions
 .text.arm_core_mpu_configure_dynamic_mpu_regions
                0x000030d4       0x2c zephyr/arch/arch/arm/core/aarch32/mpu/libarch__arm__core__aarch32__mpu.a(arm_mpu.c.obj)
                0x000030d4                arm_core_mpu_configure_dynamic_mpu_regions
 .text.z_arm_mpu_init
                0x00003100       0x5c zephyr/arch/arch/arm/core/aarch32/mpu/libarch__arm__core__aarch32__mpu.a(arm_mpu.c.obj)
                0x00003100                z_arm_mpu_init
 .text.printf   0x0000315c       0x24 zephyr/lib/libc/minimal/liblib__libc__minimal.a(fprintf.c.obj)
                0x0000315c                printf
 .text.__stdout_hook_install
                0x00003180        0xc zephyr/lib/libc/minimal/liblib__libc__minimal.a(stdout_console.c.obj)
                0x00003180                __stdout_hook_install
 .text.z_impl_zephyr_fputc
                0x0000318c       0x18 zephyr/lib/libc/minimal/liblib__libc__minimal.a(stdout_console.c.obj)
                0x0000318c                z_impl_zephyr_fputc
 .text.nordicsemi_nrf52_init
                0x000031a4       0x64 zephyr/soc/arm/nordic_nrf/nrf52/libsoc__arm__nordic_nrf__nrf52.a(soc.c.obj)
 .text.sys_arch_reboot
                0x00003208       0x2c zephyr/soc/arm/nordic_nrf/nrf52/libsoc__arm__nordic_nrf__nrf52.a(soc.c.obj)
                0x00003208                sys_arch_reboot
 .text.arch_busy_wait
                0x00003234       0x14 zephyr/soc/arm/nordic_nrf/nrf52/libsoc__arm__nordic_nrf__nrf52.a(soc.c.obj)
                0x00003234                arch_busy_wait
 .text.adc_context_start_sampling.isra.0
                0x00003248       0x20 zephyr/drivers/adc/libdrivers__adc.a(adc_nrfx_saadc.c.obj)
 .text.adc_nrfx_channel_setup
                0x00003268       0xd4 zephyr/drivers/adc/libdrivers__adc.a(adc_nrfx_saadc.c.obj)
 .text.saadc_irq_handler
                0x0000333c       0xd4 zephyr/drivers/adc/libdrivers__adc.a(adc_nrfx_saadc.c.obj)
 .text.adc_nrfx_read
                0x00003410      0x194 zephyr/drivers/adc/libdrivers__adc.a(adc_nrfx_saadc.c.obj)
 .text.init_saadc
                0x000035a4       0x48 zephyr/drivers/adc/libdrivers__adc.a(adc_nrfx_saadc.c.obj)
 .text.onoff_stop
                0x000035ec       0x48 zephyr/drivers/clock_control/libdrivers__clock_control.a(clock_control_nrf.c.obj)
 .text.onoff_start
                0x00003634       0x58 zephyr/drivers/clock_control/libdrivers__clock_control.a(clock_control_nrf.c.obj)
 .text.clk_init
                0x0000368c       0x60 zephyr/drivers/clock_control/libdrivers__clock_control.a(clock_control_nrf.c.obj)
 .text.clkstarted_handle.constprop.0
                0x000036ec       0x34 zephyr/drivers/clock_control/libdrivers__clock_control.a(clock_control_nrf.c.obj)
 .text.clock_event_handler
                0x00003720       0x1c zephyr/drivers/clock_control/libdrivers__clock_control.a(clock_control_nrf.c.obj)
 .text.generic_hfclk_start
                0x0000373c       0x64 zephyr/drivers/clock_control/libdrivers__clock_control.a(clock_control_nrf.c.obj)
 .text.generic_hfclk_stop
                0x000037a0       0x2c zephyr/drivers/clock_control/libdrivers__clock_control.a(clock_control_nrf.c.obj)
 .text.api_blocking_start
                0x000037cc       0x34 zephyr/drivers/clock_control/libdrivers__clock_control.a(clock_control_nrf.c.obj)
 .text.z_nrf_clock_control_lf_on
                0x00003800      0x10c zephyr/drivers/clock_control/libdrivers__clock_control.a(clock_control_nrf.c.obj)
                0x00003800                z_nrf_clock_control_lf_on
 .text.console_out
                0x0000390c       0x34 zephyr/drivers/console/libdrivers__console.a(uart_console.c.obj)
 .text.uart_console_init
                0x00003940       0x30 zephyr/drivers/console/libdrivers__console.a(uart_console.c.obj)
 .text.nrfx_gpio_handler
                0x00003970       0x54 zephyr/drivers/gpio/libdrivers__gpio.a(gpio_nrfx.c.obj)
 .text.gpio_nrfx_pin_interrupt_configure
                0x000039c4       0xd4 zephyr/drivers/gpio/libdrivers__gpio.a(gpio_nrfx.c.obj)
 .text.gpio_nrfx_init
                0x00003a98       0x38 zephyr/drivers/gpio/libdrivers__gpio.a(gpio_nrfx.c.obj)
 .text.gpio_nrfx_pin_configure
                0x00003ad0      0x15c zephyr/drivers/gpio/libdrivers__gpio.a(gpio_nrfx.c.obj)
 .text.pwm_nrfx_get_cycles_per_sec
                0x00003c2c       0x10 zephyr/drivers/pwm/libdrivers__pwm.a(pwm_nrfx.c.obj)
 .text.pwm_nrfx_init
                0x00003c3c       0x44 zephyr/drivers/pwm/libdrivers__pwm.a(pwm_nrfx.c.obj)
 .text.pwm_nrfx_pin_set
                0x00003c80      0x180 zephyr/drivers/pwm/libdrivers__pwm.a(pwm_nrfx.c.obj)
 .text.uarte_nrfx_configure
                0x00003e00      0x164 zephyr/drivers/serial/libdrivers__serial.a(uart_nrfx_uarte.c.obj)
 .text.nrf_gpio_cfg_input
                0x00003f64       0x20 zephyr/drivers/serial/libdrivers__serial.a(uart_nrfx_uarte.c.obj)
 .text.uarte_nrfx_poll_out
                0x00003f84       0x94 zephyr/drivers/serial/libdrivers__serial.a(uart_nrfx_uarte.c.obj)
 .text.nrf_gpio_cfg_output
                0x00004018       0x20 zephyr/drivers/serial/libdrivers__serial.a(uart_nrfx_uarte.c.obj)
 .text.nrf_gpio_pin_set
                0x00004038       0x20 zephyr/drivers/serial/libdrivers__serial.a(uart_nrfx_uarte.c.obj)
 .text.uarte_instance_init.isra.0
                0x00004058      0x130 zephyr/drivers/serial/libdrivers__serial.a(uart_nrfx_uarte.c.obj)
 .text.sys_clock_timeout_handler
                0x00004188       0x78 zephyr/drivers/timer/libdrivers__timer.a(nrf_rtc_timer.c.obj)
 .text.compare_int_lock
                0x00004200       0x50 zephyr/drivers/timer/libdrivers__timer.a(nrf_rtc_timer.c.obj)
 .text.compare_int_unlock.part.0
                0x00004250       0x5c zephyr/drivers/timer/libdrivers__timer.a(nrf_rtc_timer.c.obj)
 .text.z_nrf_rtc_timer_read
                0x000042ac       0x44 zephyr/drivers/timer/libdrivers__timer.a(nrf_rtc_timer.c.obj)
                0x000042ac                z_nrf_rtc_timer_read
 .text.compare_set
                0x000042f0      0x154 zephyr/drivers/timer/libdrivers__timer.a(nrf_rtc_timer.c.obj)
 .text.sys_clock_driver_init
                0x00004444       0x84 zephyr/drivers/timer/libdrivers__timer.a(nrf_rtc_timer.c.obj)
 .text.rtc_nrf_isr
                0x000044c8       0xf0 zephyr/drivers/timer/libdrivers__timer.a(nrf_rtc_timer.c.obj)
                0x000044c8                rtc_nrf_isr
 .text.sys_clock_set_timeout
                0x000045b8       0x60 zephyr/drivers/timer/libdrivers__timer.a(nrf_rtc_timer.c.obj)
                0x000045b8                sys_clock_set_timeout
 .text.sys_clock_elapsed
                0x00004618       0x14 zephyr/drivers/timer/libdrivers__timer.a(nrf_rtc_timer.c.obj)
                0x00004618                sys_clock_elapsed
 .text.nrfx_clock_init
                0x0000462c       0x20 modules/hal_nordic/nrfx/libmodules__hal_nordic__nrfx.a(nrfx_clock.c.obj)
                0x0000462c                nrfx_clock_init
 .text.nrfx_clock_start
                0x0000464c       0x64 modules/hal_nordic/nrfx/libmodules__hal_nordic__nrfx.a(nrfx_clock.c.obj)
                0x0000464c                nrfx_clock_start
 .text.nrfx_clock_stop
                0x000046b0       0x8c modules/hal_nordic/nrfx/libmodules__hal_nordic__nrfx.a(nrfx_clock.c.obj)
                0x000046b0                nrfx_clock_stop
 .text.nrfx_power_clock_irq_handler
                0x0000473c       0x68 modules/hal_nordic/nrfx/libmodules__hal_nordic__nrfx.a(nrfx_clock.c.obj)
                0x0000473c                nrfx_power_clock_irq_handler
 .text.nrfx_flag32_alloc
                0x000047a4       0x48 modules/hal_nordic/nrfx/libmodules__hal_nordic__nrfx.a(nrfx_flag32_allocator.c.obj)
                0x000047a4                nrfx_flag32_alloc
 .text.nrfx_flag32_free
                0x000047ec       0x44 modules/hal_nordic/nrfx/libmodules__hal_nordic__nrfx.a(nrfx_flag32_allocator.c.obj)
                0x000047ec                nrfx_flag32_free
 .text.nrf_gpio_pin_port_decode
                0x00004830       0x1c modules/hal_nordic/nrfx/libmodules__hal_nordic__nrfx.a(nrfx_gpiote.c.obj)
 .text.call_handler
                0x0000484c       0x3c modules/hal_nordic/nrfx/libmodules__hal_nordic__nrfx.a(nrfx_gpiote.c.obj)
 .text.release_handler
                0x00004888       0x54 modules/hal_nordic/nrfx/libmodules__hal_nordic__nrfx.a(nrfx_gpiote.c.obj)
 .text.pin_handler_trigger_uninit
                0x000048dc       0x34 modules/hal_nordic/nrfx/libmodules__hal_nordic__nrfx.a(nrfx_gpiote.c.obj)
 .text.nrfx_gpiote_input_configure
                0x00004910      0x158 modules/hal_nordic/nrfx/libmodules__hal_nordic__nrfx.a(nrfx_gpiote.c.obj)
                0x00004910                nrfx_gpiote_input_configure
 .text.nrfx_gpiote_output_configure
                0x00004a68       0xe0 modules/hal_nordic/nrfx/libmodules__hal_nordic__nrfx.a(nrfx_gpiote.c.obj)
                0x00004a68                nrfx_gpiote_output_configure
 .text.nrfx_gpiote_global_callback_set
                0x00004b48        0xc modules/hal_nordic/nrfx/libmodules__hal_nordic__nrfx.a(nrfx_gpiote.c.obj)
                0x00004b48                nrfx_gpiote_global_callback_set
 .text.nrfx_gpiote_channel_get
                0x00004b54       0x24 modules/hal_nordic/nrfx/libmodules__hal_nordic__nrfx.a(nrfx_gpiote.c.obj)
                0x00004b54                nrfx_gpiote_channel_get
 .text.nrfx_gpiote_init
                0x00004b78       0x50 modules/hal_nordic/nrfx/libmodules__hal_nordic__nrfx.a(nrfx_gpiote.c.obj)
                0x00004b78                nrfx_gpiote_init
 .text.nrfx_gpiote_is_init
                0x00004bc8       0x14 modules/hal_nordic/nrfx/libmodules__hal_nordic__nrfx.a(nrfx_gpiote.c.obj)
                0x00004bc8                nrfx_gpiote_is_init
 .text.nrfx_gpiote_channel_free
                0x00004bdc        0xc modules/hal_nordic/nrfx/libmodules__hal_nordic__nrfx.a(nrfx_gpiote.c.obj)
                0x00004bdc                nrfx_gpiote_channel_free
 .text.nrfx_gpiote_channel_alloc
                0x00004be8        0xc modules/hal_nordic/nrfx/libmodules__hal_nordic__nrfx.a(nrfx_gpiote.c.obj)
                0x00004be8                nrfx_gpiote_channel_alloc
 .text.nrfx_gpiote_trigger_enable
                0x00004bf4       0x88 modules/hal_nordic/nrfx/libmodules__hal_nordic__nrfx.a(nrfx_gpiote.c.obj)
                0x00004bf4                nrfx_gpiote_trigger_enable
 .text.nrfx_gpiote_trigger_disable
                0x00004c7c       0x44 modules/hal_nordic/nrfx/libmodules__hal_nordic__nrfx.a(nrfx_gpiote.c.obj)
                0x00004c7c                nrfx_gpiote_trigger_disable
 .text.nrfx_gpiote_pin_uninit
                0x00004cc0       0x48 modules/hal_nordic/nrfx/libmodules__hal_nordic__nrfx.a(nrfx_gpiote.c.obj)
                0x00004cc0                nrfx_gpiote_pin_uninit
 .text.nrfx_gpiote_irq_handler
                0x00004d08      0x1b0 modules/hal_nordic/nrfx/libmodules__hal_nordic__nrfx.a(nrfx_gpiote.c.obj)
                0x00004d08                nrfx_gpiote_irq_handler
 .text.nrfx_ppi_channel_alloc
                0x00004eb8        0xc modules/hal_nordic/nrfx/libmodules__hal_nordic__nrfx.a(nrfx_ppi.c.obj)
                0x00004eb8                nrfx_ppi_channel_alloc
 .text.nrfx_pwm_init
                0x00004ec4      0x15c modules/hal_nordic/nrfx/libmodules__hal_nordic__nrfx.a(nrfx_pwm.c.obj)
                0x00004ec4                nrfx_pwm_init
 .text.nrfx_pwm_simple_playback
                0x00005020       0x7c modules/hal_nordic/nrfx/libmodules__hal_nordic__nrfx.a(nrfx_pwm.c.obj)
                0x00005020                nrfx_pwm_simple_playback
 .text.nrfx_pwm_is_stopped
                0x0000509c       0x28 modules/hal_nordic/nrfx/libmodules__hal_nordic__nrfx.a(nrfx_pwm.c.obj)
                0x0000509c                nrfx_pwm_is_stopped
 .text.nrf52_errata_36
                0x000050c4       0x14 modules/hal_nordic/nrfx/libmodules__hal_nordic__nrfx.a(system_nrf52840.c.obj)
 .text.nrf52_errata_98
                0x000050d8       0x28 modules/hal_nordic/nrfx/libmodules__hal_nordic__nrfx.a(system_nrf52840.c.obj)
 .text.nvmc_wait
                0x00005100       0x10 modules/hal_nordic/nrfx/libmodules__hal_nordic__nrfx.a(system_nrf52840.c.obj)
                0x00005100                nvmc_wait
 .text.SystemInit
                0x00005110      0x1d0 modules/hal_nordic/nrfx/libmodules__hal_nordic__nrfx.a(system_nrf52840.c.obj)
                0x00005110                SystemInit
 .text.z_sys_init_run_level
                0x000052e0       0x40 zephyr/kernel/libkernel.a(device.c.obj)
                0x000052e0                z_sys_init_run_level
 .text.z_impl_device_get_binding
                0x00005320       0x58 zephyr/kernel/libkernel.a(device.c.obj)
                0x00005320                z_impl_device_get_binding
 .text.z_impl_z_errno
                0x00005378        0xc zephyr/kernel/libkernel.a(errno.c.obj)
                0x00005378                z_impl_z_errno
 .text.idle     0x00005384       0x2c zephyr/kernel/libkernel.a(idle.c.obj)
                0x00005384                idle
 .text.init_idle_thread
                0x000053b0       0x58 zephyr/kernel/libkernel.a(init.c.obj)
 .text.bg_thread_main
                0x00005408       0x34 zephyr/kernel/libkernel.a(init.c.obj)
 .text.z_bss_zero
                0x0000543c       0x14 zephyr/kernel/libkernel.a(init.c.obj)
                0x0000543c                z_bss_zero
 .text.z_cstart
                0x00005450       0xe4 zephyr/kernel/libkernel.a(init.c.obj)
                0x00005450                z_cstart
 .text.init_mem_slab_module
                0x00005534       0x44 zephyr/kernel/libkernel.a(mem_slab.c.obj)
 .text.k_mem_slab_alloc
                0x00005578       0x60 zephyr/kernel/libkernel.a(mem_slab.c.obj)
                0x00005578                k_mem_slab_alloc
 .text.z_impl_k_mutex_lock
                0x000055d8       0xfc zephyr/kernel/libkernel.a(mutex.c.obj)
                0x000055d8                z_impl_k_mutex_lock
 .text.z_impl_k_mutex_unlock
                0x000056d4       0x8c zephyr/kernel/libkernel.a(mutex.c.obj)
                0x000056d4                z_impl_k_mutex_unlock
 .text.z_reset_time_slice
                0x00005760       0x2c zephyr/kernel/libkernel.a(sched.c.obj)
                0x00005760                z_reset_time_slice
 .text.k_sched_time_slice_set
                0x0000578c       0x64 zephyr/kernel/libkernel.a(sched.c.obj)
                0x0000578c                k_sched_time_slice_set
 .text.z_reschedule
                0x000057f0       0x24 zephyr/kernel/libkernel.a(sched.c.obj)
                0x000057f0                z_reschedule
 .text.k_sched_lock
                0x00005814       0x28 zephyr/kernel/libkernel.a(sched.c.obj)
                0x00005814                k_sched_lock
 .text.update_cache
                0x0000583c       0x40 zephyr/kernel/libkernel.a(sched.c.obj)
 .text.move_thread_to_end_of_prio_q
                0x0000587c       0x7c zephyr/kernel/libkernel.a(sched.c.obj)
 .text.z_time_slice
                0x000058f8       0x84 zephyr/kernel/libkernel.a(sched.c.obj)
                0x000058f8                z_time_slice
 .text.ready_thread
                0x0000597c       0x70 zephyr/kernel/libkernel.a(sched.c.obj)
 .text.z_sched_start
                0x000059ec       0x3c zephyr/kernel/libkernel.a(sched.c.obj)
                0x000059ec                z_sched_start
 .text.unready_thread
                0x00005a28       0x30 zephyr/kernel/libkernel.a(sched.c.obj)
 .text.pend     0x00005a58       0x4c zephyr/kernel/libkernel.a(sched.c.obj)
 .text.z_pend_curr
                0x00005aa4       0x28 zephyr/kernel/libkernel.a(sched.c.obj)
                0x00005aa4                z_pend_curr
 .text.z_set_prio
                0x00005acc       0x98 zephyr/kernel/libkernel.a(sched.c.obj)
                0x00005acc                z_set_prio
 .text.z_impl_k_thread_suspend
                0x00005b64       0x64 zephyr/kernel/libkernel.a(sched.c.obj)
                0x00005b64                z_impl_k_thread_suspend
 .text.k_sched_unlock
                0x00005bc8       0x38 zephyr/kernel/libkernel.a(sched.c.obj)
                0x00005bc8                k_sched_unlock
 .text.z_sched_init
                0x00005c00       0x18 zephyr/kernel/libkernel.a(sched.c.obj)
                0x00005c00                z_sched_init
 .text.z_impl_k_yield
                0x00005c18       0x84 zephyr/kernel/libkernel.a(sched.c.obj)
                0x00005c18                z_impl_k_yield
 .text.z_tick_sleep
                0x00005c9c       0x98 zephyr/kernel/libkernel.a(sched.c.obj)
 .text.z_impl_k_sleep
                0x00005d34       0x34 zephyr/kernel/libkernel.a(sched.c.obj)
                0x00005d34                z_impl_k_sleep
 .text.z_impl_z_current_get
                0x00005d68        0xc zephyr/kernel/libkernel.a(sched.c.obj)
                0x00005d68                z_impl_z_current_get
 .text.z_thread_abort
                0x00005d74       0xa4 zephyr/kernel/libkernel.a(sched.c.obj)
                0x00005d74                z_thread_abort
 .text.z_impl_k_sem_give
                0x00005e18       0x40 zephyr/kernel/libkernel.a(sem.c.obj)
                0x00005e18                z_impl_k_sem_give
 .text.z_impl_k_sem_take
                0x00005e58       0x54 zephyr/kernel/libkernel.a(sem.c.obj)
                0x00005e58                z_impl_k_sem_take
 .text.z_setup_new_thread
                0x00005eac       0x64 zephyr/kernel/libkernel.a(thread.c.obj)
                0x00005eac                z_setup_new_thread
 .text.z_impl_k_thread_create
                0x00005f10       0x58 zephyr/kernel/libkernel.a(thread.c.obj)
                0x00005f10                z_impl_k_thread_create
 .text.z_init_static_threads
                0x00005f68       0xbc zephyr/kernel/libkernel.a(thread.c.obj)
                0x00005f68                z_init_static_threads
 .text.elapsed  0x00006024       0x14 zephyr/kernel/libkernel.a(timeout.c.obj)
 .text.remove_timeout
                0x00006038       0x34 zephyr/kernel/libkernel.a(timeout.c.obj)
 .text.next_timeout
                0x0000606c       0x58 zephyr/kernel/libkernel.a(timeout.c.obj)
 .text.z_add_timeout
                0x000060c4      0x110 zephyr/kernel/libkernel.a(timeout.c.obj)
                0x000060c4                z_add_timeout
 .text.sys_clock_announce
                0x000061d4       0xd8 zephyr/kernel/libkernel.a(timeout.c.obj)
                0x000061d4                sys_clock_announce
 .text.sys_clock_tick_get
                0x000062ac       0x34 zephyr/kernel/libkernel.a(timeout.c.obj)
                0x000062ac                sys_clock_tick_get
 .text.z_timer_expiration_handler
                0x000062e0       0x88 zephyr/kernel/libkernel.a(timer.c.obj)
                0x000062e0                z_timer_expiration_handler
 .text.z_impl_k_timer_start
                0x00006368       0xc0 zephyr/kernel/libkernel.a(timer.c.obj)
                0x00006368                z_impl_k_timer_start
 .text.z_data_copy
                0x00006428       0x34 zephyr/kernel/libkernel.a(xip.c.obj)
                0x00006428                z_data_copy
 .text.boot_banner
                0x0000645c       0x18 zephyr/kernel/libkernel.a(banner.c.obj)
                0x0000645c                boot_banner
 .text.statics_init
                0x00006474       0x24 zephyr/kernel/libkernel.a(kheap.c.obj)
 .text.nrf_cc3xx_platform_init_no_rng
                0x00006498       0x38 C:/Users/gabi_/ncs/v1.9.1/nrfxlib/crypto/nrf_cc310_platform/lib/cortex-m4/soft-float/no-interrupts/libnrf_cc310_platform_0.9.13.a(nrf_cc3xx_platform.c.obj)
                0x00006498                nrf_cc3xx_platform_init_no_rng
 .text.nrf_cc3xx_platform_abort
                0x000064d0       0x24 C:/Users/gabi_/ncs/v1.9.1/nrfxlib/crypto/nrf_cc310_platform/lib/cortex-m4/soft-float/no-interrupts/libnrf_cc310_platform_0.9.13.a(nrf_cc3xx_platform_abort.c.obj)
 .text.CC_PalAbort
                0x000064f4       0x40 C:/Users/gabi_/ncs/v1.9.1/nrfxlib/crypto/nrf_cc310_platform/lib/cortex-m4/soft-float/no-interrupts/libnrf_cc310_platform_0.9.13.a(nrf_cc3xx_platform_abort.c.obj)
                0x000064f4                CC_PalAbort
 .text.nrf_cc3xx_platform_set_abort
                0x00006534       0x10 C:/Users/gabi_/ncs/v1.9.1/nrfxlib/crypto/nrf_cc310_platform/lib/cortex-m4/soft-float/no-interrupts/libnrf_cc310_platform_0.9.13.a(nrf_cc3xx_platform_abort.c.obj)
                0x00006534                nrf_cc3xx_platform_set_abort
 .text.mutex_free
                0x00006544       0x28 C:/Users/gabi_/ncs/v1.9.1/nrfxlib/crypto/nrf_cc310_platform/lib/cortex-m4/soft-float/no-interrupts/libnrf_cc310_platform_0.9.13.a(nrf_cc3xx_platform_mutex.c.obj)
 .text.mutex_unlock
                0x0000656c       0x2c C:/Users/gabi_/ncs/v1.9.1/nrfxlib/crypto/nrf_cc310_platform/lib/cortex-m4/soft-float/no-interrupts/libnrf_cc310_platform_0.9.13.a(nrf_cc3xx_platform_mutex.c.obj)
 .text.mutex_init
                0x00006598       0x1c C:/Users/gabi_/ncs/v1.9.1/nrfxlib/crypto/nrf_cc310_platform/lib/cortex-m4/soft-float/no-interrupts/libnrf_cc310_platform_0.9.13.a(nrf_cc3xx_platform_mutex.c.obj)
 .text.mutex_lock
                0x000065b4       0x44 C:/Users/gabi_/ncs/v1.9.1/nrfxlib/crypto/nrf_cc310_platform/lib/cortex-m4/soft-float/no-interrupts/libnrf_cc310_platform_0.9.13.a(nrf_cc3xx_platform_mutex.c.obj)
 .text.nrf_cc3xx_platform_set_mutexes
                0x000065f8       0x60 C:/Users/gabi_/ncs/v1.9.1/nrfxlib/crypto/nrf_cc310_platform/lib/cortex-m4/soft-float/no-interrupts/libnrf_cc310_platform_0.9.13.a(nrf_cc3xx_platform_mutex.c.obj)
                0x000065f8                nrf_cc3xx_platform_set_mutexes
 .text.CC_LibInitNoRng
                0x00006658       0x6c C:/Users/gabi_/ncs/v1.9.1/nrfxlib/crypto/nrf_cc310_platform/lib/cortex-m4/soft-float/no-interrupts/libnrf_cc310_platform_0.9.13.a(cc_lib.c.obj)
                0x00006658                CC_LibInitNoRng
 .text.CC_HalInit
                0x000066c4        0x4 C:/Users/gabi_/ncs/v1.9.1/nrfxlib/crypto/nrf_cc310_platform/lib/cortex-m4/soft-float/no-interrupts/libnrf_cc310_platform_0.9.13.a(cc_hal.c.obj)
                0x000066c4                CC_HalInit
 .text.CC_HalTerminate
                0x000066c8        0x4 C:/Users/gabi_/ncs/v1.9.1/nrfxlib/crypto/nrf_cc310_platform/lib/cortex-m4/soft-float/no-interrupts/libnrf_cc310_platform_0.9.13.a(cc_hal.c.obj)
                0x000066c8                CC_HalTerminate
 .text.CC_HalMaskInterrupt
                0x000066cc        0xc C:/Users/gabi_/ncs/v1.9.1/nrfxlib/crypto/nrf_cc310_platform/lib/cortex-m4/soft-float/no-interrupts/libnrf_cc310_platform_0.9.13.a(cc_hal.c.obj)
                0x000066cc                CC_HalMaskInterrupt
 .text.CC_PalInit
                0x000066d8       0x5c C:/Users/gabi_/ncs/v1.9.1/nrfxlib/crypto/nrf_cc310_platform/lib/cortex-m4/soft-float/no-interrupts/libnrf_cc310_platform_0.9.13.a(cc_pal.c.obj)
                0x000066d8                CC_PalInit
 .text.CC_PalTerminate
                0x00006734       0x34 C:/Users/gabi_/ncs/v1.9.1/nrfxlib/crypto/nrf_cc310_platform/lib/cortex-m4/soft-float/no-interrupts/libnrf_cc310_platform_0.9.13.a(cc_pal.c.obj)
                0x00006734                CC_PalTerminate
 .text.CC_PalDmaInit
                0x00006768        0x4 C:/Users/gabi_/ncs/v1.9.1/nrfxlib/crypto/nrf_cc310_platform/lib/cortex-m4/soft-float/no-interrupts/libnrf_cc310_platform_0.9.13.a(cc_pal_dma.c.obj)
                0x00006768                CC_PalDmaInit
 .text.CC_PalDmaTerminate
                0x0000676c        0x4 C:/Users/gabi_/ncs/v1.9.1/nrfxlib/crypto/nrf_cc310_platform/lib/cortex-m4/soft-float/no-interrupts/libnrf_cc310_platform_0.9.13.a(cc_pal_dma.c.obj)
                0x0000676c                CC_PalDmaTerminate
 .text.CC_PalMutexCreate
                0x00006770       0x14 C:/Users/gabi_/ncs/v1.9.1/nrfxlib/crypto/nrf_cc310_platform/lib/cortex-m4/soft-float/no-interrupts/libnrf_cc310_platform_0.9.13.a(cc_pal_mutex.c.obj)
                0x00006770                CC_PalMutexCreate
 .text.CC_PalMutexDestroy
                0x00006784       0x14 C:/Users/gabi_/ncs/v1.9.1/nrfxlib/crypto/nrf_cc310_platform/lib/cortex-m4/soft-float/no-interrupts/libnrf_cc310_platform_0.9.13.a(cc_pal_mutex.c.obj)
                0x00006784                CC_PalMutexDestroy
 .text.CC_PalPowerSaveModeInit
                0x00006798       0x3c C:/Users/gabi_/ncs/v1.9.1/nrfxlib/crypto/nrf_cc310_platform/lib/cortex-m4/soft-float/no-interrupts/libnrf_cc310_platform_0.9.13.a(cc_pal_pm.c.obj)
                0x00006798                CC_PalPowerSaveModeInit
 .text.CC_PalPowerSaveModeSelect
                0x000067d4       0x84 C:/Users/gabi_/ncs/v1.9.1/nrfxlib/crypto/nrf_cc310_platform/lib/cortex-m4/soft-float/no-interrupts/libnrf_cc310_platform_0.9.13.a(cc_pal_pm.c.obj)
                0x000067d4                CC_PalPowerSaveModeSelect
 .text.z_impl_gpio_pin_configure
                0x00006858       0x34 app/libapp.a(main.c.obj)
 .text.k_msleep
                0x0000688c       0x2a app/libapp.a(main.c.obj)
 .text.z_impl_gpio_pin_interrupt_configure.constprop.0
                0x000068b6       0x26 app/libapp.a(main.c.obj)
 .text.encode_uint
                0x000068dc       0x96 zephyr/libzephyr.a(cbprintf_complete.c.obj)
 .text.outs     0x00006972       0x2c zephyr/libzephyr.a(cbprintf_complete.c.obj)
 .text._ConfigAbsSyms
                0x0000699e        0x2 zephyr/libzephyr.a(configs.c.obj)
                0x0000699e                _ConfigAbsSyms
 .text.chunk_size
                0x000069a0        0xa zephyr/libzephyr.a(heap.c.obj)
 .text.free_list_add
                0x000069aa       0x4e zephyr/libzephyr.a(heap.c.obj)
 .text.sys_heap_init
                0x000069f8       0x6c zephyr/libzephyr.a(heap.c.obj)
                0x000069f8                sys_heap_init
 .text.sys_notify_validate
                0x00006a64       0x22 zephyr/libzephyr.a(notify.c.obj)
                0x00006a64                sys_notify_validate
 .text.sys_notify_finalize
                0x00006a86       0x1a zephyr/libzephyr.a(notify.c.obj)
                0x00006a86                sys_notify_finalize
 .text.abort_function
                0x00006aa0        0x8 zephyr/libzephyr.a(nrf_cc3xx_platform_abort_zephyr.c.obj)
 .text.process_recheck
                0x00006aa8       0x38 zephyr/libzephyr.a(onoff.c.obj)
 .text.notify_one
                0x00006ae0       0x2c zephyr/libzephyr.a(onoff.c.obj)
 .text.transition_complete
                0x00006b0c       0x1c zephyr/libzephyr.a(onoff.c.obj)
 .text.validate_args
                0x00006b28       0x1e zephyr/libzephyr.a(onoff.c.obj)
 .text.onoff_manager_init
                0x00006b46       0x26 zephyr/libzephyr.a(onoff.c.obj)
                0x00006b46                onoff_manager_init
 .text.onoff_request
                0x00006b6c       0x92 zephyr/libzephyr.a(onoff.c.obj)
                0x00006b6c                onoff_request
 .text.arch_printk_char_out
                0x00006bfe        0x4 zephyr/libzephyr.a(printk.c.obj)
                0x00006bfe                arch_printk_char_out
 .text.printk   0x00006c02       0x1a zephyr/libzephyr.a(printk.c.obj)
                0x00006c02                printk
 .text.pm_policy_next_state
                0x00006c1c        0xa zephyr/libzephyr.a(residency.c.obj)
                0x00006c1c                pm_policy_next_state
 .text.z_thread_entry
                0x00006c26       0x14 zephyr/libzephyr.a(thread_entry.c.obj)
                0x00006c26                z_thread_entry
 .text.z_impl_uart_irq_tx_disable
                0x00006c3a        0xa zephyr/libzephyr.a(tty.c.obj)
 .text.tty_putchar
                0x00006c44       0xa6 zephyr/libzephyr.a(tty.c.obj)
 .text.tty_uart_isr
                0x00006cea       0xae zephyr/libzephyr.a(tty.c.obj)
 .text.tty_write
                0x00006d98       0x52 zephyr/libzephyr.a(tty.c.obj)
                0x00006d98                tty_write
 .text.tty_read
                0x00006dea      0x120 zephyr/libzephyr.a(tty.c.obj)
                0x00006dea                tty_read
 .text.tty_set_rx_buf
                0x00006f0a       0x32 zephyr/libzephyr.a(tty.c.obj)
                0x00006f0a                tty_set_rx_buf
 .text.tty_set_tx_buf
                0x00006f3c       0x24 zephyr/libzephyr.a(tty.c.obj)
                0x00006f3c                tty_set_tx_buf
 .text.z_arm_fatal_error
                0x00006f60        0x4 zephyr/arch/arch/arm/core/aarch32/libarch__arm__core__aarch32.a(fatal.c.obj)
                0x00006f60                z_arm_fatal_error
 .text.z_do_kernel_oops
                0x00006f64        0x8 zephyr/arch/arch/arm/core/aarch32/libarch__arm__core__aarch32.a(fatal.c.obj)
                0x00006f64                z_do_kernel_oops
 .text.z_irq_spurious
                0x00006f6c        0x8 zephyr/arch/arch/arm/core/aarch32/libarch__arm__core__aarch32.a(irq_manage.c.obj)
                0x00006f6c                z_irq_spurious
 .text.z_arm_nmi
                0x00006f74        0xe zephyr/arch/arch/arm/core/aarch32/libarch__arm__core__aarch32.a(nmi.c.obj)
                0x00006f74                z_arm_nmi
 .text._stdout_hook_default
                0x00006f82        0x6 zephyr/lib/libc/minimal/liblib__libc__minimal.a(stdout_console.c.obj)
 .text.fputc    0x00006f88        0x4 zephyr/lib/libc/minimal/liblib__libc__minimal.a(stdout_console.c.obj)
                0x00006f88                fputc
 .text.strlen   0x00006f8c        0xe zephyr/lib/libc/minimal/liblib__libc__minimal.a(string.c.obj)
                0x00006f8c                strlen
 .text.strnlen  0x00006f9a       0x12 zephyr/lib/libc/minimal/liblib__libc__minimal.a(string.c.obj)
                0x00006f9a                strnlen
 .text.strcmp   0x00006fac       0x18 zephyr/lib/libc/minimal/liblib__libc__minimal.a(string.c.obj)
                0x00006fac                strcmp
 .text.memcpy   0x00006fc4       0x16 zephyr/lib/libc/minimal/liblib__libc__minimal.a(string.c.obj)
                0x00006fc4                memcpy
 .text.memset   0x00006fda       0x12 zephyr/lib/libc/minimal/liblib__libc__minimal.a(string.c.obj)
                0x00006fda                memset
 .text.pm_power_state_set
                0x00006fec       0x26 zephyr/soc/arm/nordic_nrf/nrf52/libsoc__arm__nordic_nrf__nrf52.a(power.c.obj)
                0x00006fec                pm_power_state_set
 .text.pm_power_state_exit_post_ops
                0x00007012       0x16 zephyr/soc/arm/nordic_nrf/nrf52/libsoc__arm__nordic_nrf__nrf52.a(power.c.obj)
                0x00007012                pm_power_state_exit_post_ops
 .text.adc_context_on_timer_expired
                0x00007028       0x2e zephyr/drivers/adc/libdrivers__adc.a(adc_nrfx_saadc.c.obj)
 .text.get_status
                0x00007056       0x12 zephyr/drivers/clock_control/libdrivers__clock_control.a(clock_control_nrf.c.obj)
 .text.set_off_state
                0x00007068       0x32 zephyr/drivers/clock_control/libdrivers__clock_control.a(clock_control_nrf.c.obj)
 .text.set_starting_state
                0x0000709a       0x3c zephyr/drivers/clock_control/libdrivers__clock_control.a(clock_control_nrf.c.obj)
 .text.set_on_state
                0x000070d6       0x26 zephyr/drivers/clock_control/libdrivers__clock_control.a(clock_control_nrf.c.obj)
 .text.onoff_started_callback
                0x000070fc       0x12 zephyr/drivers/clock_control/libdrivers__clock_control.a(clock_control_nrf.c.obj)
 .text.lfclk_start
                0x0000710e        0x6 zephyr/drivers/clock_control/libdrivers__clock_control.a(clock_control_nrf.c.obj)
 .text.lfclk_stop
                0x00007114        0x6 zephyr/drivers/clock_control/libdrivers__clock_control.a(clock_control_nrf.c.obj)
 .text.blocking_start_callback
                0x0000711a        0x6 zephyr/drivers/clock_control/libdrivers__clock_control.a(clock_control_nrf.c.obj)
 .text.api_stop
                0x00007120       0x28 zephyr/drivers/clock_control/libdrivers__clock_control.a(clock_control_nrf.c.obj)
 .text.api_start
                0x00007148       0x36 zephyr/drivers/clock_control/libdrivers__clock_control.a(clock_control_nrf.c.obj)
 .text.uart_poll_out
                0x0000717e        0x6 zephyr/drivers/console/libdrivers__console.a(uart_console.c.obj)
 .text.debug_hook_out_nop
                0x00007184        0x4 zephyr/drivers/console/libdrivers__console.a(uart_console.c.obj)
 .text.gpio_nrfx_port_get_raw
                0x00007188        0xe zephyr/drivers/gpio/libdrivers__gpio.a(gpio_nrfx.c.obj)
 .text.gpio_nrfx_port_set_masked_raw
                0x00007196       0x16 zephyr/drivers/gpio/libdrivers__gpio.a(gpio_nrfx.c.obj)
 .text.gpio_nrfx_port_set_bits_raw
                0x000071ac        0xc zephyr/drivers/gpio/libdrivers__gpio.a(gpio_nrfx.c.obj)
 .text.gpio_nrfx_port_clear_bits_raw
                0x000071b8        0xc zephyr/drivers/gpio/libdrivers__gpio.a(gpio_nrfx.c.obj)
 .text.gpio_nrfx_port_toggle_bits
                0x000071c4       0x12 zephyr/drivers/gpio/libdrivers__gpio.a(gpio_nrfx.c.obj)
 .text.gpio_nrfx_manage_callback
                0x000071d6       0x56 zephyr/drivers/gpio/libdrivers__gpio.a(gpio_nrfx.c.obj)
 .text.any_other_channel_is_active
                0x0000722c       0x2a zephyr/drivers/pwm/libdrivers__pwm.a(pwm_nrfx.c.obj)
 .text.uarte_nrfx_isr_int
                0x00007256       0xbc zephyr/drivers/serial/libdrivers__serial.a(uart_nrfx_uarte.c.obj)
 .text.uarte_nrfx_config_get
                0x00007312       0x10 zephyr/drivers/serial/libdrivers__serial.a(uart_nrfx_uarte.c.obj)
 .text.uarte_nrfx_err_check
                0x00007322        0xe zephyr/drivers/serial/libdrivers__serial.a(uart_nrfx_uarte.c.obj)
 .text.is_tx_ready
                0x00007330       0x20 zephyr/drivers/serial/libdrivers__serial.a(uart_nrfx_uarte.c.obj)
 .text.uarte_nrfx_poll_in
                0x00007350       0x26 zephyr/drivers/serial/libdrivers__serial.a(uart_nrfx_uarte.c.obj)
 .text.uarte_nrfx_fifo_read
                0x00007376       0x2c zephyr/drivers/serial/libdrivers__serial.a(uart_nrfx_uarte.c.obj)
 .text.uarte_nrfx_irq_tx_enable
                0x000073a2       0x2e zephyr/drivers/serial/libdrivers__serial.a(uart_nrfx_uarte.c.obj)
 .text.uarte_nrfx_irq_tx_disable
                0x000073d0        0xa zephyr/drivers/serial/libdrivers__serial.a(uart_nrfx_uarte.c.obj)
 .text.uarte_nrfx_irq_tx_ready_complete
                0x000073da       0x2a zephyr/drivers/serial/libdrivers__serial.a(uart_nrfx_uarte.c.obj)
 .text.uarte_nrfx_irq_rx_ready
                0x00007404       0x10 zephyr/drivers/serial/libdrivers__serial.a(uart_nrfx_uarte.c.obj)
 .text.uarte_nrfx_irq_rx_enable
                0x00007414        0xc zephyr/drivers/serial/libdrivers__serial.a(uart_nrfx_uarte.c.obj)
 .text.uarte_nrfx_irq_rx_disable
                0x00007420        0xc zephyr/drivers/serial/libdrivers__serial.a(uart_nrfx_uarte.c.obj)
 .text.uarte_nrfx_irq_err_enable
                0x0000742c        0xe zephyr/drivers/serial/libdrivers__serial.a(uart_nrfx_uarte.c.obj)
 .text.uarte_nrfx_irq_err_disable
                0x0000743a        0xe zephyr/drivers/serial/libdrivers__serial.a(uart_nrfx_uarte.c.obj)
 .text.uarte_nrfx_irq_update
                0x00007448        0x4 zephyr/drivers/serial/libdrivers__serial.a(uart_nrfx_uarte.c.obj)
 .text.uarte_nrfx_irq_callback_set
                0x0000744c        0xa zephyr/drivers/serial/libdrivers__serial.a(uart_nrfx_uarte.c.obj)
 .text.tx_start
                0x00007456       0x38 zephyr/drivers/serial/libdrivers__serial.a(uart_nrfx_uarte.c.obj)
 .text.uarte_nrfx_fifo_fill
                0x0000748e       0x80 zephyr/drivers/serial/libdrivers__serial.a(uart_nrfx_uarte.c.obj)
 .text.uarte_nrfx_irq_is_pending
                0x0000750e       0x36 zephyr/drivers/serial/libdrivers__serial.a(uart_nrfx_uarte.c.obj)
 .text.uarte_0_init
                0x00007544       0x1e zephyr/drivers/serial/libdrivers__serial.a(uart_nrfx_uarte.c.obj)
 .text.uarte_1_init
                0x00007562       0x1e zephyr/drivers/serial/libdrivers__serial.a(uart_nrfx_uarte.c.obj)
 .text.sys_clock_idle_exit
                0x00007580        0x2 zephyr/drivers/timer/libdrivers__timer.a(sys_clock_init.c.obj)
                0x00007580                sys_clock_idle_exit
 .text.k_sys_fatal_error_handler
                0x00007582        0x8 modules/nrf/lib/fatal_error/lib..__nrf__lib__fatal_error.a(fatal_error.c.obj)
                0x00007582                k_sys_fatal_error_handler
 .text.hw_cc3xx_init_internal
                0x0000758a        0x4 modules/nrf/drivers/hw_cc310/lib..__nrf__drivers__hw_cc310.a(hw_cc310.c.obj)
 .text.hw_cc3xx_init
                0x0000758e       0x12 modules/nrf/drivers/hw_cc310/lib..__nrf__drivers__hw_cc310.a(hw_cc310.c.obj)
 .text.nrfx_clock_enable
                0x000075a0       0x14 modules/hal_nordic/nrfx/libmodules__hal_nordic__nrfx.a(nrfx_clock.c.obj)
                0x000075a0                nrfx_clock_enable
 .text.nrfx_isr
                0x000075b4        0x2 modules/hal_nordic/nrfx/libmodules__hal_nordic__nrfx.a(nrfx_glue.c.obj)
                0x000075b4                nrfx_isr
 .text.nrfx_busy_wait
                0x000075b6        0x4 modules/hal_nordic/nrfx/libmodules__hal_nordic__nrfx.a(nrfx_glue.c.obj)
                0x000075b6                nrfx_busy_wait
 .text.nrf_gpio_reconfigure
                0x000075ba       0x8e modules/hal_nordic/nrfx/libmodules__hal_nordic__nrfx.a(nrfx_gpiote.c.obj)
 .text.nrf_gpio_cfg_sense_set
                0x00007648       0x1e modules/hal_nordic/nrfx/libmodules__hal_nordic__nrfx.a(nrfx_gpiote.c.obj)
 .text.start_playback.isra.0
                0x00007666       0x46 modules/hal_nordic/nrfx/libmodules__hal_nordic__nrfx.a(nrfx_pwm.c.obj)
 .text.nrfx_pwm_stop
                0x000076ac       0x2c modules/hal_nordic/nrfx/libmodules__hal_nordic__nrfx.a(nrfx_pwm.c.obj)
                0x000076ac                nrfx_pwm_stop
 .text.z_device_state_init
                0x000076d8        0x2 zephyr/kernel/libkernel.a(device.c.obj)
                0x000076d8                z_device_state_init
 .text.z_device_ready
                0x000076da       0x14 zephyr/kernel/libkernel.a(device.c.obj)
                0x000076da                z_device_ready
 .text.z_fatal_error
                0x000076ee       0x36 zephyr/kernel/libkernel.a(fatal.c.obj)
                0x000076ee                z_fatal_error
 .text.z_pm_save_idle_exit
                0x00007724        0xe zephyr/kernel/libkernel.a(idle.c.obj)
                0x00007724                z_pm_save_idle_exit
 .text.k_mem_slab_init
                0x00007732       0x36 zephyr/kernel/libkernel.a(mem_slab.c.obj)
                0x00007732                k_mem_slab_init
 .text.k_mem_slab_free
                0x00007768       0x52 zephyr/kernel/libkernel.a(mem_slab.c.obj)
                0x00007768                k_mem_slab_free
 .text.z_impl_k_mutex_init
                0x000077ba        0xe zephyr/kernel/libkernel.a(mutex.c.obj)
                0x000077ba                z_impl_k_mutex_init
 .text.sys_dlist_remove
                0x000077c8       0x10 zephyr/kernel/libkernel.a(sched.c.obj)
 .text.unpend_thread_no_timeout
                0x000077d8       0x14 zephyr/kernel/libkernel.a(sched.c.obj)
 .text.z_unpend_thread_no_timeout
                0x000077ec       0x20 zephyr/kernel/libkernel.a(sched.c.obj)
                0x000077ec                z_unpend_thread_no_timeout
 .text.z_reschedule_irqlock
                0x0000780c       0x18 zephyr/kernel/libkernel.a(sched.c.obj)
                0x0000780c                z_reschedule_irqlock
 .text.z_reschedule_unlocked
                0x00007824       0x14 zephyr/kernel/libkernel.a(sched.c.obj)
 .text.z_priq_dumb_best
                0x00007838       0x14 zephyr/kernel/libkernel.a(sched.c.obj)
                0x00007838                z_priq_dumb_best
 .text.z_ready_thread
                0x0000784c       0x20 zephyr/kernel/libkernel.a(sched.c.obj)
                0x0000784c                z_ready_thread
 .text.z_thread_timeout
                0x0000786c       0x44 zephyr/kernel/libkernel.a(sched.c.obj)
                0x0000786c                z_thread_timeout
 .text.add_to_waitq_locked
                0x000078b0       0x5a zephyr/kernel/libkernel.a(sched.c.obj)
 .text.z_unpend1_no_timeout
                0x0000790a       0x2a zephyr/kernel/libkernel.a(sched.c.obj)
                0x0000790a                z_unpend1_no_timeout
 .text.z_unpend_first_thread
                0x00007934       0x30 zephyr/kernel/libkernel.a(sched.c.obj)
                0x00007934                z_unpend_first_thread
 .text.z_impl_k_sem_init
                0x00007964       0x18 zephyr/kernel/libkernel.a(sem.c.obj)
                0x00007964                z_impl_k_sem_init
 .text.k_is_in_isr
                0x0000797c        0xc zephyr/kernel/libkernel.a(thread.c.obj)
                0x0000797c                k_is_in_isr
 .text.z_abort_timeout
                0x00007988       0x2c zephyr/kernel/libkernel.a(timeout.c.obj)
                0x00007988                z_abort_timeout
 .text.z_get_next_timeout_expiry
                0x000079b4       0x20 zephyr/kernel/libkernel.a(timeout.c.obj)
                0x000079b4                z_get_next_timeout_expiry
 .text.z_set_timeout_expiry
                0x000079d4       0x34 zephyr/kernel/libkernel.a(timeout.c.obj)
                0x000079d4                z_set_timeout_expiry
 .text.sys_clock_tick_get_32
                0x00007a08        0x8 zephyr/kernel/libkernel.a(timeout.c.obj)
                0x00007a08                sys_clock_tick_get_32
 .text.z_impl_k_uptime_ticks
                0x00007a10        0x4 zephyr/kernel/libkernel.a(timeout.c.obj)
                0x00007a10                z_impl_k_uptime_ticks
 .text.z_impl_k_busy_wait
                0x00007a14        0x8 zephyr/kernel/libkernel.a(timeout.c.obj)
                0x00007a14                z_impl_k_busy_wait
 .text.z_impl_k_timer_stop
                0x00007a1c       0x3a zephyr/kernel/libkernel.a(timer.c.obj)
                0x00007a1c                z_impl_k_timer_stop
 .text.k_heap_init
                0x00007a56       0x10 zephyr/kernel/libkernel.a(kheap.c.obj)
                0x00007a56                k_heap_init
 .text._OffsetAbsSyms
                0x00007a66        0x2 zephyr/CMakeFiles/offsets.dir/./arch/arm/core/offsets/offsets.c.obj
                0x00007a66                _OffsetAbsSyms
 *(SORT_BY_ALIGNMENT(.TEXT.*))
 .TEXT.z_arm_platform_init
                0x00007a68        0x4 zephyr/libzephyr.a(soc_nrf_common.S.obj)
                0x00007a68                z_arm_platform_init
 *(SORT_BY_ALIGNMENT(.gnu.linkonce.t.*))
 *(SORT_BY_ALIGNMENT(.glue_7t))
 .glue_7t       0x00007a6c        0x0 linker stubs
 *(SORT_BY_ALIGNMENT(.glue_7))
 .glue_7        0x00007a6c        0x0 linker stubs
 *(SORT_BY_ALIGNMENT(.vfp11_veneer))
 .vfp11_veneer  0x00007a6c        0x0 linker stubs
 *(SORT_BY_ALIGNMENT(.v4_bx))
 .v4_bx         0x00007a6c        0x0 linker stubs
                0x00007a6c                __text_region_end = .

.ARM.exidx      0x00007a6c        0x8
                0x00007a6c                __exidx_start = .
 *(SORT_BY_ALIGNMENT(.ARM.exidx*) SORT_BY_ALIGNMENT(gnu.linkonce.armexidx.*))
 .ARM.exidx     0x00007a6c        0x8 c:/users/gabi_/ncs/v1.9.1/toolchain/opt/bin/../lib/gcc/arm-none-eabi/9.2.1/thumb/v7e-m/nofp\libgcc.a(_udivmoddi4.o)
                0x00007a74                __exidx_end = .
                0x00007a74                __rodata_region_start = .

initlevel       0x00007a74       0x70
                0x00007a74                __init_start = .
                0x00007a74                __init_PRE_KERNEL_1_start = .
 *(SORT_BY_NAME(SORT_BY_ALIGNMENT(.z_init_PRE_KERNEL_1[0-9]_*)))
 .z_init_PRE_KERNEL_10_
                0x00007a74        0x8 zephyr/soc/arm/nordic_nrf/nrf52/libsoc__arm__nordic_nrf__nrf52.a(soc.c.obj)
 *(SORT_BY_NAME(SORT_BY_ALIGNMENT(.z_init_PRE_KERNEL_1[1-9][0-9]_*)))
 .z_init_PRE_KERNEL_130_
                0x00007a7c        0x8 zephyr/drivers/clock_control/libdrivers__clock_control.a(clock_control_nrf.c.obj)
 .z_init_PRE_KERNEL_130_
                0x00007a84        0x8 zephyr/kernel/libkernel.a(mem_slab.c.obj)
 .z_init_PRE_KERNEL_130_
                0x00007a8c        0x8 zephyr/kernel/libkernel.a(kheap.c.obj)
 .z_init_PRE_KERNEL_140_
                0x00007a94       0x10 zephyr/drivers/gpio/libdrivers__gpio.a(gpio_nrfx.c.obj)
 .z_init_PRE_KERNEL_140_
                0x00007aa4        0x8 modules/nrf/drivers/hw_cc310/lib..__nrf__drivers__hw_cc310.a(hw_cc310.c.obj)
 .z_init_PRE_KERNEL_155_
                0x00007aac       0x10 zephyr/drivers/serial/libdrivers__serial.a(uart_nrfx_uarte.c.obj)
 .z_init_PRE_KERNEL_160_
                0x00007abc        0x8 zephyr/drivers/console/libdrivers__console.a(uart_console.c.obj)
                0x00007ac4                __init_PRE_KERNEL_2_start = .
 *(SORT_BY_NAME(SORT_BY_ALIGNMENT(.z_init_PRE_KERNEL_2[0-9]_*)))
 .z_init_PRE_KERNEL_20_
                0x00007ac4        0x8 zephyr/drivers/timer/libdrivers__timer.a(nrf_rtc_timer.c.obj)
 *(SORT_BY_NAME(SORT_BY_ALIGNMENT(.z_init_PRE_KERNEL_2[1-9][0-9]_*)))
                0x00007acc                __init_POST_KERNEL_start = .
 *(SORT_BY_NAME(SORT_BY_ALIGNMENT(.z_init_POST_KERNEL[0-9]_*)))
 *(SORT_BY_NAME(SORT_BY_ALIGNMENT(.z_init_POST_KERNEL[1-9][0-9]_*)))
 .z_init_POST_KERNEL40_
                0x00007acc        0x8 modules/nrf/drivers/hw_cc310/lib..__nrf__drivers__hw_cc310.a(hw_cc310.c.obj)
 .z_init_POST_KERNEL50_
                0x00007ad4        0x8 zephyr/drivers/adc/libdrivers__adc.a(adc_nrfx_saadc.c.obj)
 .z_init_POST_KERNEL50_
                0x00007adc        0x8 zephyr/drivers/pwm/libdrivers__pwm.a(pwm_nrfx.c.obj)
                0x00007ae4                __init_APPLICATION_start = .
 *(SORT_BY_NAME(SORT_BY_ALIGNMENT(.z_init_APPLICATION[0-9]_*)))
 *(SORT_BY_NAME(SORT_BY_ALIGNMENT(.z_init_APPLICATION[1-9][0-9]_*)))
                0x00007ae4                __init_SMP_start = .
 *(SORT_BY_NAME(SORT_BY_ALIGNMENT(.z_init_SMP[0-9]_*)))
 *(SORT_BY_NAME(SORT_BY_ALIGNMENT(.z_init_SMP[1-9][0-9]_*)))
                0x00007ae4                __init_end = .

devices         0x00007ae4       0xa8
                0x00007ae4                __device_start = .
                0x00007ae4                __device_PRE_KERNEL_1_start = .
 *(SORT_BY_NAME(SORT_BY_ALIGNMENT(.z_device_PRE_KERNEL_1[0-9]_*)))
 *(SORT_BY_NAME(SORT_BY_ALIGNMENT(.z_device_PRE_KERNEL_1[1-9][0-9]_*)))
 .z_device_PRE_KERNEL_130_
                0x00007ae4       0x18 zephyr/drivers/clock_control/libdrivers__clock_control.a(clock_control_nrf.c.obj)
                0x00007ae4                __device_dts_ord_27
 .z_device_PRE_KERNEL_140_
                0x00007afc       0x30 zephyr/drivers/gpio/libdrivers__gpio.a(gpio_nrfx.c.obj)
                0x00007afc                __device_dts_ord_11
                0x00007b14                __device_dts_ord_54
 .z_device_PRE_KERNEL_155_
                0x00007b2c       0x30 zephyr/drivers/serial/libdrivers__serial.a(uart_nrfx_uarte.c.obj)
                0x00007b2c                __device_dts_ord_63
                0x00007b44                __device_dts_ord_62
                0x00007b5c                __device_PRE_KERNEL_2_start = .
 *(SORT_BY_NAME(SORT_BY_ALIGNMENT(.z_device_PRE_KERNEL_2[0-9]_*)))
 *(SORT_BY_NAME(SORT_BY_ALIGNMENT(.z_device_PRE_KERNEL_2[1-9][0-9]_*)))
                0x00007b5c                __device_POST_KERNEL_start = .
 *(SORT_BY_NAME(SORT_BY_ALIGNMENT(.z_device_POST_KERNEL[0-9]_*)))
 *(SORT_BY_NAME(SORT_BY_ALIGNMENT(.z_device_POST_KERNEL[1-9][0-9]_*)))
 .z_device_POST_KERNEL50_
                0x00007b5c       0x18 zephyr/drivers/adc/libdrivers__adc.a(adc_nrfx_saadc.c.obj)
                0x00007b5c                __device_dts_ord_26
 .z_device_POST_KERNEL50_
                0x00007b74       0x18 zephyr/drivers/pwm/libdrivers__pwm.a(pwm_nrfx.c.obj)
                0x00007b74                __device_dts_ord_24
                0x00007b8c                __device_APPLICATION_start = .
 *(SORT_BY_NAME(SORT_BY_ALIGNMENT(.z_device_APPLICATION[0-9]_*)))
 *(SORT_BY_NAME(SORT_BY_ALIGNMENT(.z_device_APPLICATION[1-9][0-9]_*)))
                0x00007b8c                __device_SMP_start = .
 *(SORT_BY_NAME(SORT_BY_ALIGNMENT(.z_device_SMP[0-9]_*)))
 *(SORT_BY_NAME(SORT_BY_ALIGNMENT(.z_device_SMP[1-9][0-9]_*)))
                0x00007b8c                __device_end = .

sw_isr_table    0x00007b8c      0x180
                0x00007b8c                . = ALIGN (0x0)
 *(SORT_BY_ALIGNMENT(.gnu.linkonce.sw_isr_table*))
 .gnu.linkonce.sw_isr_table
                0x00007b8c      0x180 zephyr/arch/common/libisr_tables.a(isr_tables.c.obj)
                0x00007b8c                _sw_isr_table

initlevel_error
                0x00007a74        0x0
 *(SORT_BY_NAME(SORT_BY_ALIGNMENT(.z_init_[_A-Z0-9]*)))
                0x00000001                ASSERT ((SIZEOF (initlevel_error) == 0x0), Undefined initialization levels used.)

app_shmem_regions
                0x00007d0c        0x0
                0x00007d0c                __app_shmem_regions_start = .
 *(SORT_BY_NAME(SORT_BY_ALIGNMENT(.app_regions.*)))
                0x00007d0c                __app_shmem_regions_end = .

bt_l2cap_fixed_chan_area
                0x00007d0c        0x0
                0x00007d0c                _bt_l2cap_fixed_chan_list_start = .
 *(SORT_BY_NAME(SORT_BY_ALIGNMENT(._bt_l2cap_fixed_chan.static.*)))
                0x00007d0c                _bt_l2cap_fixed_chan_list_end = .

bt_gatt_service_static_area
                0x00007d0c        0x0
                0x00007d0c                _bt_gatt_service_static_list_start = .
 *(SORT_BY_NAME(SORT_BY_ALIGNMENT(._bt_gatt_service_static.static.*)))
                0x00007d0c                _bt_gatt_service_static_list_end = .

k_p4wq_initparam_area
                0x00007d0c        0x0
                0x00007d0c                _k_p4wq_initparam_list_start = .
 *(SORT_BY_NAME(SORT_BY_ALIGNMENT(._k_p4wq_initparam.static.*)))
                0x00007d0c                _k_p4wq_initparam_list_end = .

log_strings_sections
                0x00007d0c        0x0
                0x00007d0c                __log_strings_start = .
 *(SORT_BY_NAME(SORT_BY_ALIGNMENT(.log_strings*)))
                0x00007d0c                __log_strings_end = .

log_const_sections
                0x00007d0c        0x0
                0x00007d0c                __log_const_start = .
 *(SORT_BY_NAME(SORT_BY_ALIGNMENT(.log_const_*)))
                0x00007d0c                __log_const_end = .

log_backends_sections
                0x00007d0c        0x0
                0x00007d0c                __log_backends_start = .
 *(SORT_BY_ALIGNMENT(._log_backend.*))
                0x00007d0c                __log_backends_end = .

shell_area      0x00007d0c        0x0
                0x00007d0c                _shell_list_start = .
 *(SORT_BY_NAME(SORT_BY_ALIGNMENT(._shell.static.*)))
                0x00007d0c                _shell_list_end = .

shell_root_cmds_sections
                0x00007d0c        0x0
                0x00007d0c                __shell_root_cmds_start = .
 *(SORT_BY_NAME(SORT_BY_ALIGNMENT(.shell_root_cmd_*)))
                0x00007d0c                __shell_root_cmds_end = .

font_entry_sections
                0x00007d0c        0x0
                0x00007d0c                __font_entry_start = .
 *(SORT_BY_NAME(SORT_BY_ALIGNMENT(._cfb_font.*)))
                0x00007d0c                __font_entry_end = .

tracing_backend_area
                0x00007d0c        0x0
                0x00007d0c                _tracing_backend_list_start = .
 *(SORT_BY_NAME(SORT_BY_ALIGNMENT(._tracing_backend.static.*)))
                0x00007d0c                _tracing_backend_list_end = .

zephyr_dbg_info
 *(SORT_BY_ALIGNMENT(.dbg_thread_info))

device_handles  0x00007d0c       0x2a
                0x00007d0c                __device_handles_start = .
 *(SORT_BY_NAME(SORT_BY_ALIGNMENT(.__device_handles_pass2*)))
 .__device_handles_pass2
                0x00007d0c       0x2a zephyr/CMakeFiles/zephyr_pre1.dir/dev_handles.c.obj
                0x00007d0c                __devicehdl_DT_N_S_soc_S_pwm_4001c000
                0x00007d12                __devicehdl_DT_N_S_soc_S_adc_40007000
                0x00007d18                __devicehdl_DT_N_S_soc_S_uart_40002000
                0x00007d1e                __devicehdl_DT_N_S_soc_S_uart_40028000
                0x00007d24                __devicehdl_DT_N_S_soc_S_gpio_50000300
                0x00007d2a                __devicehdl_DT_N_S_soc_S_gpio_50000000
                0x00007d30                __devicehdl_DT_N_S_soc_S_clock_40000000
                0x00007d36                __device_handles_end = .

rodata          0x00007d40      0x7bc
 *(SORT_BY_ALIGNMENT(.rodata))
 *(SORT_BY_ALIGNMENT(.rodata.*))
 .rodata.delay_machine_code.12373
                0x00007d40        0x6 zephyr/soc/arm/nordic_nrf/nrf52/libsoc__arm__nordic_nrf__nrf52.a(soc.c.obj)
 *fill*         0x00007d46        0x2 
 .rodata.apis   0x00007d48        0x8 zephyr/libzephyr.a(nrf_cc3xx_platform_abort_zephyr.c.obj)
 .rodata.mutex_apis
                0x00007d50       0x10 zephyr/libzephyr.a(nrf_cc3xx_platform_mutex_zephyr.c.obj)
 .rodata.mutexes
                0x00007d60       0x14 zephyr/libzephyr.a(nrf_cc3xx_platform_mutex_zephyr.c.obj)
 .rodata.static_regions
                0x00007d74        0xc zephyr/arch/arch/arm/core/aarch32/mpu/libarch__arm__core__aarch32__mpu.a(arm_core_mpu.c.obj)
 .rodata.mpu_config
                0x00007d80        0x8 zephyr/soc/arm/common/cortex_m/libsoc__arm__common__cortex_m.a(arm_mpu_regions.c.obj)
                0x00007d80                mpu_config
 .rodata.mpu_regions
                0x00007d88       0x18 zephyr/soc/arm/common/cortex_m/libsoc__arm__common__cortex_m.a(arm_mpu_regions.c.obj)
 .rodata.adc_nrfx_driver_api
                0x00007da0        0xc zephyr/drivers/adc/libdrivers__adc.a(adc_nrfx_saadc.c.obj)
 .rodata.clock_control_api
                0x00007dac       0x18 zephyr/drivers/clock_control/libdrivers__clock_control.a(clock_control_nrf.c.obj)
 .rodata.config
                0x00007dc4       0x10 zephyr/drivers/clock_control/libdrivers__clock_control.a(clock_control_nrf.c.obj)
 .rodata.transitions.11131
                0x00007dd4        0xc zephyr/drivers/clock_control/libdrivers__clock_control.a(clock_control_nrf.c.obj)
 .rodata.gpio_nrfx_drv_api_funcs
                0x00007de0       0x24 zephyr/drivers/gpio/libdrivers__gpio.a(gpio_nrfx.c.obj)
 .rodata.gpio_nrfx_p0_cfg
                0x00007e04       0x10 zephyr/drivers/gpio/libdrivers__gpio.a(gpio_nrfx.c.obj)
 .rodata.gpio_nrfx_p1_cfg
                0x00007e14       0x10 zephyr/drivers/gpio/libdrivers__gpio.a(gpio_nrfx.c.obj)
 .rodata.pwm_nrfx_0config
                0x00007e24       0x28 zephyr/drivers/pwm/libdrivers__pwm.a(pwm_nrfx.c.obj)
 .rodata.pwm_nrfx_drv_api_funcs
                0x00007e4c        0x8 zephyr/drivers/pwm/libdrivers__pwm.a(pwm_nrfx.c.obj)
 .rodata.uart_nrfx_uarte_driver_api
                0x00007e54       0x4c zephyr/drivers/serial/libdrivers__serial.a(uart_nrfx_uarte.c.obj)
 .rodata.uarte_0z_config
                0x00007ea0       0x20 zephyr/drivers/serial/libdrivers__serial.a(uart_nrfx_uarte.c.obj)
 .rodata.uarte_1z_config
                0x00007ec0       0x20 zephyr/drivers/serial/libdrivers__serial.a(uart_nrfx_uarte.c.obj)
 .rodata.levels.9396
                0x00007ee0       0x14 zephyr/kernel/libkernel.a(device.c.obj)
 .rodata._k_neg_eagain
                0x00007ef4        0x4 zephyr/kernel/libkernel.a(errno.c.obj)
                0x00007ef4                _k_neg_eagain
 .rodata.CSWTCH.8
                0x00007ef8       0x1c C:/Users/gabi_/ncs/v1.9.1/nrfxlib/crypto/nrf_cc310_platform/lib/cortex-m4/soft-float/no-interrupts/libnrf_cc310_platform_0.9.13.a(nrf_cc3xx_platform.c.obj)
 .rodata.mutex_free.str1.4
                0x00007f14       0x26 C:/Users/gabi_/ncs/v1.9.1/nrfxlib/crypto/nrf_cc310_platform/lib/cortex-m4/soft-float/no-interrupts/libnrf_cc310_platform_0.9.13.a(nrf_cc3xx_platform_mutex.c.obj)
 *fill*         0x00007f3a        0x2 
 .rodata.mutex_init.str1.4
                0x00007f3c       0x23 C:/Users/gabi_/ncs/v1.9.1/nrfxlib/crypto/nrf_cc310_platform/lib/cortex-m4/soft-float/no-interrupts/libnrf_cc310_platform_0.9.13.a(nrf_cc3xx_platform_mutex.c.obj)
 *fill*         0x00007f5f        0x1 
 .rodata.CC_PalPowerSaveModeInit.str1.4
                0x00007f60       0x20 C:/Users/gabi_/ncs/v1.9.1/nrfxlib/crypto/nrf_cc310_platform/lib/cortex-m4/soft-float/no-interrupts/libnrf_cc310_platform_0.9.13.a(cc_pal_pm.c.obj)
 .rodata.my_channel_cfg
                0x00007f80        0x8 app/libapp.a(main.c.obj)
 .rodata.manual_out_thread_code.str1.1
                0x00007f88       0x3e app/libapp.a(main.c.obj)
 .rodata.action_thread_code.str1.1
                0x00007fc6      0x125 app/libapp.a(main.c.obj)
 .rodata.auto_out_thread_code.str1.1
                0x000080eb       0x42 app/libapp.a(main.c.obj)
 .rodata.calendar_thread_code.str1.1
                0x0000812d       0x48 app/libapp.a(main.c.obj)
 .rodata.read_thread_code.str1.1
                0x00008175       0xb0 app/libapp.a(main.c.obj)
 .rodata.conf.str1.1
                0x00008225       0xa8 app/libapp.a(main.c.obj)
 .rodata.adc_setup.str1.1
                0x000082cd       0x58 app/libapp.a(main.c.obj)
 .rodata.main.str1.1
                0x00008325       0xbf app/libapp.a(main.c.obj)
 .rodata.prompt
                0x000083e4       0x1d app/libapp.a(main.c.obj)
 .rodata.cbvprintf.str1.1
                0x00008401        0x6 zephyr/libzephyr.a(cbprintf_complete.c.obj)
 .rodata.mutex_free_platform.str1.1
                0x00008407       0x26 zephyr/libzephyr.a(nrf_cc3xx_platform_mutex_zephyr.c.obj)
 .rodata.mutex_init_platform.str1.1
                0x0000842d       0x2d zephyr/libzephyr.a(nrf_cc3xx_platform_mutex_zephyr.c.obj)
 .rodata.sys_reboot.str1.1
                0x0000845a       0x29 zephyr/libzephyr.a(reboot.c.obj)
 .rodata.str1.1
                0x00008483        0xf zephyr/soc/arm/common/cortex_m/libsoc__arm__common__cortex_m.a(arm_mpu_regions.c.obj)
 .rodata.CSWTCH.9
                0x00008492        0x6 zephyr/soc/arm/nordic_nrf/nrf52/libsoc__arm__nordic_nrf__nrf52.a(soc.c.obj)
 .rodata.str1.1
                0x00008498        0x6 zephyr/drivers/adc/libdrivers__adc.a(adc_nrfx_saadc.c.obj)
 .rodata.str1.1
                0x00008498        0x6 zephyr/drivers/clock_control/libdrivers__clock_control.a(clock_control_nrf.c.obj)
 .rodata.str1.1
                0x0000849e        0x7 zephyr/drivers/gpio/libdrivers__gpio.a(gpio_nrfx.c.obj)
                                  0xe (size before relaxing)
 .rodata.str1.1
                0x000084a5        0x6 zephyr/drivers/pwm/libdrivers__pwm.a(pwm_nrfx.c.obj)
 .rodata.str1.1
                0x000084a5        0xe zephyr/drivers/serial/libdrivers__serial.a(uart_nrfx_uarte.c.obj)
 .rodata.CSWTCH.14
                0x000084b3        0x6 modules/hal_nordic/nrfx/libmodules__hal_nordic__nrfx.a(system_nrf52840.c.obj)
 .rodata.CSWTCH.5
                0x000084b9        0x6 modules/hal_nordic/nrfx/libmodules__hal_nordic__nrfx.a(system_nrf52840.c.obj)
 .rodata.z_cstart.str1.1
                0x000084bf        0x5 zephyr/kernel/libkernel.a(init.c.obj)
 .rodata.boot_banner.str1.1
                0x000084c4       0x36 zephyr/kernel/libkernel.a(banner.c.obj)
                                 0x37 (size before relaxing)
 *(SORT_BY_ALIGNMENT(.gnu.linkonce.r.*))
                0x000084fc                . = ALIGN (0x4)
 *fill*         0x000084fa        0x2 
                0x000084fc                __rodata_region_end = .
                0x00008500                . = ALIGN (_region_min_align)
                0x00010000                . = ALIGN ((0x1 << ((__rodata_region_end - __rom_region_start) <= 0x4)?0x2:((__rodata_region_end - __rom_region_start) <= 0x8)?0x3:((__rodata_region_end - __rom_region_start) <= 0x10)?0x4:((__rodata_region_end - __rom_region_start) <= 0x20)?0x5:((__rodata_region_end - __rom_region_start) <= 0x40)?0x6:((__rodata_region_end - __rom_region_start) <= 0x80)?0x7:((__rodata_region_end - __rom_region_start) <= 0x100)?0x8:((__rodata_region_end - __rom_region_start) <= 0x200)?0x9:((__rodata_region_end - __rom_region_start) <= 0x400)?0xa:((__rodata_region_end - __rom_region_start) <= 0x800)?0xb:((__rodata_region_end - __rom_region_start) <= 0x1000)?0xc:((__rodata_region_end - __rom_region_start) <= 0x2000)?0xd:((__rodata_region_end - __rom_region_start) <= 0x4000)?0xe:((__rodata_region_end - __rom_region_start) <= 0x8000)?0xf:((__rodata_region_end - __rom_region_start) <= 0x10000)?0x10:((__rodata_region_end - __rom_region_start) <= 0x20000)?0x11:((__rodata_region_end - __rom_region_start) <= 0x40000)?0x12:((__rodata_region_end - __rom_region_start) <= 0x80000)?0x13:((__rodata_region_end - __rom_region_start) <= 0x100000)?0x14:((__rodata_region_end - __rom_region_start) <= 0x200000)?0x15:((__rodata_region_end - __rom_region_start) <= 0x400000)?0x16:((__rodata_region_end - __rom_region_start) <= 0x800000)?0x17:((__rodata_region_end - __rom_region_start) <= 0x1000000)?0x18:((__rodata_region_end - __rom_region_start) <= 0x2000000)?0x19:((__rodata_region_end - __rom_region_start) <= 0x4000000)?0x1a:((__rodata_region_end - __rom_region_start) <= 0x8000000)?0x1b:((__rodata_region_end - __rom_region_start) <= 0x10000000)?0x1c:((__rodata_region_end - __rom_region_start) <= 0x20000000)?0x1d:((__rodata_region_end - __rom_region_start) <= 0x40000000)?0x1e:((__rodata_region_end - __rom_region_start) <= 0x80000000)?0x1f:0x20))
                0x00010000                __rom_region_end = .
                0x20000000                . = 0x20000000
                0x20000000                . = ALIGN (_region_min_align)
                0x20000000                _image_ram_start = .

.ramfunc        0x20000000        0x0 load address 0x000084fc
                0x20000000                . = ALIGN (_region_min_align)
                0x20000000                . = ALIGN ((0x1 << (__ramfunc_size <= 0x4)?0x2:(__ramfunc_size <= 0x8)?0x3:(__ramfunc_size <= 0x10)?0x4:(__ramfunc_size <= 0x20)?0x5:(__ramfunc_size <= 0x40)?0x6:(__ramfunc_size <= 0x80)?0x7:(__ramfunc_size <= 0x100)?0x8:(__ramfunc_size <= 0x200)?0x9:(__ramfunc_size <= 0x400)?0xa:(__ramfunc_size <= 0x800)?0xb:(__ramfunc_size <= 0x1000)?0xc:(__ramfunc_size <= 0x2000)?0xd:(__ramfunc_size <= 0x4000)?0xe:(__ramfunc_size <= 0x8000)?0xf:(__ramfunc_size <= 0x10000)?0x10:(__ramfunc_size <= 0x20000)?0x11:(__ramfunc_size <= 0x40000)?0x12:(__ramfunc_size <= 0x80000)?0x13:(__ramfunc_size <= 0x100000)?0x14:(__ramfunc_size <= 0x200000)?0x15:(__ramfunc_size <= 0x400000)?0x16:(__ramfunc_size <= 0x800000)?0x17:(__ramfunc_size <= 0x1000000)?0x18:(__ramfunc_size <= 0x2000000)?0x19:(__ramfunc_size <= 0x4000000)?0x1a:(__ramfunc_size <= 0x8000000)?0x1b:(__ramfunc_size <= 0x10000000)?0x1c:(__ramfunc_size <= 0x20000000)?0x1d:(__ramfunc_size <= 0x40000000)?0x1e:(__ramfunc_size <= 0x80000000)?0x1f:0x20))
                0x20000000                __ramfunc_start = .
 *(SORT_BY_ALIGNMENT(.ramfunc))
 *(SORT_BY_ALIGNMENT(.ramfunc.*))
                0x20000000                . = ALIGN (_region_min_align)
                0x20000000                . = ALIGN ((0x1 << (__ramfunc_size <= 0x4)?0x2:(__ramfunc_size <= 0x8)?0x3:(__ramfunc_size <= 0x10)?0x4:(__ramfunc_size <= 0x20)?0x5:(__ramfunc_size <= 0x40)?0x6:(__ramfunc_size <= 0x80)?0x7:(__ramfunc_size <= 0x100)?0x8:(__ramfunc_size <= 0x200)?0x9:(__ramfunc_size <= 0x400)?0xa:(__ramfunc_size <= 0x800)?0xb:(__ramfunc_size <= 0x1000)?0xc:(__ramfunc_size <= 0x2000)?0xd:(__ramfunc_size <= 0x4000)?0xe:(__ramfunc_size <= 0x8000)?0xf:(__ramfunc_size <= 0x10000)?0x10:(__ramfunc_size <= 0x20000)?0x11:(__ramfunc_size <= 0x40000)?0x12:(__ramfunc_size <= 0x80000)?0x13:(__ramfunc_size <= 0x100000)?0x14:(__ramfunc_size <= 0x200000)?0x15:(__ramfunc_size <= 0x400000)?0x16:(__ramfunc_size <= 0x800000)?0x17:(__ramfunc_size <= 0x1000000)?0x18:(__ramfunc_size <= 0x2000000)?0x19:(__ramfunc_size <= 0x4000000)?0x1a:(__ramfunc_size <= 0x8000000)?0x1b:(__ramfunc_size <= 0x10000000)?0x1c:(__ramfunc_size <= 0x20000000)?0x1d:(__ramfunc_size <= 0x40000000)?0x1e:(__ramfunc_size <= 0x80000000)?0x1f:0x20))
                0x20000000                __ramfunc_end = .
                0x00000000                __ramfunc_size = (__ramfunc_end - __ramfunc_start)
                0x000084fc                __ramfunc_load_start = LOADADDR (.ramfunc)

datas           0x20000000      0x214 load address 0x000084fc
                0x20000000                __data_region_start = .
                0x20000000                __data_start = .
 *(SORT_BY_ALIGNMENT(.data))
 *(SORT_BY_ALIGNMENT(.data.*))
 .data.m_data   0x20000000       0x98 zephyr/drivers/adc/libdrivers__adc.a(adc_nrfx_saadc.c.obj)
 .data.ON_flag  0x20000098        0x4 app/libapp.a(main.c.obj)
                0x20000098                ON_flag
 .data.print_flag
                0x2000009c        0x4 app/libapp.a(main.c.obj)
                0x2000009c                print_flag
 .data.pwmPeriod_us
                0x200000a0        0x4 app/libapp.a(main.c.obj)
                0x200000a0                pwmPeriod_us
 .data.asym_mutex
                0x200000a4        0x8 zephyr/libzephyr.a(nrf_cc3xx_platform_mutex_zephyr.c.obj)
 .data.power_mutex
                0x200000ac        0x8 zephyr/libzephyr.a(nrf_cc3xx_platform_mutex_zephyr.c.obj)
 .data.rng_mutex
                0x200000b4        0x8 zephyr/libzephyr.a(nrf_cc3xx_platform_mutex_zephyr.c.obj)
 .data.sym_mutex
                0x200000bc        0x8 zephyr/libzephyr.a(nrf_cc3xx_platform_mutex_zephyr.c.obj)
 .data._char_out
                0x200000c4        0x4 zephyr/libzephyr.a(printk.c.obj)
                0x200000c4                _char_out
 .data._stdout_hook
                0x200000c8        0x4 zephyr/lib/libc/minimal/liblib__libc__minimal.a(stdout_console.c.obj)
 .data.debug_hook_out
                0x200000cc        0x4 zephyr/drivers/console/libdrivers__console.a(uart_console.c.obj)
 .data.uarte0_int_driven
                0x200000d0       0x14 zephyr/drivers/serial/libdrivers__serial.a(uart_nrfx_uarte.c.obj)
 .data.uarte1_int_driven
                0x200000e4       0x14 zephyr/drivers/serial/libdrivers__serial.a(uart_nrfx_uarte.c.obj)
 .data.uarte_0_data
                0x200000f8       0x18 zephyr/drivers/serial/libdrivers__serial.a(uart_nrfx_uarte.c.obj)
 .data.uarte_1_data
                0x20000110       0x18 zephyr/drivers/serial/libdrivers__serial.a(uart_nrfx_uarte.c.obj)
 .data.m_cb     0x20000128       0x7c modules/hal_nordic/nrfx/libmodules__hal_nordic__nrfx.a(nrfx_gpiote.c.obj)
 .data.m_channels_allocated
                0x200001a4        0x4 modules/hal_nordic/nrfx/libmodules__hal_nordic__nrfx.a(nrfx_ppi.c.obj)
 .data.SystemCoreClock
                0x200001a8        0x4 modules/hal_nordic/nrfx/libmodules__hal_nordic__nrfx.a(system_nrf52840.c.obj)
                0x200001a8                SystemCoreClock
 .data.timeout_list
                0x200001ac        0x8 zephyr/kernel/libkernel.a(timeout.c.obj)
 .data.platform_abort_apis
                0x200001b4        0x8 C:/Users/gabi_/ncs/v1.9.1/nrfxlib/crypto/nrf_cc310_platform/lib/cortex-m4/soft-float/no-interrupts/libnrf_cc310_platform_0.9.13.a(nrf_cc3xx_platform_abort.c.obj)
                0x200001b4                platform_abort_apis
 .data.asym_mutex
                0x200001bc        0x8 C:/Users/gabi_/ncs/v1.9.1/nrfxlib/crypto/nrf_cc310_platform/lib/cortex-m4/soft-float/no-interrupts/libnrf_cc310_platform_0.9.13.a(nrf_cc3xx_platform_mutex.c.obj)
 .data.platform_mutex_apis
                0x200001c4       0x10 C:/Users/gabi_/ncs/v1.9.1/nrfxlib/crypto/nrf_cc310_platform/lib/cortex-m4/soft-float/no-interrupts/libnrf_cc310_platform_0.9.13.a(nrf_cc3xx_platform_mutex.c.obj)
                0x200001c4                platform_mutex_apis
 .data.platform_mutexes
                0x200001d4       0x14 C:/Users/gabi_/ncs/v1.9.1/nrfxlib/crypto/nrf_cc310_platform/lib/cortex-m4/soft-float/no-interrupts/libnrf_cc310_platform_0.9.13.a(nrf_cc3xx_platform_mutex.c.obj)
                0x200001d4                platform_mutexes
 .data.power_mutex
                0x200001e8        0x8 C:/Users/gabi_/ncs/v1.9.1/nrfxlib/crypto/nrf_cc310_platform/lib/cortex-m4/soft-float/no-interrupts/libnrf_cc310_platform_0.9.13.a(nrf_cc3xx_platform_mutex.c.obj)
 .data.rng_mutex
                0x200001f0        0x8 C:/Users/gabi_/ncs/v1.9.1/nrfxlib/crypto/nrf_cc310_platform/lib/cortex-m4/soft-float/no-interrupts/libnrf_cc310_platform_0.9.13.a(nrf_cc3xx_platform_mutex.c.obj)
 .data.sym_mutex
                0x200001f8        0x8 C:/Users/gabi_/ncs/v1.9.1/nrfxlib/crypto/nrf_cc310_platform/lib/cortex-m4/soft-float/no-interrupts/libnrf_cc310_platform_0.9.13.a(nrf_cc3xx_platform_mutex.c.obj)
 .data.CCAsymCryptoMutex
                0x20000200        0x4 C:/Users/gabi_/ncs/v1.9.1/nrfxlib/crypto/nrf_cc310_platform/lib/cortex-m4/soft-float/no-interrupts/libnrf_cc310_platform_0.9.13.a(cc_pal.c.obj)
                0x20000200                CCAsymCryptoMutex
 .data.CCPowerMutex
                0x20000204        0x4 C:/Users/gabi_/ncs/v1.9.1/nrfxlib/crypto/nrf_cc310_platform/lib/cortex-m4/soft-float/no-interrupts/libnrf_cc310_platform_0.9.13.a(cc_pal.c.obj)
                0x20000204                CCPowerMutex
 .data.CCRndCryptoMutex
                0x20000208        0x4 C:/Users/gabi_/ncs/v1.9.1/nrfxlib/crypto/nrf_cc310_platform/lib/cortex-m4/soft-float/no-interrupts/libnrf_cc310_platform_0.9.13.a(cc_pal.c.obj)
                0x20000208                CCRndCryptoMutex
 .data.CCSymCryptoMutex
                0x2000020c        0x4 C:/Users/gabi_/ncs/v1.9.1/nrfxlib/crypto/nrf_cc310_platform/lib/cortex-m4/soft-float/no-interrupts/libnrf_cc310_platform_0.9.13.a(cc_pal.c.obj)
                0x2000020c                CCSymCryptoMutex
 .data.pCCRndCryptoMutex
                0x20000210        0x4 C:/Users/gabi_/ncs/v1.9.1/nrfxlib/crypto/nrf_cc310_platform/lib/cortex-m4/soft-float/no-interrupts/libnrf_cc310_platform_0.9.13.a(cc_pal.c.obj)
                0x20000210                pCCRndCryptoMutex
 *(SORT_BY_ALIGNMENT(.kernel.*))
                0x20000214                __data_end = .
                0x00000214                __data_size = (__data_end - __data_start)
                0x000084fc                __data_load_start = LOADADDR (datas)
                0x000084fc                __data_region_load_start = LOADADDR (datas)

device_states   0x20000214       0x1c load address 0x00008710
                0x20000214                __device_states_start = .
 *(SORT_BY_ALIGNMENT(.z_devstate))
 .z_devstate    0x20000214        0x4 zephyr/drivers/adc/libdrivers__adc.a(adc_nrfx_saadc.c.obj)
 .z_devstate    0x20000218        0x4 zephyr/drivers/clock_control/libdrivers__clock_control.a(clock_control_nrf.c.obj)
 .z_devstate    0x2000021c        0x8 zephyr/drivers/gpio/libdrivers__gpio.a(gpio_nrfx.c.obj)
 .z_devstate    0x20000224        0x4 zephyr/drivers/pwm/libdrivers__pwm.a(pwm_nrfx.c.obj)
 .z_devstate    0x20000228        0x8 zephyr/drivers/serial/libdrivers__serial.a(uart_nrfx_uarte.c.obj)
 *(SORT_BY_ALIGNMENT(.z_devstate.*))
                0x20000230                __device_states_end = .

initshell       0x20000230        0x0 load address 0x0000872c
                0x20000230                __shell_module_start = .
 *(SORT_BY_ALIGNMENT(.shell_module_*))
                0x20000230                __shell_module_end = .
                0x20000230                __shell_cmd_start = .
 *(SORT_BY_ALIGNMENT(.shell_cmd_*))
                0x20000230                __shell_cmd_end = .

log_dynamic_sections
                0x20000230        0x0 load address 0x0000872c
                0x20000230                __log_dynamic_start = .
 *(SORT_BY_NAME(SORT_BY_ALIGNMENT(.log_dynamic_*)))
                0x20000230                __log_dynamic_end = .

_static_thread_data_area
                0x20000230        0x0 load address 0x0000872c
                0x20000230                __static_thread_data_list_start = .
 *(SORT_BY_NAME(SORT_BY_ALIGNMENT(.__static_thread_data.static.*)))
                0x20000230                __static_thread_data_list_end = .

k_timer_area    0x20000230        0x0 load address 0x0000872c
                0x20000230                _k_timer_list_start = .
 *(SORT_BY_NAME(SORT_BY_ALIGNMENT(._k_timer.static.*)))
                0x20000230                _k_timer_list_end = .

k_mem_slab_area
                0x20000230        0x0 load address 0x0000872c
                0x20000230                _k_mem_slab_list_start = .
 *(SORT_BY_NAME(SORT_BY_ALIGNMENT(._k_mem_slab.static.*)))
                0x20000230                _k_mem_slab_list_end = .

k_mem_pool_area
                0x20000230        0x0 load address 0x0000872c
                0x20000230                _k_mem_pool_list_start = .
 *(SORT_BY_NAME(SORT_BY_ALIGNMENT(._k_mem_pool.static.*)))
                0x20000230                _k_mem_pool_list_end = .

k_heap_area     0x20000230        0x0 load address 0x0000872c
                0x20000230                _k_heap_list_start = .
 *(SORT_BY_NAME(SORT_BY_ALIGNMENT(._k_heap.static.*)))
                0x20000230                _k_heap_list_end = .

k_mutex_area    0x20000230       0x50 load address 0x0000872c
                0x20000230                _k_mutex_list_start = .
 *(SORT_BY_NAME(SORT_BY_ALIGNMENT(._k_mutex.static.*)))
 ._k_mutex.static.asym_mutex_int
                0x20000230       0x14 zephyr/libzephyr.a(nrf_cc3xx_platform_mutex_zephyr.c.obj)
                0x20000230                asym_mutex_int
 ._k_mutex.static.power_mutex_int
                0x20000244       0x14 zephyr/libzephyr.a(nrf_cc3xx_platform_mutex_zephyr.c.obj)
                0x20000244                power_mutex_int
 ._k_mutex.static.rng_mutex_int
                0x20000258       0x14 zephyr/libzephyr.a(nrf_cc3xx_platform_mutex_zephyr.c.obj)
                0x20000258                rng_mutex_int
 ._k_mutex.static.sym_mutex_int
                0x2000026c       0x14 zephyr/libzephyr.a(nrf_cc3xx_platform_mutex_zephyr.c.obj)
                0x2000026c                sym_mutex_int
                0x20000280                _k_mutex_list_end = .

k_stack_area    0x20000280        0x0 load address 0x0000877c
                0x20000280                _k_stack_list_start = .
 *(SORT_BY_NAME(SORT_BY_ALIGNMENT(._k_stack.static.*)))
                0x20000280                _k_stack_list_end = .

k_msgq_area     0x20000280        0x0 load address 0x0000877c
                0x20000280                _k_msgq_list_start = .
 *(SORT_BY_NAME(SORT_BY_ALIGNMENT(._k_msgq.static.*)))
                0x20000280                _k_msgq_list_end = .

k_mbox_area     0x20000280        0x0 load address 0x0000877c
                0x20000280                _k_mbox_list_start = .
 *(SORT_BY_NAME(SORT_BY_ALIGNMENT(._k_mbox.static.*)))
                0x20000280                _k_mbox_list_end = .

k_pipe_area     0x20000280        0x0 load address 0x0000877c
                0x20000280                _k_pipe_list_start = .
 *(SORT_BY_NAME(SORT_BY_ALIGNMENT(._k_pipe.static.*)))
                0x20000280                _k_pipe_list_end = .

k_sem_area      0x20000280        0x0 load address 0x0000877c
                0x20000280                _k_sem_list_start = .
 *(SORT_BY_NAME(SORT_BY_ALIGNMENT(._k_sem.static.*)))
                0x20000280                _k_sem_list_end = .

k_event_area    0x20000280        0x0 load address 0x0000877c
                0x20000280                _k_event_list_start = .
 *(SORT_BY_NAME(SORT_BY_ALIGNMENT(._k_event.static.*)))
                0x20000280                _k_event_list_end = .

k_queue_area    0x20000280        0x0 load address 0x0000877c
                0x20000280                _k_queue_list_start = .
 *(SORT_BY_NAME(SORT_BY_ALIGNMENT(._k_queue.static.*)))
                0x20000280                _k_queue_list_end = .

k_condvar_area  0x20000280        0x0 load address 0x0000877c
                0x20000280                _k_condvar_list_start = .